C:\Personal projects\Edrum\nxp\rt1064\testing_new_ide_version\MIMXRT1064_Project\drivers/fsl_common_arm.h:225:20:_SDK_AtomicLocalClearAndSet4Byte	48	static
C:\Personal projects\Edrum\nxp\rt1064\testing_new_ide_version\MIMXRT1064_Project\drivers/fsl_clock.h:1408:20:CLOCK_SetMux	24	static
C:\Personal projects\Edrum\nxp\rt1064\testing_new_ide_version\MIMXRT1064_Project\drivers/fsl_clock.h:1461:20:CLOCK_SetDiv	24	static
C:\Personal projects\Edrum\nxp\rt1064\testing_new_ide_version\MIMXRT1064_Project\drivers/fsl_clock.h:1497:20:CLOCK_ControlGate	32	static
C:\Personal projects\Edrum\nxp\rt1064\testing_new_ide_version\MIMXRT1064_Project\drivers/fsl_clock.h:1524:20:CLOCK_DisableClock	16	static
C:\Personal projects\Edrum\nxp\rt1064\testing_new_ide_version\MIMXRT1064_Project\drivers/fsl_clock.h:1664:20:CLOCK_SetXtalFreq	16	static
C:\Personal projects\Edrum\nxp\rt1064\testing_new_ide_version\MIMXRT1064_Project\drivers/fsl_clock.h:1674:20:CLOCK_SetRtcXtalFreq	16	static
C:\Personal projects\Edrum\nxp\rt1064\testing_new_ide_version\MIMXRT1064_Project\drivers/fsl_clock.h:1731:20:CLOCK_SetPllBypass	24	static
C:\Personal projects\Edrum\nxp\rt1064\testing_new_ide_version\MIMXRT1064_Project\drivers/fsl_iomuxc.h:1347:20:IOMUXC_SetSaiMClkClockSource	24	static
C:\Personal projects\Edrum\nxp\rt1064\testing_new_ide_version\MIMXRT1064_Project\drivers/fsl_iomuxc.h:1407:20:IOMUXC_MQSConfig	24	static
../board/clock_config.c:47:6:BOARD_InitBootClocks	8	static
../board/clock_config.c:178:6:BOARD_BootClockRUN	16	static
../board/clock_config.c:639:6:BOARD_BootClockRUN_528M	16	static
