C:\Personal projects\Edrum\nxp\rt1064\testing_new_ide_version\MIMXRT1064_Project\drivers/fsl_common_arm.h:225:20:_SDK_AtomicLocalClearAndSet4Byte	48	static
C:\Personal projects\Edrum\nxp\rt1064\testing_new_ide_version\MIMXRT1064_Project\drivers/fsl_clock.h:1497:20:CLOCK_ControlGate	32	static
C:\Personal projects\Edrum\nxp\rt1064\testing_new_ide_version\MIMXRT1064_Project\drivers/fsl_clock.h:1514:20:CLOCK_EnableClock	16	static
C:\Personal projects\Edrum\nxp\rt1064\testing_new_ide_version\MIMXRT1064_Project\drivers/fsl_iomuxc.h:1272:20:IOMUXC_SetPinMux	24	static
C:\Personal projects\Edrum\nxp\rt1064\testing_new_ide_version\MIMXRT1064_Project\drivers/fsl_iomuxc.h:1304:20:IOMUXC_SetPinConfig	24	static
../board/pin_mux.c:221:6:BOARD_InitBootPins	8	static
../board/pin_mux.c:240:6:BOARD_InitPins	4	static
../board/pin_mux.c:261:6:BOARD_InitDEBUG_UART	16	static
../board/pin_mux.c:323:6:BOARD_InitSDRAM	16	static
../board/pin_mux.c:398:6:BOARD_InitCSI	16	static
../board/pin_mux.c:459:6:BOARD_InitLCD	16	static
../board/pin_mux.c:526:6:BOARD_InitCAN	16	static
../board/pin_mux.c:557:6:BOARD_InitENET	16	static
../board/pin_mux.c:592:6:BOARD_InitUSDHC	16	static
../board/pin_mux.c:629:6:BOARD_InitHyperFlash	16	static
