Archive member included to satisfy reference by file (symbol)

C:/nxp/MCUXpressoIDE_24.9.25/ide/plugins/com.nxp.mcuxpresso.tools.win32_24.9.0.202407110857/tools/bin/../lib/gcc/arm-none-eabi/13.2.1/../../../../arm-none-eabi/lib/thumb/v7e-m+fp/hard\libcr_semihost_nf.a(_cr__main.o)
                              ./startup/startup_mimxrt1064.o (__main)
C:/nxp/MCUXpressoIDE_24.9.25/ide/plugins/com.nxp.mcuxpresso.tools.win32_24.9.0.202407110857/tools/bin/../lib/gcc/arm-none-eabi/13.2.1/../../../../arm-none-eabi/lib/thumb/v7e-m+fp/hard\libcr_c.a(memcpy.o)
                              ./utilities/fsl_str.o (memcpy)
C:/nxp/MCUXpressoIDE_24.9.25/ide/plugins/com.nxp.mcuxpresso.tools.win32_24.9.0.202407110857/tools/bin/../lib/gcc/arm-none-eabi/13.2.1/../../../../arm-none-eabi/lib/thumb/v7e-m+fp/hard\libcr_c.a(memset.o)
                              ./sdmmc/src/fsl_sdmmc_common.o (memset)
C:/nxp/MCUXpressoIDE_24.9.25/ide/plugins/com.nxp.mcuxpresso.tools.win32_24.9.0.202407110857/tools/bin/../lib/gcc/arm-none-eabi/13.2.1/../../../../arm-none-eabi/lib/thumb/v7e-m+fp/hard\libcr_c.a(alloc.o)
                              ./drivers/fsl_common.o (malloc)
C:/nxp/MCUXpressoIDE_24.9.25/ide/plugins/com.nxp.mcuxpresso.tools.win32_24.9.0.202407110857/tools/bin/../lib/gcc/arm-none-eabi/13.2.1/../../../../arm-none-eabi/lib/thumb/v7e-m+fp/hard\libcr_c.a(errno.o)
                              ./utilities/fsl_str.o (errno)
C:/nxp/MCUXpressoIDE_24.9.25/ide/plugins/com.nxp.mcuxpresso.tools.win32_24.9.0.202407110857/tools/bin/../lib/gcc/arm-none-eabi/13.2.1/../../../../arm-none-eabi/lib/thumb/v7e-m+fp/hard\libcr_c.a(fpprintf.o)
                              ./utilities/fsl_assert.o (printf_char)
C:/nxp/MCUXpressoIDE_24.9.25/ide/plugins/com.nxp.mcuxpresso.tools.win32_24.9.0.202407110857/tools/bin/../lib/gcc/arm-none-eabi/13.2.1/../../../../arm-none-eabi/lib/thumb/v7e-m+fp/hard\libcr_c.a(initio.o)
                              C:/nxp/MCUXpressoIDE_24.9.25/ide/plugins/com.nxp.mcuxpresso.tools.win32_24.9.0.202407110857/tools/bin/../lib/gcc/arm-none-eabi/13.2.1/../../../../arm-none-eabi/lib/thumb/v7e-m+fp/hard\libcr_semihost_nf.a(_cr__main.o) (_initio)
C:/nxp/MCUXpressoIDE_24.9.25/ide/plugins/com.nxp.mcuxpresso.tools.win32_24.9.0.202407110857/tools/bin/../lib/gcc/arm-none-eabi/13.2.1/../../../../arm-none-eabi/lib/thumb/v7e-m+fp/hard\libcr_c.a(modf.o)
                              ./utilities/fsl_str.o (modf)
C:/nxp/MCUXpressoIDE_24.9.25/ide/plugins/com.nxp.mcuxpresso.tools.win32_24.9.0.202407110857/tools/bin/../lib/gcc/arm-none-eabi/13.2.1/../../../../arm-none-eabi/lib/thumb/v7e-m+fp/hard\libcr_c.a(pow.o)
                              ./utilities/fsl_str.o (pow)
C:/nxp/MCUXpressoIDE_24.9.25/ide/plugins/com.nxp.mcuxpresso.tools.win32_24.9.0.202407110857/tools/bin/../lib/gcc/arm-none-eabi/13.2.1/../../../../arm-none-eabi/lib/thumb/v7e-m+fp/hard\libcr_c.a(printf.o)
                              C:/nxp/MCUXpressoIDE_24.9.25/ide/plugins/com.nxp.mcuxpresso.tools.win32_24.9.0.202407110857/tools/bin/../lib/gcc/arm-none-eabi/13.2.1/../../../../arm-none-eabi/lib/thumb/v7e-m+fp/hard\libcr_c.a(fpprintf.o) (__vfprintf)
C:/nxp/MCUXpressoIDE_24.9.25/ide/plugins/com.nxp.mcuxpresso.tools.win32_24.9.0.202407110857/tools/bin/../lib/gcc/arm-none-eabi/13.2.1/../../../../arm-none-eabi/lib/thumb/v7e-m+fp/hard\libcr_c.a(scanf.o)
                              ./utilities/fsl_str.o (strtoul)
C:/nxp/MCUXpressoIDE_24.9.25/ide/plugins/com.nxp.mcuxpresso.tools.win32_24.9.0.202407110857/tools/bin/../lib/gcc/arm-none-eabi/13.2.1/../../../../arm-none-eabi/lib/thumb/v7e-m+fp/hard\libcr_c.a(setvbuf.o)
                              C:/nxp/MCUXpressoIDE_24.9.25/ide/plugins/com.nxp.mcuxpresso.tools.win32_24.9.0.202407110857/tools/bin/../lib/gcc/arm-none-eabi/13.2.1/../../../../arm-none-eabi/lib/thumb/v7e-m+fp/hard\libcr_c.a(initio.o) (setvbuf)
C:/nxp/MCUXpressoIDE_24.9.25/ide/plugins/com.nxp.mcuxpresso.tools.win32_24.9.0.202407110857/tools/bin/../lib/gcc/arm-none-eabi/13.2.1/../../../../arm-none-eabi/lib/thumb/v7e-m+fp/hard\libcr_c.a(strlen.o)
                              ./utilities/fsl_str.o (strlen)
C:/nxp/MCUXpressoIDE_24.9.25/ide/plugins/com.nxp.mcuxpresso.tools.win32_24.9.0.202407110857/tools/bin/../lib/gcc/arm-none-eabi/13.2.1/../../../../arm-none-eabi/lib/thumb/v7e-m+fp/hard\libcr_c.a(ungetc.o)
                              C:/nxp/MCUXpressoIDE_24.9.25/ide/plugins/com.nxp.mcuxpresso.tools.win32_24.9.0.202407110857/tools/bin/../lib/gcc/arm-none-eabi/13.2.1/../../../../arm-none-eabi/lib/thumb/v7e-m+fp/hard\libcr_c.a(scanf.o) (ungetc)
C:/nxp/MCUXpressoIDE_24.9.25/ide/plugins/com.nxp.mcuxpresso.tools.win32_24.9.0.202407110857/tools/bin/../lib/gcc/arm-none-eabi/13.2.1/../../../../arm-none-eabi/lib/thumb/v7e-m+fp/hard\libcr_c.a(__fillbuf.o)
[...]
Memory Configuration

Name             Origin             Length             Attributes
PROGRAM_FLASH    0x70000000         0x00400000         xr
SRAM_DTC         0x20000000         0x00020000         xrw
SRAM_ITC         0x00000000         0x00020000         xrw
SRAM_OC2         0x20200000         0x00080000         xrw
SRAM_OC          0x20280000         0x00040000         xrw
BOARD_SDRAM      0x80000000         0x01e00000         xrw
NCACHE_REGION    0x81e00000         0x00200000         xrw
*default*        0x00000000         0xffffffff

Linker script and memory map

LOAD ./xip/evkmimxrt1064_flexspi_nor_config.o
LOAD ./xip/fsl_flexspi_nor_boot.o
LOAD ./utilities/fsl_assert.o
LOAD ./utilities/fsl_debug_console.o
LOAD ./utilities/fsl_str.o
LOAD ./startup/startup_mimxrt1064.o
LOAD ./source/MIMXRT1064_Project.o
LOAD ./source/global.o
LOAD ./source/semihost_hardfault.o
LOAD ./source/start.o
LOAD ./sdmmc/template/usdhc/sdmmc_config.o
LOAD ./sdmmc/src/fsl_sdmmc_common.o
LOAD ./sdmmc/osa/fsl_sdmmc_osa.o
LOAD ./sdmmc/host/fsl_sdmmc_host.o
LOAD ./freertos/freertos-kernel/portable/MemMang/heap_4.o
LOAD ./freertos/freertos-kernel/portable/GCC/ARM_CM4F/port.o
LOAD ./freertos/freertos-kernel/croutine.o
LOAD ./freertos/freertos-kernel/event_groups.o
LOAD ./freertos/freertos-kernel/list.o
LOAD ./freertos/freertos-kernel/queue.o
LOAD ./freertos/freertos-kernel/stream_buffer.o
LOAD ./freertos/freertos-kernel/tasks.o
LOAD ./freertos/freertos-kernel/timers.o
LOAD ./drivers/fsl_cache.o
LOAD ./drivers/fsl_clock.o
LOAD ./drivers/fsl_common.o
LOAD ./drivers/fsl_common_arm.o
LOAD ./drivers/fsl_gpio.o
LOAD ./drivers/fsl_lpuart.o
LOAD ./drivers/fsl_usdhc.o
LOAD ./device/system_MIMXRT1064.o
LOAD ./component/uart/fsl_adapter_lpuart.o
LOAD ./component/serial_manager/fsl_component_serial_manager.o
LOAD ./component/serial_manager/fsl_component_serial_port_uart.o
LOAD ./component/osa/fsl_os_abstraction_free_rtos.o
LOAD ./component/mem_manager/fsl_component_mem_manager.o
LOAD ./component/mem_manager/fsl_component_mem_manager_freertos.o
LOAD ./component/lists/fsl_component_generic_list.o
LOAD ./board/board.o
LOAD ./board/clock_config.o
LOAD ./board/dcd.o
LOAD ./board/peripherals.o
LOAD ./board/pin_mux.o
START GROUP
LOAD C:/nxp/MCUXpressoIDE_24.9.25/ide/plugins/com.nxp.mcuxpresso.tools.win32_24.9.0.202407110857/tools/bin/../lib/gcc/arm-none-eabi/13.2.1/../../../../arm-none-eabi/lib/thumb/v7e-m+fp/hard\libcr_semihost_nf.a
LOAD C:/nxp/MCUXpressoIDE_24.9.25/ide/plugins/com.nxp.mcuxpresso.tools.win32_24.9.0.202407110857/tools/bin/../lib/gcc/arm-none-eabi/13.2.1/../../../../arm-none-eabi/lib/thumb/v7e-m+fp/hard\libcr_c.a
LOAD C:/nxp/MCUXpressoIDE_24.9.25/ide/plugins/com.nxp.mcuxpresso.tools.win32_24.9.0.202407110857/tools/bin/../lib/gcc/arm-none-eabi/13.2.1/thumb/v7e-m+fp/hard\libcr_eabihelpers.a
LOAD C:/nxp/MCUXpressoIDE_24.9.25/ide/plugins/com.nxp.mcuxpresso.tools.win32_24.9.0.202407110857/tools/bin/../lib/gcc/arm-none-eabi/13.2.1/thumb/v7e-m+fp/hard\libgcc.a
END GROUP
                0x70000000                        __base_PROGRAM_FLASH = 0x70000000
                0x70000000                        __base_Flash = 0x70000000
                0x70400000                        __top_PROGRAM_FLASH = 0x70400000
                0x70400000                        __top_Flash = 0x70400000
                0x20000000                        __base_SRAM_DTC = 0x20000000
                0x20000000                        __base_RAM = 0x20000000
                0x20020000                        __top_SRAM_DTC = 0x20020000
                0x20020000                        __top_RAM = 0x20020000
                0x00000000                        __base_SRAM_ITC = 0x0
                0x00000000                        __base_RAM2 = 0x0
                0x00020000                        __top_SRAM_ITC = 0x20000
                0x00020000                        __top_RAM2 = 0x20000
                0x20200000                        __base_SRAM_OC2 = 0x20200000
                0x20200000                        __base_RAM3 = 0x20200000
                0x20280000                        __top_SRAM_OC2 = 0x20280000
                0x20280000                        __top_RAM3 = 0x20280000
                0x20280000                        __base_SRAM_OC = 0x20280000
                0x20280000                        __base_RAM4 = 0x20280000
                0x202c0000                        __top_SRAM_OC = 0x202c0000
                0x202c0000                        __top_RAM4 = 0x202c0000
                0x80000000                        __base_BOARD_SDRAM = 0x80000000
                0x80000000                        __base_RAM5 = 0x80000000
                0x81e00000                        __top_BOARD_SDRAM = 0x81e00000
                0x81e00000                        __top_RAM5 = 0x81e00000
                0x81e00000                        __base_NCACHE_REGION = 0x81e00000
                0x81e00000                        __base_RAM6 = 0x81e00000
                0x82000000                        __top_NCACHE_REGION = 0x82000000
                0x82000000                        __top_RAM6 = 0x82000000

.boot_hdr       0x70000000     0x2000
 FILL mask 0xff
                0x70000000                        __boot_hdr_start__ = ABSOLUTE (.)
 *(SORT_BY_ALIGNMENT(.boot_hdr.conf))
 .boot_hdr.conf
                0x70000000      0x200 ./xip/evkmimxrt1064_flexspi_nor_config.o
                0x70000000                qspiflash_config
                0x00001000                        . = 0x1000
 *fill*         0x70000200      0xe00 ff
 *(SORT_BY_ALIGNMENT(.boot_hdr.ivt))
 .boot_hdr.ivt  0x70001000       0x20 ./xip/fsl_flexspi_nor_boot.o
                0x70001000                image_vector_table
                0x00001020                        . = 0x1020
 *(SORT_BY_ALIGNMENT(.boot_hdr.boot_data))
 .boot_hdr.boot_data
                0x70001020       0x10 ./xip/fsl_flexspi_nor_boot.o
                0x70001020                g_boot_data
                0x00001030                        . = 0x1030
 *(SORT_BY_ALIGNMENT(.boot_hdr.dcd_data))
                0x70001030                        __boot_hdr_end__ = ABSOLUTE (.)
                0x00002000                        . = 0x2000
 *fill*         0x70001030      0xfd0 ff

.text           0x70002000     0x87b4
 FILL mask 0xff
                0x70002000                        __vectors_start__ = ABSOLUTE (.)
 *(SORT_BY_ALIGNMENT(.isr_vector))
 .isr_vector    0x70002000      0x2b8 ./startup/startup_mimxrt1064.o
                0x70002000                g_pfnVectors
                0x70002000                __Vectors
                0x700022b8                        . = ALIGN (0x4)
                0x700022b8                        __section_table_start = .
                0x700022b8                        __data_section_table = .
                0x700022b8        0x4 LONG 0x7000a7b4 LOADADDR (.data)
                0x700022bc        0x4 LONG 0x20000000 ADDR (.data)
                0x700022c0        0x4 LONG 0x8 SIZEOF (.data)
                0x700022c4        0x4 LONG 0x7000a7b4 LOADADDR (.data_RAM2)
                0x700022c8        0x4 LONG 0x0 ADDR (.data_RAM2)
                0x700022cc        0x4 LONG 0x0 SIZEOF (.data_RAM2)
                0x700022d0        0x4 LONG 0x7000a7b4 LOADADDR (.data_RAM3)
                0x700022d4        0x4 LONG 0x20200000 ADDR (.data_RAM3)
                0x700022d8        0x4 LONG 0x0 SIZEOF (.data_RAM3)
                0x700022dc        0x4 LONG 0x7000a7b4 LOADADDR (.data_RAM4)
                0x700022e0        0x4 LONG 0x20280000 ADDR (.data_RAM4)
                0x700022e4        0x4 LONG 0x0 SIZEOF (.data_RAM4)
                0x700022e8        0x4 LONG 0x7000a7b4 LOADADDR (.data_RAM5)
                0x700022ec        0x4 LONG 0x80000000 ADDR (.data_RAM5)
                0x700022f0        0x4 LONG 0x0 SIZEOF (.data_RAM5)
                0x700022f4        0x4 LONG 0x7000a7b4 LOADADDR (.data_RAM6)
                0x700022f8        0x4 LONG 0x81e00000 ADDR (.data_RAM6)
                0x700022fc        0x4 LONG 0x0 SIZEOF (.data_RAM6)
                0x70002300                        __data_section_table_end = .
                0x70002300                        __bss_section_table = .
                0x70002300        0x4 LONG 0x20000008 ADDR (.bss)
                0x70002304        0x4 LONG 0x2afc SIZEOF (.bss)
                0x70002308        0x4 LONG 0x0 ADDR (.bss_RAM2)
                0x7000230c        0x4 LONG 0x0 SIZEOF (.bss_RAM2)
                0x70002310        0x4 LONG 0x20200000 ADDR (.bss_RAM3)
                0x70002314        0x4 LONG 0x0 SIZEOF (.bss_RAM3)
                0x70002318        0x4 LONG 0x20280000 ADDR (.bss_RAM4)
                0x7000231c        0x4 LONG 0x0 SIZEOF (.bss_RAM4)
                0x70002320        0x4 LONG 0x80000000 ADDR (.bss_RAM5)
                0x70002324        0x4 LONG 0x0 SIZEOF (.bss_RAM5)
                0x70002328        0x4 LONG 0x81e00000 ADDR (.bss_RAM6)
                0x7000232c        0x4 LONG 0x0 SIZEOF (.bss_RAM6)
                0x70002330                        __bss_section_table_end = .
                0x70002330                        __section_table_end = .
 *(SORT_BY_ALIGNMENT(.after_vectors*))
 .after_vectors.reset
                0x70002330       0x54 ./startup/startup_mimxrt1064.o
                0x70002330                ResetISR
 .after_vectors.init_data
                0x70002384       0x1e ./startup/startup_mimxrt1064.o
                0x70002384                data_init
 .after_vectors.init_bss
                0x700023a2       0x12 ./startup/startup_mimxrt1064.o
                0x700023a2                bss_init
 .after_vectors
                0x700023b4       0x14 ./startup/startup_mimxrt1064.o
                0x700023b4                NMI_Handler
                0x700023b8                MemManage_Handler
                0x700023ba                BusFault_Handler
                0x700023bc                UsageFault_Handler
                0x700023c0                DebugMon_Handler
                0x700023c6                LCDIF_DriverIRQHandler
                0x700023c6                SAI3_RX_DriverIRQHandler
                0x700023c6                CCM_2_DriverIRQHandler
                0x700023c6                PIT_DriverIRQHandler
                0x700023c6                PMU_EVENT_DriverIRQHandler
                0x700023c6                PWM4_FAULT_DriverIRQHandler
                0x700023c6                DMA13_DMA29_DriverIRQHandler
                0x700023c6                FLEXRAM_DriverIRQHandler
                0x700023c6                LPSPI4_DriverIRQHandler
                0x700023c6                SEMC_DriverIRQHandler
                0x700023c6                SPDIF_DriverIRQHandler
                0x700023c6                PWM4_3_DriverIRQHandler
                0x700023c6                ENET2_DriverIRQHandler
                0x700023c6                FLEXSPI2_DriverIRQHandler
                0x700023c6                USB_PHY1_DriverIRQHandler
                0x700023c6                GPIO3_Combined_0_15_DriverIRQHandler
                0x700023c6                CAN3_DriverIRQHandler
                0x700023c6                Reserved171_DriverIRQHandler
                0x700023c6                DMA7_DMA23_DriverIRQHandler
                0x700023c6                BEE_DriverIRQHandler
                0x700023c6                LPI2C3_DriverIRQHandler
                0x700023c6                GPR_IRQ_DriverIRQHandler
                0x700023c6                PWM2_FAULT_DriverIRQHandler
                0x700023c6                PWM3_1_DriverIRQHandler
                0x700023c6                DMA14_DMA30_DriverIRQHandler
                0x700023c6                TMR1_DriverIRQHandler
                0x700023c6                TRNG_DriverIRQHandler
                0x700023c6                PWM3_2_DriverIRQHandler
                0x700023c6                ENET_1588_Timer_DriverIRQHandler
                0x700023c6                FLEXIO2_DriverIRQHandler
                0x700023c6                GPIO2_Combined_16_31_DriverIRQHandler
                0x700023c6                Reserved143_DriverIRQHandler
                0x700023c6                LPSPI2_DriverIRQHandler
                0x700023c6                PWM4_1_DriverIRQHandler
                0x700023c6                PWM3_3_DriverIRQHandler
                0x700023c6                DMA0_DMA16_DriverIRQHandler
                0x700023c6                IntDefaultHandler
                0x700023c6                DMA2_DMA18_DriverIRQHandler
                0x700023c6                SRC_DriverIRQHandler
                0x700023c6                GPIO1_INT4_DriverIRQHandler
                0x700023c6                Reserved144_DriverIRQHandler
                0x700023c6                ENC3_DriverIRQHandler
                0x700023c6                PWM3_FAULT_DriverIRQHandler
                0x700023c6                KPP_DriverIRQHandler
                0x700023c6                TSC_DIG_DriverIRQHandler
                0x700023c6                WDOG1_DriverIRQHandler
                0x700023c6                FLEXIO1_DriverIRQHandler
                0x700023c6                ENET_DriverIRQHandler
                0x700023c6                Reserved78_DriverIRQHandler
                0x700023c6                TMR4_DriverIRQHandler
                0x700023c6                ENC2_DriverIRQHandler
                0x700023c6                ADC_ETC_IRQ2_DriverIRQHandler
                0x700023c6                GPIO1_Combined_16_31_DriverIRQHandler
                0x700023c6                GPIO1_INT7_DriverIRQHandler
                0x700023c6                SAI1_DriverIRQHandler
                0x700023c6                DCDC_DriverIRQHandler
                0x700023c6                DMA12_DMA28_DriverIRQHandler
                0x700023c6                PWM4_0_DriverIRQHandler
                0x700023c6                ADC_ETC_ERROR_IRQ_DriverIRQHandler
                0x700023c6                ACMP2_DriverIRQHandler
                0x700023c6                GPIO5_Combined_0_15_DriverIRQHandler
                0x700023c6                GPIO1_INT0_DriverIRQHandler
                0x700023c6                GPIO1_INT2_DriverIRQHandler
                0x700023c6                RTWDOG_DriverIRQHandler
                0x700023c6                FLEXSPI_DriverIRQHandler
                0x700023c6                GPT2_DriverIRQHandler
                0x700023c6                USB_PHY2_DriverIRQHandler
                0x700023c6                DMA10_DMA26_DriverIRQHandler
                0x700023c6                PWM2_1_DriverIRQHandler
                0x700023c6                PWM1_1_DriverIRQHandler
                0x700023c6                PXP_DriverIRQHandler
                0x700023c6                ADC1_DriverIRQHandler
                0x700023c6                PWM1_0_DriverIRQHandler
                0x700023c6                SJC_DriverIRQHandler
                0x700023c6                DMA1_DMA17_DriverIRQHandler
                0x700023c6                ENC1_DriverIRQHandler
                0x700023c6                ENC4_DriverIRQHandler
                0x700023c6                CAN2_DriverIRQHandler
                0x700023c6                DCP_DriverIRQHandler
                0x700023c6                CTI0_ERROR_DriverIRQHandler
                0x700023c6                DMA8_DMA24_DriverIRQHandler
                0x700023c6                GPT1_DriverIRQHandler
                0x700023c6                ACMP3_DriverIRQHandler
                0x700023c6                DMA6_DMA22_DriverIRQHandler
                0x700023c6                CSU_DriverIRQHandler
                0x700023c6                GPIO1_INT5_DriverIRQHandler
                0x700023c6                TMR3_DriverIRQHandler
                0x700023c6                TMR2_DriverIRQHandler
                0x700023c6                CTI1_ERROR_DriverIRQHandler
                0x700023c6                GPIO1_Combined_0_15_DriverIRQHandler
                0x700023c6                PWM4_2_DriverIRQHandler
                0x700023c6                EWM_DriverIRQHandler
                0x700023c6                SAI2_DriverIRQHandler
                0x700023c6                CORE_DriverIRQHandler
                0x700023c6                DMA11_DMA27_DriverIRQHandler
                0x700023c6                CSI_DriverIRQHandler
                0x700023c6                PWM2_3_DriverIRQHandler
                0x700023c6                XBAR1_IRQ_2_3_DriverIRQHandler
                0x700023c6                SNVS_HP_WRAPPER_TZ_DriverIRQHandler
                0x700023c6                GPIO3_Combined_16_31_DriverIRQHandler
                0x700023c6                PWM1_FAULT_DriverIRQHandler
                0x700023c6                LPI2C1_DriverIRQHandler
                0x700023c6                ENET2_1588_Timer_DriverIRQHandler
                0x700023c6                PWM2_2_DriverIRQHandler
                0x700023c6                DMA4_DMA20_DriverIRQHandler
                0x700023c6                DMA9_DMA25_DriverIRQHandler
                0x700023c6                SNVS_HP_WRAPPER_DriverIRQHandler
                0x700023c6                XBAR1_IRQ_0_1_DriverIRQHandler
                0x700023c6                ADC_ETC_IRQ1_DriverIRQHandler
                0x700023c6                LPSPI1_DriverIRQHandler
                0x700023c6                DMA3_DMA19_DriverIRQHandler
                0x700023c6                GPIO1_INT3_DriverIRQHandler
                0x700023c6                DCP_VMI_DriverIRQHandler
                0x700023c6                LPI2C4_DriverIRQHandler
                0x700023c6                GPC_DriverIRQHandler
                0x700023c6                GPIO2_Combined_0_15_DriverIRQHandler
                0x700023c6                PWM1_2_DriverIRQHandler
                0x700023c6                USB_OTG1_DriverIRQHandler
                0x700023c6                TEMP_LOW_HIGH_DriverIRQHandler
                0x700023c6                SAI3_TX_DriverIRQHandler
                0x700023c6                FLEXIO3_DriverIRQHandler
                0x700023c6                WDOG2_DriverIRQHandler
                0x700023c6                Reserved68_DriverIRQHandler
                0x700023c6                PWM3_0_DriverIRQHandler
                0x700023c6                GPIO4_Combined_0_15_DriverIRQHandler
                0x700023c6                GPIO4_Combined_16_31_DriverIRQHandler
                0x700023c6                GPIO6_7_8_9_DriverIRQHandler
                0x700023c6                GPIO5_Combined_16_31_DriverIRQHandler
                0x700023c6                DMA5_DMA21_DriverIRQHandler
                0x700023c6                CCM_1_DriverIRQHandler
                0x700023c6                ADC2_DriverIRQHandler
                0x700023c6                Reserved115_DriverIRQHandler
                0x700023c6                TEMP_PANIC_DriverIRQHandler
                0x700023c6                ACMP4_DriverIRQHandler
                0x700023c6                DMA15_DMA31_DriverIRQHandler
                0x700023c6                LPSPI3_DriverIRQHandler
                0x700023c6                PWM1_3_DriverIRQHandler
                0x700023c6                ACMP1_DriverIRQHandler
                0x700023c6                LPI2C2_DriverIRQHandler
                0x700023c6                Reserved86_DriverIRQHandler
                0x700023c6                GPIO10_DriverIRQHandler
                0x700023c6                DMA_ERROR_DriverIRQHandler
                0x700023c6                ADC_ETC_IRQ0_DriverIRQHandler
                0x700023c6                CAN1_DriverIRQHandler
                0x700023c6                GPIO1_INT6_DriverIRQHandler
                0x700023c6                GPIO1_INT1_DriverIRQHandler
                0x700023c6                PWM2_0_DriverIRQHandler
                0x700023c6                SNVS_LP_WRAPPER_DriverIRQHandler
                0x700023c6                USB_OTG2_DriverIRQHandler
 *(SORT_BY_ALIGNMENT(.text*))
 *fill*         0x700023c8        0x8 ff
 .text.SVC_Handler
                0x700023d0       0x28 ./freertos/freertos-kernel/portable/GCC/ARM_CM4F/port.o
                0x700023d0                SVC_Handler
 *fill*         0x700023f8        0x8 ff
 .text.PendSV_Handler
                0x70002400       0x68 ./freertos/freertos-kernel/portable/GCC/ARM_CM4F/port.o
                0x70002400                PendSV_Handler
 .text.fp_display
                0x70002468      0x9dc C:/nxp/MCUXpressoIDE_24.9.25/ide/plugins/com.nxp.mcuxpresso.tools.win32_24.9.0.202407110857/tools/bin/../lib/gcc/arm-none-eabi/13.2.1/../../../../arm-none-eabi/lib/thumb/v7e-m+fp/hard\libcr_c.a(fpprintf.o)
 *fill*         0x70002e44        0x4 ff
 .text._frexpl  0x70002e48       0x70 C:/nxp/MCUXpressoIDE_24.9.25/ide/plugins/com.nxp.mcuxpresso.tools.win32_24.9.0.202407110857/tools/bin/../lib/gcc/arm-none-eabi/13.2.1/../../../../arm-none-eabi/lib/thumb/v7e-m+fp/hard\libcr_c.a(_frexpl.o)
                0x70002e48                _frexpl
 .text._ldexpl  0x70002eb8       0x5c C:/nxp/MCUXpressoIDE_24.9.25/ide/plugins/com.nxp.mcuxpresso.tools.win32_24.9.0.202407110857/tools/bin/../lib/gcc/arm-none-eabi/13.2.1/../../../../arm-none-eabi/lib/thumb/v7e-m+fp/hard\libcr_c.a(_ldexpl.o)
                0x70002eb8                _ldexpl
 .text.__assertion_failed
                0x70002f14       0x2c ./utilities/fsl_assert.o
                0x70002f14                __assertion_failed
 .text.main     0x70002f40       0x50 ./source/MIMXRT1064_Project.o
                0x70002f40                main
 .text.start_main
                0x70002f90       0x48 ./source/start.o
                0x70002f90                start_main
 .text.start_mainThread
                0x70002fd8       0x2c ./source/start.o
 .text.pvPortMalloc
                0x70003004      0x264 ./freertos/freertos-kernel/portable/MemMang/heap_4.o
                0x70003004                pvPortMalloc
 .text.vPortFree
                0x70003268       0xec ./freertos/freertos-kernel/portable/MemMang/heap_4.o
                0x70003268                vPortFree
 .text.prvHeapInit
                0x70003354       0xb4 ./freertos/freertos-kernel/portable/MemMang/heap_4.o
 .text.prvInsertBlockIntoFreeList
                0x70003408       0xf4 ./freertos/freertos-kernel/portable/MemMang/heap_4.o
 .text.pxPortInitialiseStack
                0x700034fc       0x68 ./freertos/freertos-kernel/portable/GCC/ARM_CM4F/port.o
                0x700034fc                pxPortInitialiseStack
 .text.prvTaskExitError
                0x70003564       0x5c ./freertos/freertos-kernel/portable/GCC/ARM_CM4F/port.o
 .text.prvPortStartFirstTask
                0x700035c0       0x2c ./freertos/freertos-kernel/portable/GCC/ARM_CM4F/port.o
 .text.xPortStartScheduler
                0x700035ec      0x1e0 ./freertos/freertos-kernel/portable/GCC/ARM_CM4F/port.o
                0x700035ec                xPortStartScheduler
 .text.vPortEnterCritical
                0x700037cc       0x64 ./freertos/freertos-kernel/portable/GCC/ARM_CM4F/port.o
                0x700037cc                vPortEnterCritical
 .text.vPortExitCritical
                0x70003830       0x54 ./freertos/freertos-kernel/portable/GCC/ARM_CM4F/port.o
                0x70003830                vPortExitCritical
 .text.SysTick_Handler
                0x70003884       0x44 ./freertos/freertos-kernel/portable/GCC/ARM_CM4F/port.o
                0x70003884                SysTick_Handler
 .text.vPortSetupTimerInterrupt
                0x700038c8       0x48 ./freertos/freertos-kernel/portable/GCC/ARM_CM4F/port.o
                0x700038c8                vPortSetupTimerInterrupt
 .text.vPortEnableVFP
                0x70003910       0x18 ./freertos/freertos-kernel/portable/GCC/ARM_CM4F/port.o
 .text.xQueueGenericReset
                0x70003928      0x124 ./freertos/freertos-kernel/queue.o
                0x70003928                xQueueGenericReset
 .text.xQueueReceive
                0x70003a4c      0x1c4 ./freertos/freertos-kernel/queue.o
                0x70003a4c                xQueueReceive
 .text.vQueueAddToRegistry
                0x70003c10       0xa0 ./freertos/freertos-kernel/queue.o
                0x70003c10                vQueueAddToRegistry
 .text.prvAddNewTaskToReadyList
                0x70003cb0      0x12c ./freertos/freertos-kernel/tasks.o
 .text.vTaskDelay
                0x70003ddc       0x6c ./freertos/freertos-kernel/tasks.o
                0x70003ddc                vTaskDelay
 .text.prvCreateIdleTasks
                0x70003e48       0x94 ./freertos/freertos-kernel/tasks.o
 .text.vTaskStartScheduler
                0x70003edc       0x88 ./freertos/freertos-kernel/tasks.o
                0x70003edc                vTaskStartScheduler
 .text.vTaskSuspendAll
                0x70003f64       0x1c ./freertos/freertos-kernel/tasks.o
                0x70003f64                vTaskSuspendAll
 .text.xTaskResumeAll
                0x70003f80      0x20c ./freertos/freertos-kernel/tasks.o
                0x70003f80                xTaskResumeAll
 .text.xTaskGetTickCount
                0x7000418c       0x20 ./freertos/freertos-kernel/tasks.o
                0x7000418c                xTaskGetTickCount
 .text.xTaskIncrementTick
                0x700041ac      0x214 ./freertos/freertos-kernel/tasks.o
                0x700041ac                xTaskIncrementTick
 .text.vTaskSwitchContext
                0x700043c0       0xbc ./freertos/freertos-kernel/tasks.o
                0x700043c0                vTaskSwitchContext
 .text.vTaskPlaceOnEventList
                0x7000447c       0x4c ./freertos/freertos-kernel/tasks.o
                0x7000447c                vTaskPlaceOnEventList
 .text.vTaskPlaceOnEventListRestricted
                0x700044c8       0x8c ./freertos/freertos-kernel/tasks.o
                0x700044c8                vTaskPlaceOnEventListRestricted
 .text.xTaskRemoveFromEventList
                0x70004554      0x1b0 ./freertos/freertos-kernel/tasks.o
                0x70004554                xTaskRemoveFromEventList
 .text.vTaskInternalSetTimeOutState
                0x70004704       0x2c ./freertos/freertos-kernel/tasks.o
                0x70004704                vTaskInternalSetTimeOutState
 .text.xTaskCheckForTimeOut
                0x70004730       0xd0 ./freertos/freertos-kernel/tasks.o
                0x70004730                xTaskCheckForTimeOut
 .text.vTaskMissedYield
                0x70004800       0x18 ./freertos/freertos-kernel/tasks.o
                0x70004800                vTaskMissedYield
 .text.prvIdleTask
                0x70004818       0x30 ./freertos/freertos-kernel/tasks.o
 .text.prvInitialiseTaskLists
                0x70004848       0x80 ./freertos/freertos-kernel/tasks.o
 .text.prvCheckTasksWaitingTermination
                0x700048c8       0x5c ./freertos/freertos-kernel/tasks.o
 .text.prvResetNextTaskUnblockTime
                0x70004924       0x38 ./freertos/freertos-kernel/tasks.o
 .text.xTaskGetSchedulerState
                0x7000495c       0x3c ./freertos/freertos-kernel/tasks.o
                0x7000495c                xTaskGetSchedulerState
 .text.prvAddCurrentTaskToDelayedList
                0x70004998      0x104 ./freertos/freertos-kernel/tasks.o
 .text.xTimerCreateTimerTask
                0x70004a9c       0x64 ./freertos/freertos-kernel/timers.o
                0x70004a9c                xTimerCreateTimerTask
 .text.prvProcessExpiredTimer
                0x70004b00       0x60 ./freertos/freertos-kernel/timers.o
 .text.prvProcessTimerOrBlockTask
                0x70004b60       0x9c ./freertos/freertos-kernel/timers.o
 .text.prvGetNextExpireTime
                0x70004bfc       0x48 ./freertos/freertos-kernel/timers.o
 .text.prvSampleTimeNow
                0x70004c44       0x40 ./freertos/freertos-kernel/timers.o
 .text.prvInsertTimerInActiveList
                0x70004c84       0x84 ./freertos/freertos-kernel/timers.o
 .text.prvProcessReceivedCommands
                0x70004d08      0x1c8 ./freertos/freertos-kernel/timers.o
 .text.prvSwitchTimerLists
                0x70004ed0       0x4c ./freertos/freertos-kernel/timers.o
 .text.prvCheckForValidListAndQueue
                0x70004f1c       0x6c ./freertos/freertos-kernel/timers.o
 .text.CLOCK_GetOscFreq
                0x70004f88       0x30 ./drivers/fsl_clock.o
 .text.CLOCK_InitExternalClk
                0x70004fb8       0x6c ./drivers/fsl_clock.o
                0x70004fb8                CLOCK_InitExternalClk
 .text.CLOCK_SwitchOsc
                0x70005024       0x34 ./drivers/fsl_clock.o
                0x70005024                CLOCK_SwitchOsc
 .text.CLOCK_InitRcOsc24M
                0x70005058       0x24 ./drivers/fsl_clock.o
                0x70005058                CLOCK_InitRcOsc24M
 .text.CLOCK_InitArmPll
                0x7000507c       0x68 ./drivers/fsl_clock.o
                0x7000507c                CLOCK_InitArmPll
 .text.CLOCK_InitSysPll
                0x700050e4       0x9c ./drivers/fsl_clock.o
                0x700050e4                CLOCK_InitSysPll
 .text.CLOCK_DeinitUsb2Pll
                0x70005180       0x18 ./drivers/fsl_clock.o
                0x70005180                CLOCK_DeinitUsb2Pll
 .text.CLOCK_DeinitAudioPll
                0x70005198       0x1c ./drivers/fsl_clock.o
                0x70005198                CLOCK_DeinitAudioPll
 .text.CLOCK_DeinitEnetPll
                0x700051b4       0x1c ./drivers/fsl_clock.o
                0x700051b4                CLOCK_DeinitEnetPll
 .text.CLOCK_GetPllFreq
                0x700051d0      0x434 ./drivers/fsl_clock.o
                0x700051d0                CLOCK_GetPllFreq
 .text.CLOCK_InitSysPfd
                0x70005604       0x64 ./drivers/fsl_clock.o
                0x70005604                CLOCK_InitSysPfd
 .text.__NVIC_EnableIRQ
                0x70005668       0x3c ./drivers/fsl_lpuart.o
 .text.CLOCK_ControlGate
                0x700056a4       0x60 ./drivers/fsl_lpuart.o
 .text.LPUART_GetInstance
                0x70005704       0x4c ./drivers/fsl_lpuart.o
                0x70005704                LPUART_GetInstance
 .text.LPUART_TransferGetRxRingBufferLength
                0x70005750       0x54 ./drivers/fsl_lpuart.o
                0x70005750                LPUART_TransferGetRxRingBufferLength
 .text.LPUART_TransferIsRxRingBufferFull
                0x700057a4       0x44 ./drivers/fsl_lpuart.o
 .text.LPUART_WriteNonBlocking
                0x700057e8       0x48 ./drivers/fsl_lpuart.o
 .text.LPUART_WriteNonBlocking16bit
                0x70005830       0x4c ./drivers/fsl_lpuart.o
 .text.LPUART_ReadNonBlocking
                0x7000587c       0x98 ./drivers/fsl_lpuart.o
 .text.LPUART_ReadNonBlocking16bit
                0x70005914       0x50 ./drivers/fsl_lpuart.o
 .text.LPUART_Init
                0x70005964      0x30c ./drivers/fsl_lpuart.o
                0x70005964                LPUART_Init
 .text.LPUART_GetEnabledInterrupts
                0x70005c70       0x60 ./drivers/fsl_lpuart.o
                0x70005c70                LPUART_GetEnabledInterrupts
 .text.LPUART_GetStatusFlags
                0x70005cd0       0x38 ./drivers/fsl_lpuart.o
                0x70005cd0                LPUART_GetStatusFlags
 .text.LPUART_TransferCreateHandle
                0x70005d08       0xcc ./drivers/fsl_lpuart.o
                0x70005d08                LPUART_TransferCreateHandle
 .text.LPUART_TransferHandleIDLEReady
                0x70005dd4      0x11c ./drivers/fsl_lpuart.o
 .text.LPUART_TransferHandleIRQ
                0x70005ef0       0xe0 ./drivers/fsl_lpuart.o
                0x70005ef0                LPUART_TransferHandleIRQ
 .text.LPUART1_DriverIRQHandler
                0x70005fd0       0x28 ./drivers/fsl_lpuart.o
                0x70005fd0                LPUART1_DriverIRQHandler
 .text.LPUART2_DriverIRQHandler
                0x70005ff8       0x28 ./drivers/fsl_lpuart.o
                0x70005ff8                LPUART2_DriverIRQHandler
 .text.LPUART3_DriverIRQHandler
                0x70006020       0x28 ./drivers/fsl_lpuart.o
                0x70006020                LPUART3_DriverIRQHandler
 .text.LPUART4_DriverIRQHandler
                0x70006048       0x28 ./drivers/fsl_lpuart.o
                0x70006048                LPUART4_DriverIRQHandler
 .text.LPUART5_DriverIRQHandler
                0x70006070       0x28 ./drivers/fsl_lpuart.o
                0x70006070                LPUART5_DriverIRQHandler
 .text.LPUART6_DriverIRQHandler
                0x70006098       0x28 ./drivers/fsl_lpuart.o
                0x70006098                LPUART6_DriverIRQHandler
 .text.LPUART7_DriverIRQHandler
                0x700060c0       0x28 ./drivers/fsl_lpuart.o
                0x700060c0                LPUART7_DriverIRQHandler
 .text.LPUART8_DriverIRQHandler
                0x700060e8       0x28 ./drivers/fsl_lpuart.o
                0x700060e8                LPUART8_DriverIRQHandler
 .text.USDHC1_DriverIRQHandler
                0x70006110       0x28 ./drivers/fsl_usdhc.o
                0x70006110                USDHC1_DriverIRQHandler
 .text.USDHC2_DriverIRQHandler
                0x70006138       0x28 ./drivers/fsl_usdhc.o
                0x70006138                USDHC2_DriverIRQHandler
 .text.SystemInit
                0x70006160      0x144 ./device/system_MIMXRT1064.o
                0x70006160                SystemInit
 .text.OSA_TimeDelay
                0x700062a4       0x30 ./component/osa/fsl_os_abstraction_free_rtos.o
                0x700062a4                OSA_TimeDelay
 .text.ARM_MPU_Enable
                0x700062d4       0x44 ./board/board.o
 .text.ARM_MPU_Disable
                0x70006318       0x40 ./board/board.o
 .text.CLOCK_GetMux
                0x70006358       0x44 ./board/board.o
 .text.CLOCK_GetDiv
                0x7000639c       0x44 ./board/board.o
 .text.CLOCK_GetOscFreq
                0x700063e0       0x30 ./board/board.o
 .text.BOARD_DebugConsoleSrcFreq
                0x70006410       0x64 ./board/board.o
                0x70006410                BOARD_DebugConsoleSrcFreq
 .text.BOARD_ConfigMPU
                0x70006474      0x338 ./board/board.o
                0x70006474                BOARD_ConfigMPU
 .text.CLOCK_SetMux
                0x700067ac       0x9c ./board/clock_config.o
 .text.CLOCK_SetDiv
                0x70006848       0x9c ./board/clock_config.o
 .text.CLOCK_ControlGate
                0x700068e4       0x60 ./board/clock_config.o
 .text.CLOCK_SetXtalFreq
                0x70006944       0x20 ./board/clock_config.o
 .text.CLOCK_SetRtcXtalFreq
                0x70006964       0x20 ./board/clock_config.o
 .text.IOMUXC_MQSConfig
                0x70006984       0x44 ./board/clock_config.o
 .text.BOARD_BootClockRUN
                0x700069c8      0x6d0 ./board/clock_config.o
                0x700069c8                BOARD_BootClockRUN
 .text.BOARD_LPUART1_init
                0x70007098       0x30 ./board/peripherals.o
 .text.CLOCK_ControlGate
                0x700070c8       0x60 ./board/pin_mux.o
 .text.BOARD_InitDEBUG_UART
                0x70007128       0x78 ./board/pin_mux.o
                0x70007128                BOARD_InitDEBUG_UART
 .text.malloc   0x700071a0       0xc8 C:/nxp/MCUXpressoIDE_24.9.25/ide/plugins/com.nxp.mcuxpresso.tools.win32_24.9.0.202407110857/tools/bin/../lib/gcc/arm-none-eabi/13.2.1/../../../../arm-none-eabi/lib/thumb/v7e-m+fp/hard\libcr_c.a(alloc.o)
                0x700071a0                malloc
 .text._Csys_alloc
                0x70007268       0x20 C:/nxp/MCUXpressoIDE_24.9.25/ide/plugins/com.nxp.mcuxpresso.tools.win32_24.9.0.202407110857/tools/bin/../lib/gcc/arm-none-eabi/13.2.1/../../../../arm-none-eabi/lib/thumb/v7e-m+fp/hard\libcr_c.a(alloc.o)
                0x70007268                _Csys_alloc
 .text.printf_char
                0x70007288       0x34 C:/nxp/MCUXpressoIDE_24.9.25/ide/plugins/com.nxp.mcuxpresso.tools.win32_24.9.0.202407110857/tools/bin/../lib/gcc/arm-none-eabi/13.2.1/../../../../arm-none-eabi/lib/thumb/v7e-m+fp/hard\libcr_c.a(fpprintf.o)
                0x70007288                printf_char
 .text.sprintf  0x700072bc       0x6c C:/nxp/MCUXpressoIDE_24.9.25/ide/plugins/com.nxp.mcuxpresso.tools.win32_24.9.0.202407110857/tools/bin/../lib/gcc/arm-none-eabi/13.2.1/../../../../arm-none-eabi/lib/thumb/v7e-m+fp/hard\libcr_c.a(fpprintf.o)
                0x700072bc                sprintf
 .text._initio  0x70007328       0x78 C:/nxp/MCUXpressoIDE_24.9.25/ide/plugins/com.nxp.mcuxpresso.tools.win32_24.9.0.202407110857/tools/bin/../lib/gcc/arm-none-eabi/13.2.1/../../../../arm-none-eabi/lib/thumb/v7e-m+fp/hard\libcr_c.a(initio.o)
                0x70007328                _initio
 .text.__vfprintf
                0x700073a0      0xb80 C:/nxp/MCUXpressoIDE_24.9.25/ide/plugins/com.nxp.mcuxpresso.tools.win32_24.9.0.202407110857/tools/bin/../lib/gcc/arm-none-eabi/13.2.1/../../../../arm-none-eabi/lib/thumb/v7e-m+fp/hard\libcr_c.a(printf.o)
                0x700073a0                __vfprintf
 .text._sbrk    0x70007f20       0x3c C:/nxp/MCUXpressoIDE_24.9.25/ide/plugins/com.nxp.mcuxpresso.tools.win32_24.9.0.202407110857/tools/bin/../lib/gcc/arm-none-eabi/13.2.1/../../../../arm-none-eabi/lib/thumb/v7e-m+fp/hard\libcr_c.a(_cr_sbrk.o)
                0x70007f20                _sbrk
 .text._Cwritebuf
                0x70007f5c       0x6c C:/nxp/MCUXpressoIDE_24.9.25/ide/plugins/com.nxp.mcuxpresso.tools.win32_24.9.0.202407110857/tools/bin/../lib/gcc/arm-none-eabi/13.2.1/../../../../arm-none-eabi/lib/thumb/v7e-m+fp/hard\libcr_c.a(_writebuf.o)
                0x70007f5c                _Cwritebuf
 .text.fflush   0x70007fc8       0x3c C:/nxp/MCUXpressoIDE_24.9.25/ide/plugins/com.nxp.mcuxpresso.tools.win32_24.9.0.202407110857/tools/bin/../lib/gcc/arm-none-eabi/13.2.1/../../../../arm-none-eabi/lib/thumb/v7e-m+fp/hard\libcr_c.a(fflush.o)
                0x70007fc8                fflush
 .text.fseek    0x70008004       0xf8 C:/nxp/MCUXpressoIDE_24.9.25/ide/plugins/com.nxp.mcuxpresso.tools.win32_24.9.0.202407110857/tools/bin/../lib/gcc/arm-none-eabi/13.2.1/../../../../arm-none-eabi/lib/thumb/v7e-m+fp/hard\libcr_c.a(fseek.o)
                0x70008004                fseek
 .text.ftell    0x700080fc       0x44 C:/nxp/MCUXpressoIDE_24.9.25/ide/plugins/com.nxp.mcuxpresso.tools.win32_24.9.0.202407110857/tools/bin/../lib/gcc/arm-none-eabi/13.2.1/../../../../arm-none-eabi/lib/thumb/v7e-m+fp/hard\libcr_c.a(ftell.o)
                0x700080fc                ftell
 .text.__check_heap_overflow
                0x70008140       0x18 C:/nxp/MCUXpressoIDE_24.9.25/ide/plugins/com.nxp.mcuxpresso.tools.win32_24.9.0.202407110857/tools/bin/../lib/gcc/arm-none-eabi/13.2.1/../../../../arm-none-eabi/lib/thumb/v7e-m+fp/hard\libcr_c.a(_cr_check_heap.o)
                0x70008140                __check_heap_overflow
 .text.__aeabi_dmul
                0x70008158       0xfc C:/nxp/MCUXpressoIDE_24.9.25/ide/plugins/com.nxp.mcuxpresso.tools.win32_24.9.0.202407110857/tools/bin/../lib/gcc/arm-none-eabi/13.2.1/thumb/v7e-m+fp/hard\libcr_eabihelpers.a(double.o)
                0x70008158                __aeabi_dmul
 .text.__aeabi_ddiv
                0x70008254      0x130 C:/nxp/MCUXpressoIDE_24.9.25/ide/plugins/com.nxp.mcuxpresso.tools.win32_24.9.0.202407110857/tools/bin/../lib/gcc/arm-none-eabi/13.2.1/thumb/v7e-m+fp/hard\libcr_eabihelpers.a(double.o)
                0x70008254                __aeabi_ddiv
 .text.__aeabi_dsub
                0x70008384      0x1b4 C:/nxp/MCUXpressoIDE_24.9.25/ide/plugins/com.nxp.mcuxpresso.tools.win32_24.9.0.202407110857/tools/bin/../lib/gcc/arm-none-eabi/13.2.1/thumb/v7e-m+fp/hard\libcr_eabihelpers.a(double.o)
                0x70008384                __aeabi_dsub
 .text.__aeabi_dadd
                0x70008538      0x118 C:/nxp/MCUXpressoIDE_24.9.25/ide/plugins/com.nxp.mcuxpresso.tools.win32_24.9.0.202407110857/tools/bin/../lib/gcc/arm-none-eabi/13.2.1/thumb/v7e-m+fp/hard\libcr_eabihelpers.a(double.o)
                0x70008538                __aeabi_dadd
 .text.__sys_appexit
                0x70008650        0xc C:/nxp/MCUXpressoIDE_24.9.25/ide/plugins/com.nxp.mcuxpresso.tools.win32_24.9.0.202407110857/tools/bin/../lib/gcc/arm-none-eabi/13.2.1/../../../../arm-none-eabi/lib/thumb/v7e-m+fp/hard\libcr_semihost_nf.a(__sys_appexit.o)
                0x70008650                __sys_appexit
                0x70008650                __exit
 .text.fsl_assert_hook
                0x7000865c       0x1a ./utilities/fsl_assert.o
                0x7000865c                fsl_assert_hook
 .text.DMA0_DMA16_IRQHandler
                0x70008676        0x8 ./startup/startup_mimxrt1064.o
                0x70008676                DMA0_DMA16_IRQHandler
 .text.DMA1_DMA17_IRQHandler
                0x7000867e        0x8 ./startup/startup_mimxrt1064.o
                0x7000867e                DMA1_DMA17_IRQHandler
 .text.DMA2_DMA18_IRQHandler
                0x70008686        0x8 ./startup/startup_mimxrt1064.o
                0x70008686                DMA2_DMA18_IRQHandler
 .text.DMA3_DMA19_IRQHandler
                0x7000868e        0x8 ./startup/startup_mimxrt1064.o
                0x7000868e                DMA3_DMA19_IRQHandler
 .text.DMA4_DMA20_IRQHandler
                0x70008696        0x8 ./startup/startup_mimxrt1064.o
                0x70008696                DMA4_DMA20_IRQHandler
 .text.DMA5_DMA21_IRQHandler
                0x7000869e        0x8 ./startup/startup_mimxrt1064.o
                0x7000869e                DMA5_DMA21_IRQHandler
 .text.DMA6_DMA22_IRQHandler
                0x700086a6        0x8 ./startup/startup_mimxrt1064.o
                0x700086a6                DMA6_DMA22_IRQHandler
 .text.DMA7_DMA23_IRQHandler
                0x700086ae        0x8 ./startup/startup_mimxrt1064.o
                0x700086ae                DMA7_DMA23_IRQHandler
 .text.DMA8_DMA24_IRQHandler
                0x700086b6        0x8 ./startup/startup_mimxrt1064.o
                0x700086b6                DMA8_DMA24_IRQHandler
 .text.DMA9_DMA25_IRQHandler
                0x700086be        0x8 ./startup/startup_mimxrt1064.o
                0x700086be                DMA9_DMA25_IRQHandler
 .text.DMA10_DMA26_IRQHandler
                0x700086c6        0x8 ./startup/startup_mimxrt1064.o
                0x700086c6                DMA10_DMA26_IRQHandler
 .text.DMA11_DMA27_IRQHandler
                0x700086ce        0x8 ./startup/startup_mimxrt1064.o
                0x700086ce                DMA11_DMA27_IRQHandler
 .text.DMA12_DMA28_IRQHandler
                0x700086d6        0x8 ./startup/startup_mimxrt1064.o
                0x700086d6                DMA12_DMA28_IRQHandler
 .text.DMA13_DMA29_IRQHandler
                0x700086de        0x8 ./startup/startup_mimxrt1064.o
                0x700086de                DMA13_DMA29_IRQHandler
 .text.DMA14_DMA30_IRQHandler
                0x700086e6        0x8 ./startup/startup_mimxrt1064.o
                0x700086e6                DMA14_DMA30_IRQHandler
 .text.DMA15_DMA31_IRQHandler
                0x700086ee        0x8 ./startup/startup_mimxrt1064.o
                0x700086ee                DMA15_DMA31_IRQHandler
 .text.DMA_ERROR_IRQHandler
                0x700086f6        0x8 ./startup/startup_mimxrt1064.o
                0x700086f6                DMA_ERROR_IRQHandler
 .text.CTI0_ERROR_IRQHandler
                0x700086fe        0x8 ./startup/startup_mimxrt1064.o
                0x700086fe                CTI0_ERROR_IRQHandler
 .text.CTI1_ERROR_IRQHandler
                0x70008706        0x8 ./startup/startup_mimxrt1064.o
                0x70008706                CTI1_ERROR_IRQHandler
 .text.CORE_IRQHandler
                0x7000870e        0x8 ./startup/startup_mimxrt1064.o
                0x7000870e                CORE_IRQHandler
 .text.LPUART1_IRQHandler
                0x70008716        0x8 ./startup/startup_mimxrt1064.o
                0x70008716                LPUART1_IRQHandler
 .text.LPUART2_IRQHandler
                0x7000871e        0x8 ./startup/startup_mimxrt1064.o
                0x7000871e                LPUART2_IRQHandler
 .text.LPUART3_IRQHandler
                0x70008726        0x8 ./startup/startup_mimxrt1064.o
                0x70008726                LPUART3_IRQHandler
 .text.LPUART4_IRQHandler
                0x7000872e        0x8 ./startup/startup_mimxrt1064.o
                0x7000872e                LPUART4_IRQHandler
 .text.LPUART5_IRQHandler
                0x70008736        0x8 ./startup/startup_mimxrt1064.o
                0x70008736                LPUART5_IRQHandler
 .text.LPUART6_IRQHandler
                0x7000873e        0x8 ./startup/startup_mimxrt1064.o
                0x7000873e                LPUART6_IRQHandler
 .text.LPUART7_IRQHandler
                0x70008746        0x8 ./startup/startup_mimxrt1064.o
                0x70008746                LPUART7_IRQHandler
 .text.LPUART8_IRQHandler
                0x7000874e        0x8 ./startup/startup_mimxrt1064.o
                0x7000874e                LPUART8_IRQHandler
 .text.LPI2C1_IRQHandler
                0x70008756        0x8 ./startup/startup_mimxrt1064.o
                0x70008756                LPI2C1_IRQHandler
 .text.LPI2C2_IRQHandler
                0x7000875e        0x8 ./startup/startup_mimxrt1064.o
                0x7000875e                LPI2C2_IRQHandler
 .text.LPI2C3_IRQHandler
                0x70008766        0x8 ./startup/startup_mimxrt1064.o
                0x70008766                LPI2C3_IRQHandler
 .text.LPI2C4_IRQHandler
                0x7000876e        0x8 ./startup/startup_mimxrt1064.o
                0x7000876e                LPI2C4_IRQHandler
 .text.LPSPI1_IRQHandler
                0x70008776        0x8 ./startup/startup_mimxrt1064.o
                0x70008776                LPSPI1_IRQHandler
 .text.LPSPI2_IRQHandler
                0x7000877e        0x8 ./startup/startup_mimxrt1064.o
                0x7000877e                LPSPI2_IRQHandler
 .text.LPSPI3_IRQHandler
                0x70008786        0x8 ./startup/startup_mimxrt1064.o
                0x70008786                LPSPI3_IRQHandler
 .text.LPSPI4_IRQHandler
                0x7000878e        0x8 ./startup/startup_mimxrt1064.o
                0x7000878e                LPSPI4_IRQHandler
 .text.CAN1_IRQHandler
                0x70008796        0x8 ./startup/startup_mimxrt1064.o
                0x70008796                CAN1_IRQHandler
 .text.CAN2_IRQHandler
                0x7000879e        0x8 ./startup/startup_mimxrt1064.o
                0x7000879e                CAN2_IRQHandler
 .text.FLEXRAM_IRQHandler
                0x700087a6        0x8 ./startup/startup_mimxrt1064.o
                0x700087a6                FLEXRAM_IRQHandler
 .text.KPP_IRQHandler
                0x700087ae        0x8 ./startup/startup_mimxrt1064.o
                0x700087ae                KPP_IRQHandler
 .text.TSC_DIG_IRQHandler
                0x700087b6        0x8 ./startup/startup_mimxrt1064.o
                0x700087b6                TSC_DIG_IRQHandler
 .text.GPR_IRQ_IRQHandler
                0x700087be        0x8 ./startup/startup_mimxrt1064.o
                0x700087be                GPR_IRQ_IRQHandler
 .text.LCDIF_IRQHandler
                0x700087c6        0x8 ./startup/startup_mimxrt1064.o
                0x700087c6                LCDIF_IRQHandler
 .text.CSI_IRQHandler
                0x700087ce        0x8 ./startup/startup_mimxrt1064.o
                0x700087ce                CSI_IRQHandler
 .text.PXP_IRQHandler
                0x700087d6        0x8 ./startup/startup_mimxrt1064.o
                0x700087d6                PXP_IRQHandler
 .text.WDOG2_IRQHandler
                0x700087de        0x8 ./startup/startup_mimxrt1064.o
                0x700087de                WDOG2_IRQHandler
 .text.SNVS_HP_WRAPPER_IRQHandler
                0x700087e6        0x8 ./startup/startup_mimxrt1064.o
                0x700087e6                SNVS_HP_WRAPPER_IRQHandler
 .text.SNVS_HP_WRAPPER_TZ_IRQHandler
                0x700087ee        0x8 ./startup/startup_mimxrt1064.o
                0x700087ee                SNVS_HP_WRAPPER_TZ_IRQHandler
 .text.SNVS_LP_WRAPPER_IRQHandler
                0x700087f6        0x8 ./startup/startup_mimxrt1064.o
                0x700087f6                SNVS_LP_WRAPPER_IRQHandler
 .text.CSU_IRQHandler
                0x700087fe        0x8 ./startup/startup_mimxrt1064.o
                0x700087fe                CSU_IRQHandler
 .text.DCP_IRQHandler
                0x70008806        0x8 ./startup/startup_mimxrt1064.o
                0x70008806                DCP_IRQHandler
 .text.DCP_VMI_IRQHandler
                0x7000880e        0x8 ./startup/startup_mimxrt1064.o
                0x7000880e                DCP_VMI_IRQHandler
 .text.Reserved68_IRQHandler
                0x70008816        0x8 ./startup/startup_mimxrt1064.o
                0x70008816                Reserved68_IRQHandler
 .text.TRNG_IRQHandler
                0x7000881e        0x8 ./startup/startup_mimxrt1064.o
                0x7000881e                TRNG_IRQHandler
 .text.SJC_IRQHandler
                0x70008826        0x8 ./startup/startup_mimxrt1064.o
                0x70008826                SJC_IRQHandler
 .text.BEE_IRQHandler
                0x7000882e        0x8 ./startup/startup_mimxrt1064.o
                0x7000882e                BEE_IRQHandler
 .text.SAI1_IRQHandler
                0x70008836        0x8 ./startup/startup_mimxrt1064.o
                0x70008836                SAI1_IRQHandler
 .text.SAI2_IRQHandler
                0x7000883e        0x8 ./startup/startup_mimxrt1064.o
                0x7000883e                SAI2_IRQHandler
 .text.SAI3_RX_IRQHandler
                0x70008846        0x8 ./startup/startup_mimxrt1064.o
                0x70008846                SAI3_RX_IRQHandler
 .text.SAI3_TX_IRQHandler
                0x7000884e        0x8 ./startup/startup_mimxrt1064.o
                0x7000884e                SAI3_TX_IRQHandler
 .text.SPDIF_IRQHandler
                0x70008856        0x8 ./startup/startup_mimxrt1064.o
                0x70008856                SPDIF_IRQHandler
 .text.PMU_EVENT_IRQHandler
                0x7000885e        0x8 ./startup/startup_mimxrt1064.o
                0x7000885e                PMU_EVENT_IRQHandler
 .text.Reserved78_IRQHandler
                0x70008866        0x8 ./startup/startup_mimxrt1064.o
                0x70008866                Reserved78_IRQHandler
 .text.TEMP_LOW_HIGH_IRQHandler
                0x7000886e        0x8 ./startup/startup_mimxrt1064.o
                0x7000886e                TEMP_LOW_HIGH_IRQHandler
 .text.TEMP_PANIC_IRQHandler
                0x70008876        0x8 ./startup/startup_mimxrt1064.o
                0x70008876                TEMP_PANIC_IRQHandler
 .text.USB_PHY1_IRQHandler
                0x7000887e        0x8 ./startup/startup_mimxrt1064.o
                0x7000887e                USB_PHY1_IRQHandler
 .text.USB_PHY2_IRQHandler
                0x70008886        0x8 ./startup/startup_mimxrt1064.o
                0x70008886                USB_PHY2_IRQHandler
 .text.ADC1_IRQHandler
                0x7000888e        0x8 ./startup/startup_mimxrt1064.o
                0x7000888e                ADC1_IRQHandler
 .text.ADC2_IRQHandler
                0x70008896        0x8 ./startup/startup_mimxrt1064.o
                0x70008896                ADC2_IRQHandler
 .text.DCDC_IRQHandler
                0x7000889e        0x8 ./startup/startup_mimxrt1064.o
                0x7000889e                DCDC_IRQHandler
 .text.Reserved86_IRQHandler
                0x700088a6        0x8 ./startup/startup_mimxrt1064.o
                0x700088a6                Reserved86_IRQHandler
 .text.GPIO10_IRQHandler
                0x700088ae        0x8 ./startup/startup_mimxrt1064.o
                0x700088ae                GPIO10_IRQHandler
 .text.GPIO1_INT0_IRQHandler
                0x700088b6        0x8 ./startup/startup_mimxrt1064.o
                0x700088b6                GPIO1_INT0_IRQHandler
 .text.GPIO1_INT1_IRQHandler
                0x700088be        0x8 ./startup/startup_mimxrt1064.o
                0x700088be                GPIO1_INT1_IRQHandler
 .text.GPIO1_INT2_IRQHandler
                0x700088c6        0x8 ./startup/startup_mimxrt1064.o
                0x700088c6                GPIO1_INT2_IRQHandler
 .text.GPIO1_INT3_IRQHandler
                0x700088ce        0x8 ./startup/startup_mimxrt1064.o
                0x700088ce                GPIO1_INT3_IRQHandler
 .text.GPIO1_INT4_IRQHandler
                0x700088d6        0x8 ./startup/startup_mimxrt1064.o
                0x700088d6                GPIO1_INT4_IRQHandler
 .text.GPIO1_INT5_IRQHandler
                0x700088de        0x8 ./startup/startup_mimxrt1064.o
                0x700088de                GPIO1_INT5_IRQHandler
 .text.GPIO1_INT6_IRQHandler
                0x700088e6        0x8 ./startup/startup_mimxrt1064.o
                0x700088e6                GPIO1_INT6_IRQHandler
 .text.GPIO1_INT7_IRQHandler
                0x700088ee        0x8 ./startup/startup_mimxrt1064.o
                0x700088ee                GPIO1_INT7_IRQHandler
 .text.GPIO1_Combined_0_15_IRQHandler
                0x700088f6        0x8 ./startup/startup_mimxrt1064.o
                0x700088f6                GPIO1_Combined_0_15_IRQHandler
 .text.GPIO1_Combined_16_31_IRQHandler
                0x700088fe        0x8 ./startup/startup_mimxrt1064.o
                0x700088fe                GPIO1_Combined_16_31_IRQHandler
 .text.GPIO2_Combined_0_15_IRQHandler
                0x70008906        0x8 ./startup/startup_mimxrt1064.o
                0x70008906                GPIO2_Combined_0_15_IRQHandler
 .text.GPIO2_Combined_16_31_IRQHandler
                0x7000890e        0x8 ./startup/startup_mimxrt1064.o
                0x7000890e                GPIO2_Combined_16_31_IRQHandler
 .text.GPIO3_Combined_0_15_IRQHandler
                0x70008916        0x8 ./startup/startup_mimxrt1064.o
                0x70008916                GPIO3_Combined_0_15_IRQHandler
 .text.GPIO3_Combined_16_31_IRQHandler
                0x7000891e        0x8 ./startup/startup_mimxrt1064.o
                0x7000891e                GPIO3_Combined_16_31_IRQHandler
 .text.GPIO4_Combined_0_15_IRQHandler
                0x70008926        0x8 ./startup/startup_mimxrt1064.o
                0x70008926                GPIO4_Combined_0_15_IRQHandler
 .text.GPIO4_Combined_16_31_IRQHandler
                0x7000892e        0x8 ./startup/startup_mimxrt1064.o
                0x7000892e                GPIO4_Combined_16_31_IRQHandler
 .text.GPIO5_Combined_0_15_IRQHandler
                0x70008936        0x8 ./startup/startup_mimxrt1064.o
                0x70008936                GPIO5_Combined_0_15_IRQHandler
 .text.GPIO5_Combined_16_31_IRQHandler
                0x7000893e        0x8 ./startup/startup_mimxrt1064.o
                0x7000893e                GPIO5_Combined_16_31_IRQHandler
 .text.FLEXIO1_IRQHandler
                0x70008946        0x8 ./startup/startup_mimxrt1064.o
                0x70008946                FLEXIO1_IRQHandler
 .text.FLEXIO2_IRQHandler
                0x7000894e        0x8 ./startup/startup_mimxrt1064.o
                0x7000894e                FLEXIO2_IRQHandler
 .text.WDOG1_IRQHandler
                0x70008956        0x8 ./startup/startup_mimxrt1064.o
                0x70008956                WDOG1_IRQHandler
 .text.RTWDOG_IRQHandler
                0x7000895e        0x8 ./startup/startup_mimxrt1064.o
                0x7000895e                RTWDOG_IRQHandler
 .text.EWM_IRQHandler
                0x70008966        0x8 ./startup/startup_mimxrt1064.o
                0x70008966                EWM_IRQHandler
 .text.CCM_1_IRQHandler
                0x7000896e        0x8 ./startup/startup_mimxrt1064.o
                0x7000896e                CCM_1_IRQHandler
 .text.CCM_2_IRQHandler
                0x70008976        0x8 ./startup/startup_mimxrt1064.o
                0x70008976                CCM_2_IRQHandler
 .text.GPC_IRQHandler
                0x7000897e        0x8 ./startup/startup_mimxrt1064.o
                0x7000897e                GPC_IRQHandler
 .text.SRC_IRQHandler
                0x70008986        0x8 ./startup/startup_mimxrt1064.o
                0x70008986                SRC_IRQHandler
 .text.Reserved115_IRQHandler
                0x7000898e        0x8 ./startup/startup_mimxrt1064.o
                0x7000898e                Reserved115_IRQHandler
 .text.GPT1_IRQHandler
                0x70008996        0x8 ./startup/startup_mimxrt1064.o
                0x70008996                GPT1_IRQHandler
 .text.GPT2_IRQHandler
                0x7000899e        0x8 ./startup/startup_mimxrt1064.o
                0x7000899e                GPT2_IRQHandler
 .text.PWM1_0_IRQHandler
                0x700089a6        0x8 ./startup/startup_mimxrt1064.o
                0x700089a6                PWM1_0_IRQHandler
 .text.PWM1_1_IRQHandler
                0x700089ae        0x8 ./startup/startup_mimxrt1064.o
                0x700089ae                PWM1_1_IRQHandler
 .text.PWM1_2_IRQHandler
                0x700089b6        0x8 ./startup/startup_mimxrt1064.o
                0x700089b6                PWM1_2_IRQHandler
 .text.PWM1_3_IRQHandler
                0x700089be        0x8 ./startup/startup_mimxrt1064.o
                0x700089be                PWM1_3_IRQHandler
 .text.PWM1_FAULT_IRQHandler
                0x700089c6        0x8 ./startup/startup_mimxrt1064.o
                0x700089c6                PWM1_FAULT_IRQHandler
 .text.FLEXSPI2_IRQHandler
                0x700089ce        0x8 ./startup/startup_mimxrt1064.o
                0x700089ce                FLEXSPI2_IRQHandler
 .text.FLEXSPI_IRQHandler
                0x700089d6        0x8 ./startup/startup_mimxrt1064.o
                0x700089d6                FLEXSPI_IRQHandler
 .text.SEMC_IRQHandler
                0x700089de        0x8 ./startup/startup_mimxrt1064.o
                0x700089de                SEMC_IRQHandler
 .text.USDHC1_IRQHandler
                0x700089e6        0x8 ./startup/startup_mimxrt1064.o
                0x700089e6                USDHC1_IRQHandler
 .text.USDHC2_IRQHandler
                0x700089ee        0x8 ./startup/startup_mimxrt1064.o
                0x700089ee                USDHC2_IRQHandler
 .text.USB_OTG2_IRQHandler
                0x700089f6        0x8 ./startup/startup_mimxrt1064.o
                0x700089f6                USB_OTG2_IRQHandler
 .text.USB_OTG1_IRQHandler
                0x700089fe        0x8 ./startup/startup_mimxrt1064.o
                0x700089fe                USB_OTG1_IRQHandler
 .text.ENET_IRQHandler
                0x70008a06        0x8 ./startup/startup_mimxrt1064.o
                0x70008a06                ENET_IRQHandler
 .text.ENET_1588_Timer_IRQHandler
                0x70008a0e        0x8 ./startup/startup_mimxrt1064.o
                0x70008a0e                ENET_1588_Timer_IRQHandler
 .text.XBAR1_IRQ_0_1_IRQHandler
                0x70008a16        0x8 ./startup/startup_mimxrt1064.o
                0x70008a16                XBAR1_IRQ_0_1_IRQHandler
 .text.XBAR1_IRQ_2_3_IRQHandler
                0x70008a1e        0x8 ./startup/startup_mimxrt1064.o
                0x70008a1e                XBAR1_IRQ_2_3_IRQHandler
 .text.ADC_ETC_IRQ0_IRQHandler
                0x70008a26        0x8 ./startup/startup_mimxrt1064.o
                0x70008a26                ADC_ETC_IRQ0_IRQHandler
 .text.ADC_ETC_IRQ1_IRQHandler
                0x70008a2e        0x8 ./startup/startup_mimxrt1064.o
                0x70008a2e                ADC_ETC_IRQ1_IRQHandler
 .text.ADC_ETC_IRQ2_IRQHandler
                0x70008a36        0x8 ./startup/startup_mimxrt1064.o
                0x70008a36                ADC_ETC_IRQ2_IRQHandler
 .text.ADC_ETC_ERROR_IRQ_IRQHandler
                0x70008a3e        0x8 ./startup/startup_mimxrt1064.o
                0x70008a3e                ADC_ETC_ERROR_IRQ_IRQHandler
 .text.PIT_IRQHandler
                0x70008a46        0x8 ./startup/startup_mimxrt1064.o
                0x70008a46                PIT_IRQHandler
 .text.ACMP1_IRQHandler
                0x70008a4e        0x8 ./startup/startup_mimxrt1064.o
                0x70008a4e                ACMP1_IRQHandler
 .text.ACMP2_IRQHandler
                0x70008a56        0x8 ./startup/startup_mimxrt1064.o
                0x70008a56                ACMP2_IRQHandler
 .text.ACMP3_IRQHandler
                0x70008a5e        0x8 ./startup/startup_mimxrt1064.o
                0x70008a5e                ACMP3_IRQHandler
 .text.ACMP4_IRQHandler
                0x70008a66        0x8 ./startup/startup_mimxrt1064.o
                0x70008a66                ACMP4_IRQHandler
 .text.Reserved143_IRQHandler
                0x70008a6e        0x8 ./startup/startup_mimxrt1064.o
                0x70008a6e                Reserved143_IRQHandler
 .text.Reserved144_IRQHandler
                0x70008a76        0x8 ./startup/startup_mimxrt1064.o
                0x70008a76                Reserved144_IRQHandler
 .text.ENC1_IRQHandler
                0x70008a7e        0x8 ./startup/startup_mimxrt1064.o
                0x70008a7e                ENC1_IRQHandler
 .text.ENC2_IRQHandler
                0x70008a86        0x8 ./startup/startup_mimxrt1064.o
                0x70008a86                ENC2_IRQHandler
 .text.ENC3_IRQHandler
                0x70008a8e        0x8 ./startup/startup_mimxrt1064.o
                0x70008a8e                ENC3_IRQHandler
 .text.ENC4_IRQHandler
                0x70008a96        0x8 ./startup/startup_mimxrt1064.o
                0x70008a96                ENC4_IRQHandler
 .text.TMR1_IRQHandler
                0x70008a9e        0x8 ./startup/startup_mimxrt1064.o
                0x70008a9e                TMR1_IRQHandler
 .text.TMR2_IRQHandler
                0x70008aa6        0x8 ./startup/startup_mimxrt1064.o
                0x70008aa6                TMR2_IRQHandler
 .text.TMR3_IRQHandler
                0x70008aae        0x8 ./startup/startup_mimxrt1064.o
                0x70008aae                TMR3_IRQHandler
 .text.TMR4_IRQHandler
                0x70008ab6        0x8 ./startup/startup_mimxrt1064.o
                0x70008ab6                TMR4_IRQHandler
 .text.PWM2_0_IRQHandler
                0x70008abe        0x8 ./startup/startup_mimxrt1064.o
                0x70008abe                PWM2_0_IRQHandler
 .text.PWM2_1_IRQHandler
                0x70008ac6        0x8 ./startup/startup_mimxrt1064.o
                0x70008ac6                PWM2_1_IRQHandler
 .text.PWM2_2_IRQHandler
                0x70008ace        0x8 ./startup/startup_mimxrt1064.o
                0x70008ace                PWM2_2_IRQHandler
 .text.PWM2_3_IRQHandler
                0x70008ad6        0x8 ./startup/startup_mimxrt1064.o
                0x70008ad6                PWM2_3_IRQHandler
 .text.PWM2_FAULT_IRQHandler
                0x70008ade        0x8 ./startup/startup_mimxrt1064.o
                0x70008ade                PWM2_FAULT_IRQHandler
 .text.PWM3_0_IRQHandler
                0x70008ae6        0x8 ./startup/startup_mimxrt1064.o
                0x70008ae6                PWM3_0_IRQHandler
 .text.PWM3_1_IRQHandler
                0x70008aee        0x8 ./startup/startup_mimxrt1064.o
                0x70008aee                PWM3_1_IRQHandler
 .text.PWM3_2_IRQHandler
                0x70008af6        0x8 ./startup/startup_mimxrt1064.o
                0x70008af6                PWM3_2_IRQHandler
 .text.PWM3_3_IRQHandler
                0x70008afe        0x8 ./startup/startup_mimxrt1064.o
                0x70008afe                PWM3_3_IRQHandler
 .text.PWM3_FAULT_IRQHandler
                0x70008b06        0x8 ./startup/startup_mimxrt1064.o
                0x70008b06                PWM3_FAULT_IRQHandler
 .text.PWM4_0_IRQHandler
                0x70008b0e        0x8 ./startup/startup_mimxrt1064.o
                0x70008b0e                PWM4_0_IRQHandler
 .text.PWM4_1_IRQHandler
                0x70008b16        0x8 ./startup/startup_mimxrt1064.o
                0x70008b16                PWM4_1_IRQHandler
 .text.PWM4_2_IRQHandler
                0x70008b1e        0x8 ./startup/startup_mimxrt1064.o
                0x70008b1e                PWM4_2_IRQHandler
 .text.PWM4_3_IRQHandler
                0x70008b26        0x8 ./startup/startup_mimxrt1064.o
                0x70008b26                PWM4_3_IRQHandler
 .text.PWM4_FAULT_IRQHandler
                0x70008b2e        0x8 ./startup/startup_mimxrt1064.o
                0x70008b2e                PWM4_FAULT_IRQHandler
 .text.ENET2_IRQHandler
                0x70008b36        0x8 ./startup/startup_mimxrt1064.o
                0x70008b36                ENET2_IRQHandler
 .text.ENET2_1588_Timer_IRQHandler
                0x70008b3e        0x8 ./startup/startup_mimxrt1064.o
                0x70008b3e                ENET2_1588_Timer_IRQHandler
 .text.CAN3_IRQHandler
                0x70008b46        0x8 ./startup/startup_mimxrt1064.o
                0x70008b46                CAN3_IRQHandler
 .text.Reserved171_IRQHandler
                0x70008b4e        0x8 ./startup/startup_mimxrt1064.o
                0x70008b4e                Reserved171_IRQHandler
 .text.FLEXIO3_IRQHandler
                0x70008b56        0x8 ./startup/startup_mimxrt1064.o
                0x70008b56                FLEXIO3_IRQHandler
 .text.GPIO6_7_8_9_IRQHandler
                0x70008b5e        0x8 ./startup/startup_mimxrt1064.o
                0x70008b5e                GPIO6_7_8_9_IRQHandler
 .text.HardFault_Handler
                0x70008b66       0x36 ./source/semihost_hardfault.o
                0x70008b66                HardFault_Handler
 .text.vListInitialise
                0x70008b9c       0x40 ./freertos/freertos-kernel/list.o
                0x70008b9c                vListInitialise
 .text.vListInitialiseItem
                0x70008bdc       0x1a ./freertos/freertos-kernel/list.o
                0x70008bdc                vListInitialiseItem
 .text.vListInsert
                0x70008bf6       0x72 ./freertos/freertos-kernel/list.o
                0x70008bf6                vListInsert
 .text.uxListRemove
                0x70008c68       0x54 ./freertos/freertos-kernel/list.o
                0x70008c68                uxListRemove
 .text.xQueueGenericCreate
                0x70008cbc       0x9e ./freertos/freertos-kernel/queue.o
                0x70008cbc                xQueueGenericCreate
 .text.prvInitialiseNewQueue
                0x70008d5a       0x46 ./freertos/freertos-kernel/queue.o
 .text.prvCopyDataFromQueue
                0x70008da0       0x4c ./freertos/freertos-kernel/queue.o
 .text.prvUnlockQueue
                0x70008dec       0xa4 ./freertos/freertos-kernel/queue.o
 .text.prvIsQueueEmpty
                0x70008e90       0x2c ./freertos/freertos-kernel/queue.o
 .text.vQueueWaitForMessageRestricted
                0x70008ebc       0x68 ./freertos/freertos-kernel/queue.o
                0x70008ebc                vQueueWaitForMessageRestricted
 .text.prvCreateTask
                0x70008f24       0x7a ./freertos/freertos-kernel/tasks.o
 .text.xTaskCreate
                0x70008f9e       0x48 ./freertos/freertos-kernel/tasks.o
                0x70008f9e                xTaskCreate
 .text.prvInitialiseNewTask
                0x70008fe6      0x120 ./freertos/freertos-kernel/tasks.o
 .text.prvDeleteTCB
                0x70009106       0x20 ./freertos/freertos-kernel/tasks.o
 .text.prvReloadTimer
                0x70009126       0x42 ./freertos/freertos-kernel/timers.o
 .text.prvTimerTask
                0x70009168       0x26 ./freertos/freertos-kernel/timers.o
 .text.CLOCK_IsPllBypassed
                0x7000918e       0x32 ./drivers/fsl_clock.o
 .text.CLOCK_IsPllEnabled
                0x700091c0       0x3c ./drivers/fsl_clock.o
 .text.CLOCK_GetPllBypassRefClk
                0x700091fc       0x32 ./drivers/fsl_clock.o
 .text._SDK_AtomicLocalClearAndSet4Byte
                0x7000922e       0x50 ./drivers/fsl_lpuart.o
 .text.CLOCK_EnableClock
                0x7000927e       0x1e ./drivers/fsl_lpuart.o
 .text.EnableIRQ
                0x7000929c       0x32 ./drivers/fsl_lpuart.o
 .text.DisableGlobalIRQ
                0x700092ce       0x22 ./drivers/fsl_lpuart.o
 .text.EnableGlobalIRQ
                0x700092f0       0x20 ./drivers/fsl_lpuart.o
 .text.LPUART_SoftwareReset
                0x70009310       0x2c ./drivers/fsl_lpuart.o
 .text.LPUART_TransferHandleReceiveDataFull
                0x7000933c      0x1e8 ./drivers/fsl_lpuart.o
 .text.LPUART_TransferHandleSendDataEmpty
                0x70009524       0xcc ./drivers/fsl_lpuart.o
 .text.LPUART_TransferHandleTransmissionComplete
                0x700095f0       0x4c ./drivers/fsl_lpuart.o
 .text.SystemInitHook
                0x7000963c        0xe ./device/system_MIMXRT1064.o
                0x7000963c                SystemInitHook
 .text.DbgConsole_Init
                0x7000964a       0x20 ./board/board.o
 .text.BOARD_InitDebugConsole
                0x7000966a       0x22 ./board/board.o
                0x7000966a                BOARD_InitDebugConsole
 .text._SDK_AtomicLocalClearAndSet4Byte
                0x7000968c       0x50 ./board/clock_config.o
 .text.CLOCK_DisableClock
                0x700096dc       0x1e ./board/clock_config.o
 .text.CLOCK_SetPllBypass
                0x700096fa       0x4e ./board/clock_config.o
 .text.IOMUXC_SetSaiMClkClockSource
                0x70009748       0x6c ./board/clock_config.o
 .text.BOARD_InitBootClocks
                0x700097b4        0xc ./board/clock_config.o
                0x700097b4                BOARD_InitBootClocks
 .text.BOARD_InitPeripherals
                0x700097c0        0xc ./board/peripherals.o
                0x700097c0                BOARD_InitPeripherals
 .text.BOARD_InitBootPeripherals
                0x700097cc        0xc ./board/peripherals.o
                0x700097cc                BOARD_InitBootPeripherals
 .text._SDK_AtomicLocalClearAndSet4Byte
                0x700097d8       0x50 ./board/pin_mux.o
 .text.CLOCK_EnableClock
                0x70009828       0x1e ./board/pin_mux.o
 .text.IOMUXC_SetPinMux
                0x70009846       0x3a ./board/pin_mux.o
 .text.IOMUXC_SetPinConfig
                0x70009880       0x26 ./board/pin_mux.o
 .text.BOARD_InitBootPins
                0x700098a6       0x10 ./board/pin_mux.o
                0x700098a6                BOARD_InitBootPins
 .text.BOARD_InitPins
                0x700098b6        0xe ./board/pin_mux.o
                0x700098b6                BOARD_InitPins
 .text.__main   0x700098c4        0xe C:/nxp/MCUXpressoIDE_24.9.25/ide/plugins/com.nxp.mcuxpresso.tools.win32_24.9.0.202407110857/tools/bin/../lib/gcc/arm-none-eabi/13.2.1/../../../../arm-none-eabi/lib/thumb/v7e-m+fp/hard\libcr_semihost_nf.a(_cr__main.o)
                0x700098c4                __CR_SEMIHOST
                0x700098c4                __main
 .text.memcpy   0x700098d2        0x4 C:/nxp/MCUXpressoIDE_24.9.25/ide/plugins/com.nxp.mcuxpresso.tools.win32_24.9.0.202407110857/tools/bin/../lib/gcc/arm-none-eabi/13.2.1/../../../../arm-none-eabi/lib/thumb/v7e-m+fp/hard\libcr_c.a(memcpy.o)
                0x700098d2                memcpy
 .text.memset   0x700098d6        0x4 C:/nxp/MCUXpressoIDE_24.9.25/ide/plugins/com.nxp.mcuxpresso.tools.win32_24.9.0.202407110857/tools/bin/../lib/gcc/arm-none-eabi/13.2.1/../../../../arm-none-eabi/lib/thumb/v7e-m+fp/hard\libcr_c.a(memset.o)
                0x700098d6                memset
 .text.free     0x700098da       0x30 C:/nxp/MCUXpressoIDE_24.9.25/ide/plugins/com.nxp.mcuxpresso.tools.win32_24.9.0.202407110857/tools/bin/../lib/gcc/arm-none-eabi/13.2.1/../../../../arm-none-eabi/lib/thumb/v7e-m+fp/hard\libcr_c.a(alloc.o)
                0x700098da                free
 .text.fp_round
                0x7000990a       0x4e C:/nxp/MCUXpressoIDE_24.9.25/ide/plugins/com.nxp.mcuxpresso.tools.win32_24.9.0.202407110857/tools/bin/../lib/gcc/arm-none-eabi/13.2.1/../../../../arm-none-eabi/lib/thumb/v7e-m+fp/hard\libcr_c.a(fpprintf.o)
 .text.pr_dec.constprop.0
                0x70009958       0x24 C:/nxp/MCUXpressoIDE_24.9.25/ide/plugins/com.nxp.mcuxpresso.tools.win32_24.9.0.202407110857/tools/bin/../lib/gcc/arm-none-eabi/13.2.1/../../../../arm-none-eabi/lib/thumb/v7e-m+fp/hard\libcr_c.a(fpprintf.o)
 .text.setvbuf  0x7000997c       0x3e C:/nxp/MCUXpressoIDE_24.9.25/ide/plugins/com.nxp.mcuxpresso.tools.win32_24.9.0.202407110857/tools/bin/../lib/gcc/arm-none-eabi/13.2.1/../../../../arm-none-eabi/lib/thumb/v7e-m+fp/hard\libcr_c.a(setvbuf.o)
                0x7000997c                setvbuf
 .text.strlen   0x700099ba       0x4e C:/nxp/MCUXpressoIDE_24.9.25/ide/plugins/com.nxp.mcuxpresso.tools.win32_24.9.0.202407110857/tools/bin/../lib/gcc/arm-none-eabi/13.2.1/../../../../arm-none-eabi/lib/thumb/v7e-m+fp/hard\libcr_c.a(strlen.o)
                0x700099ba                strlen
 .text._deferredlazyseek
                0x70009a08       0x40 C:/nxp/MCUXpressoIDE_24.9.25/ide/plugins/com.nxp.mcuxpresso.tools.win32_24.9.0.202407110857/tools/bin/../lib/gcc/arm-none-eabi/13.2.1/../../../../arm-none-eabi/lib/thumb/v7e-m+fp/hard\libcr_c.a(_deferredlazyseek.o)
                0x70009a08                _deferredlazyseek
 .text.__flsbuf
                0x70009a48      0x126 C:/nxp/MCUXpressoIDE_24.9.25/ide/plugins/com.nxp.mcuxpresso.tools.win32_24.9.0.202407110857/tools/bin/../lib/gcc/arm-none-eabi/13.2.1/../../../../arm-none-eabi/lib/thumb/v7e-m+fp/hard\libcr_c.a(_deferredlazyseek.o)
                0x70009a48                __flsbuf
 .text._fdopen  0x70009b6e       0x68 C:/nxp/MCUXpressoIDE_24.9.25/ide/plugins/com.nxp.mcuxpresso.tools.win32_24.9.0.202407110857/tools/bin/../lib/gcc/arm-none-eabi/13.2.1/../../../../arm-none-eabi/lib/thumb/v7e-m+fp/hard\libcr_c.a(_fdopen.o)
                0x70009b6e                _fdopen
 .text._fflush  0x70009bd6       0x52 C:/nxp/MCUXpressoIDE_24.9.25/ide/plugins/com.nxp.mcuxpresso.tools.win32_24.9.0.202407110857/tools/bin/../lib/gcc/arm-none-eabi/13.2.1/../../../../arm-none-eabi/lib/thumb/v7e-m+fp/hard\libcr_c.a(_fflush.o)
                0x70009bd6                _fflush
 .text.fclose   0x70009c28       0x58 C:/nxp/MCUXpressoIDE_24.9.25/ide/plugins/com.nxp.mcuxpresso.tools.win32_24.9.0.202407110857/tools/bin/../lib/gcc/arm-none-eabi/13.2.1/../../../../arm-none-eabi/lib/thumb/v7e-m+fp/hard\libcr_c.a(fclose.o)
                0x70009c28                fclose
 .text.remove   0x70009c80       0x14 C:/nxp/MCUXpressoIDE_24.9.25/ide/plugins/com.nxp.mcuxpresso.tools.win32_24.9.0.202407110857/tools/bin/../lib/gcc/arm-none-eabi/13.2.1/../../../../arm-none-eabi/lib/thumb/v7e-m+fp/hard\libcr_c.a(remove.o)
                0x70009c80                remove
 .text._do_fflush
                0x70009c94       0x40 C:/nxp/MCUXpressoIDE_24.9.25/ide/plugins/com.nxp.mcuxpresso.tools.win32_24.9.0.202407110857/tools/bin/../lib/gcc/arm-none-eabi/13.2.1/../../../../arm-none-eabi/lib/thumb/v7e-m+fp/hard\libcr_c.a(_do_fflush.o)
                0x70009c94                _do_fflush
 .text.__aeabi_division_uldivmod
                0x70009cd4      0x174 C:/nxp/MCUXpressoIDE_24.9.25/ide/plugins/com.nxp.mcuxpresso.tools.win32_24.9.0.202407110857/tools/bin/../lib/gcc/arm-none-eabi/13.2.1/thumb/v7e-m+fp/hard\libcr_eabihelpers.a(division_64.o)
                0x70009cd4                __aeabi_uldivmod
                0x70009cd8                __bhs_ldivmod1
 .text.__aeabi_division_idiv0
                0x70009e48        0x2 C:/nxp/MCUXpressoIDE_24.9.25/ide/plugins/com.nxp.mcuxpresso.tools.win32_24.9.0.202407110857/tools/bin/../lib/gcc/arm-none-eabi/13.2.1/thumb/v7e-m+fp/hard\libcr_eabihelpers.a(division_idiv0.o)
                0x70009e48                __aeabi_idiv0
 .text.__aeabi_d2iz
                0x70009e4a       0x42 C:/nxp/MCUXpressoIDE_24.9.25/ide/plugins/com.nxp.mcuxpresso.tools.win32_24.9.0.202407110857/tools/bin/../lib/gcc/arm-none-eabi/13.2.1/thumb/v7e-m+fp/hard\libcr_eabihelpers.a(double.o)
                0x70009e4a                __aeabi_d2iz
 .text.__bhs_ui2d
                0x70009e8c       0x46 C:/nxp/MCUXpressoIDE_24.9.25/ide/plugins/com.nxp.mcuxpresso.tools.win32_24.9.0.202407110857/tools/bin/../lib/gcc/arm-none-eabi/13.2.1/thumb/v7e-m+fp/hard\libcr_eabihelpers.a(double.o)
                0x70009e8c                __bhs_ui2d
 .text.__aeabi_i2d
                0x70009ed2       0x10 C:/nxp/MCUXpressoIDE_24.9.25/ide/plugins/com.nxp.mcuxpresso.tools.win32_24.9.0.202407110857/tools/bin/../lib/gcc/arm-none-eabi/13.2.1/thumb/v7e-m+fp/hard\libcr_eabihelpers.a(double.o)
                0x70009ed2                __aeabi_i2d
 .text.__aeabi_dcmpeq
                0x70009ee2       0x30 C:/nxp/MCUXpressoIDE_24.9.25/ide/plugins/com.nxp.mcuxpresso.tools.win32_24.9.0.202407110857/tools/bin/../lib/gcc/arm-none-eabi/13.2.1/thumb/v7e-m+fp/hard\libcr_eabihelpers.a(double.o)
                0x70009ee2                __aeabi_dcmpeq
 .text.__aeabi_dcmplt
                0x70009f12       0x56 C:/nxp/MCUXpressoIDE_24.9.25/ide/plugins/com.nxp.mcuxpresso.tools.win32_24.9.0.202407110857/tools/bin/../lib/gcc/arm-none-eabi/13.2.1/thumb/v7e-m+fp/hard\libcr_eabihelpers.a(double.o)
                0x70009f12                __aeabi_dcmplt
 .text.__aeabi_dcmple
                0x70009f68       0x54 C:/nxp/MCUXpressoIDE_24.9.25/ide/plugins/com.nxp.mcuxpresso.tools.win32_24.9.0.202407110857/tools/bin/../lib/gcc/arm-none-eabi/13.2.1/thumb/v7e-m+fp/hard\libcr_eabihelpers.a(double.o)
                0x70009f68                __aeabi_dcmple
 .text.__aeabi_dcmpge
                0x70009fbc       0x5a C:/nxp/MCUXpressoIDE_24.9.25/ide/plugins/com.nxp.mcuxpresso.tools.win32_24.9.0.202407110857/tools/bin/../lib/gcc/arm-none-eabi/13.2.1/thumb/v7e-m+fp/hard\libcr_eabihelpers.a(double.o)
                0x70009fbc                __aeabi_dcmpge
 .text.__aeabi_memcpy
                0x7000a016       0x34 C:/nxp/MCUXpressoIDE_24.9.25/ide/plugins/com.nxp.mcuxpresso.tools.win32_24.9.0.202407110857/tools/bin/../lib/gcc/arm-none-eabi/13.2.1/thumb/v7e-m+fp/hard\libcr_eabihelpers.a(memcpy.o)
                0x7000a016                __aeabi_memcpy
                0x7000a020                __aeabi_memcpy8
                0x7000a020                __aeabi_memcpy4
 .text.__aeabi_memset_lowlevel
                0x7000a04a       0x32 C:/nxp/MCUXpressoIDE_24.9.25/ide/plugins/com.nxp.mcuxpresso.tools.win32_24.9.0.202407110857/tools/bin/../lib/gcc/arm-none-eabi/13.2.1/thumb/v7e-m+fp/hard\libcr_eabihelpers.a(memcpy.o)
                0x7000a04a                __aeabi_lowlevel_memset
 .text.__sys_close
                0x7000a07c        0xc C:/nxp/MCUXpressoIDE_24.9.25/ide/plugins/com.nxp.mcuxpresso.tools.win32_24.9.0.202407110857/tools/bin/../lib/gcc/arm-none-eabi/13.2.1/../../../../arm-none-eabi/lib/thumb/v7e-m+fp/hard\libcr_semihost_nf.a(__sys_close.o)
                0x7000a07c                __sys_close
 .text.__sys_flen
                0x7000a088        0xc C:/nxp/MCUXpressoIDE_24.9.25/ide/plugins/com.nxp.mcuxpresso.tools.win32_24.9.0.202407110857/tools/bin/../lib/gcc/arm-none-eabi/13.2.1/../../../../arm-none-eabi/lib/thumb/v7e-m+fp/hard\libcr_semihost_nf.a(__sys_flen.o)
                0x7000a088                __sys_flen
 .text.__sys_istty
                0x7000a094        0xc C:/nxp/MCUXpressoIDE_24.9.25/ide/plugins/com.nxp.mcuxpresso.tools.win32_24.9.0.202407110857/tools/bin/../lib/gcc/arm-none-eabi/13.2.1/../../../../arm-none-eabi/lib/thumb/v7e-m+fp/hard\libcr_semihost_nf.a(__sys_istty.o)
                0x7000a094                __sys_istty
 .text.__sys_remove
                0x7000a0a0        0xc C:/nxp/MCUXpressoIDE_24.9.25/ide/plugins/com.nxp.mcuxpresso.tools.win32_24.9.0.202407110857/tools/bin/../lib/gcc/arm-none-eabi/13.2.1/../../../../arm-none-eabi/lib/thumb/v7e-m+fp/hard\libcr_semihost_nf.a(__sys_remove.o)
                0x7000a0a0                __sys_remove
 .text.__sys_seek
                0x7000a0ac        0xc C:/nxp/MCUXpressoIDE_24.9.25/ide/plugins/com.nxp.mcuxpresso.tools.win32_24.9.0.202407110857/tools/bin/../lib/gcc/arm-none-eabi/13.2.1/../../../../arm-none-eabi/lib/thumb/v7e-m+fp/hard\libcr_semihost_nf.a(__sys_seek.o)
                0x7000a0ac                __sys_seek
 .text.__sys_tmpnam
                0x7000a0b8        0xc C:/nxp/MCUXpressoIDE_24.9.25/ide/plugins/com.nxp.mcuxpresso.tools.win32_24.9.0.202407110857/tools/bin/../lib/gcc/arm-none-eabi/13.2.1/../../../../arm-none-eabi/lib/thumb/v7e-m+fp/hard\libcr_semihost_nf.a(__sys_tmpnam.o)
                0x7000a0b8                __sys_tmpnam
 .text.__sys_write
                0x7000a0c4        0xc C:/nxp/MCUXpressoIDE_24.9.25/ide/plugins/com.nxp.mcuxpresso.tools.win32_24.9.0.202407110857/tools/bin/../lib/gcc/arm-none-eabi/13.2.1/../../../../arm-none-eabi/lib/thumb/v7e-m+fp/hard\libcr_semihost_nf.a(__sys_write.o)
                0x7000a0c4                __sys_write
 *freertos*/tasks.o(SORT_BY_ALIGNMENT(.rodata*))
 .rodata.uxTopUsedPriority
                0x7000a0d0        0x4 ./freertos/freertos-kernel/tasks.o
 .rodata.prvCreateIdleTasks.str1.4
                0x7000a0d4        0x5 ./freertos/freertos-kernel/tasks.o
 *(SORT_BY_ALIGNMENT(.rodata) SORT_BY_ALIGNMENT(.rodata.*) SORT_BY_ALIGNMENT(.constdata) SORT_BY_ALIGNMENT(.constdata.*))
 .rodata.__assertion_failed.str1.4
                0x7000a0d4      0x5c9 ./utilities/fsl_assert.o
                                 0x14 (size before relaxing)
 .rodata.main.str1.4
                0x7000a69d       0x21 ./source/MIMXRT1064_Project.o
 .rodata.start_main.str1.4
                0x7000a69d       0x42 ./source/start.o
 .rodata.start_mainThread.str1.4
                0x7000a69d       0x2a ./source/start.o
 .rodata.xTimerCreateTimerTask.str1.4
                0x7000a69d        0x8 ./freertos/freertos-kernel/timers.o
 .rodata.prvCheckForValidListAndQueue.str1.4
                0x7000a69d        0x5 ./freertos/freertos-kernel/timers.o
 .rodata.CLOCK_InitExternalClk.str1.4
                0x7000a69d       0x21 ./drivers/fsl_clock.o
 .rodata.CLOCK_GetPllFreq.str1.4
                0x7000a69d       0x6d ./drivers/fsl_clock.o
 *fill*         0x7000a69d        0x3 ff
 .rodata.enetRefClkFreq.1
                0x7000a6a0       0x10 ./drivers/fsl_clock.o
 .rodata.CLOCK_ControlGate.str1.4
                0x7000a6b0       0x20 ./drivers/fsl_lpuart.o
 .rodata.s_lpuartBases
                0x7000a6b0       0x24 ./drivers/fsl_lpuart.o
 .rodata.s_lpuartIRQ
                0x7000a6d4       0x12 ./drivers/fsl_lpuart.o
                0x7000a6d4                s_lpuartIRQ
 *fill*         0x7000a6e6        0x2 ff
 .rodata.s_lpuartClock
                0x7000a6e8       0x12 ./drivers/fsl_lpuart.o
 .rodata.LPUART_GetInstance.str1.4
                0x7000a6fa       0x38 ./drivers/fsl_lpuart.o
 .rodata.LPUART_TransferGetRxRingBufferLength.str1.4
                0x7000a6fa       0x22 ./drivers/fsl_lpuart.o
 .rodata.LPUART_TransferIsRxRingBufferFull.str1.4
                0x7000a6fa       0x22 ./drivers/fsl_lpuart.o
 .rodata.LPUART_WriteNonBlocking.str1.4
                0x7000a6fa       0x20 ./drivers/fsl_lpuart.o
 .rodata.LPUART_WriteNonBlocking16bit.str1.4
                0x7000a6fa       0x20 ./drivers/fsl_lpuart.o
 .rodata.LPUART_ReadNonBlocking.str1.4
                0x7000a6fa       0x20 ./drivers/fsl_lpuart.o
 .rodata.LPUART_ReadNonBlocking16bit.str1.4
                0x7000a6fa       0x20 ./drivers/fsl_lpuart.o
 .rodata.LPUART_Init.str1.4
                0x7000a6fa      0x10a ./drivers/fsl_lpuart.o
 .rodata.LPUART_TransferCreateHandle.str1.4
                0x7000a6fa       0x23 ./drivers/fsl_lpuart.o
 .rodata.LPUART_TransferHandleIRQ.str1.4
                0x7000a6fa       0x26 ./drivers/fsl_lpuart.o
 .rodata.BOARD_ConfigMPU.str1.4
                0x7000a6fa       0x69 ./board/board.o
 .rodata.CLOCK_SetMux.str1.4
                0x7000a6fa       0x8a ./board/clock_config.o
 .rodata.CLOCK_SetDiv.str1.4
                0x7000a6fa       0x8a ./board/clock_config.o
 .rodata.CLOCK_ControlGate.str1.4
                0x7000a6fa       0x79 ./board/clock_config.o
 *fill*         0x7000a6fa        0x2 ff
 .rodata.armPllConfig_BOARD_BootClockRUN
                0x7000a6fc        0x8 ./board/clock_config.o
                0x7000a6fc                armPllConfig_BOARD_BootClockRUN
 .rodata.sysPllConfig_BOARD_BootClockRUN
                0x7000a704       0x14 ./board/clock_config.o
                0x7000a704                sysPllConfig_BOARD_BootClockRUN
 .rodata.BOARD_LPUART1_config
                0x7000a718       0x14 ./board/peripherals.o
                0x7000a718                BOARD_LPUART1_config
 .rodata.CLOCK_ControlGate.str1.4
                0x7000a72c       0x79 ./board/pin_mux.o
 .rodata.__num_Ciob_streams
                0x7000a72c        0x4 C:/nxp/MCUXpressoIDE_24.9.25/ide/plugins/com.nxp.mcuxpresso.tools.win32_24.9.0.202407110857/tools/bin/../lib/gcc/arm-none-eabi/13.2.1/../../../../arm-none-eabi/lib/thumb/v7e-m+fp/hard\libcr_semihost_nf.a(__ciob.o)
                0x7000a72c                __num_Ciob_streams
 .rodata._Csys_alloc.str1.1
                0x7000a730       0x81 C:/nxp/MCUXpressoIDE_24.9.25/ide/plugins/com.nxp.mcuxpresso.tools.win32_24.9.0.202407110857/tools/bin/../lib/gcc/arm-none-eabi/13.2.1/../../../../arm-none-eabi/lib/thumb/v7e-m+fp/hard\libcr_c.a(alloc.o)
                                 0x18 (size before relaxing)
 .rodata.fp_display.str1.1
                0x7000a7b1       0x35 C:/nxp/MCUXpressoIDE_24.9.25/ide/plugins/com.nxp.mcuxpresso.tools.win32_24.9.0.202407110857/tools/bin/../lib/gcc/arm-none-eabi/13.2.1/../../../../arm-none-eabi/lib/thumb/v7e-m+fp/hard\libcr_c.a(fpprintf.o)
 .rodata._initio.str1.1
                0x7000a7b1        0x4 C:/nxp/MCUXpressoIDE_24.9.25/ide/plugins/com.nxp.mcuxpresso.tools.win32_24.9.0.202407110857/tools/bin/../lib/gcc/arm-none-eabi/13.2.1/../../../../arm-none-eabi/lib/thumb/v7e-m+fp/hard\libcr_c.a(initio.o)
 .rodata.__vfprintf.str1.1
                0x7000a7b1       0x38 C:/nxp/MCUXpressoIDE_24.9.25/ide/plugins/com.nxp.mcuxpresso.tools.win32_24.9.0.202407110857/tools/bin/../lib/gcc/arm-none-eabi/13.2.1/../../../../arm-none-eabi/lib/thumb/v7e-m+fp/hard\libcr_c.a(printf.o)
                0x7000a7ec                        . = ALIGN (0x4)
 *fill*         0x7000a7b1        0x3 ff

.glue_7         0x7000a7b4        0x0
 .glue_7        0x7000a7b4        0x0 linker stubs

.glue_7t        0x7000a7b4        0x0
 .glue_7t       0x7000a7b4        0x0 linker stubs

.vfp11_veneer   0x7000a7b4        0x0
 .vfp11_veneer  0x7000a7b4        0x0 linker stubs

.v4_bx          0x7000a7b4        0x0
 .v4_bx         0x7000a7b4        0x0 linker stubs

.iplt           0x7000a7b4        0x0
 .iplt          0x7000a7b4        0x0 ./xip/fsl_flexspi_nor_boot.o

.rel.dyn        0x7000a7b4        0x0
 .rel.iplt      0x7000a7b4        0x0 ./xip/fsl_flexspi_nor_boot.o

.ARM.extab
 *(SORT_BY_ALIGNMENT(.ARM.extab*) SORT_BY_ALIGNMENT(.gnu.linkonce.armextab.*))

.ARM.exidx      0x7000a7b4        0x0
                0x7000a7b4                        __exidx_start = .
 *(SORT_BY_ALIGNMENT(.ARM.exidx*) SORT_BY_ALIGNMENT(.gnu.linkonce.armexidx.*))
                0x7000a7b4                        __exidx_end = .
                0x7000a7b4                        _etext = .

.data_RAM2      0x00000000        0x0 load address 0x7000a7b4
 FILL mask 0xff
                [!provide]                        PROVIDE (__start_data_RAM2 = .)
                [!provide]                        PROVIDE (__start_data_SRAM_ITC = .)
 *(SORT_BY_ALIGNMENT(.ramfunc.$RAM2))
 *(SORT_BY_ALIGNMENT(.ramfunc.$SRAM_ITC))
 *(SORT_BY_ALIGNMENT(.data.$RAM2))
 *(SORT_BY_ALIGNMENT(.data.$SRAM_ITC))
 *(SORT_BY_ALIGNMENT(.data.$RAM2.*))
 *(SORT_BY_ALIGNMENT(.data.$SRAM_ITC.*))
                0x00000000                        . = ALIGN (0x4)
                [!provide]                        PROVIDE (__end_data_RAM2 = .)
                [!provide]                        PROVIDE (__end_data_SRAM_ITC = .)

.data_RAM3      0x20200000        0x0 load address 0x7000a7b4
 FILL mask 0xff
                [!provide]                        PROVIDE (__start_data_RAM3 = .)
                [!provide]                        PROVIDE (__start_data_SRAM_OC2 = .)
 *(SORT_BY_ALIGNMENT(.ramfunc.$RAM3))
 *(SORT_BY_ALIGNMENT(.ramfunc.$SRAM_OC2))
 *(SORT_BY_ALIGNMENT(.data.$RAM3))
 *(SORT_BY_ALIGNMENT(.data.$SRAM_OC2))
 *(SORT_BY_ALIGNMENT(.data.$RAM3.*))
 *(SORT_BY_ALIGNMENT(.data.$SRAM_OC2.*))
                0x20200000                        . = ALIGN (0x4)
                [!provide]                        PROVIDE (__end_data_RAM3 = .)
                [!provide]                        PROVIDE (__end_data_SRAM_OC2 = .)

.data_RAM4      0x20280000        0x0 load address 0x7000a7b4
 FILL mask 0xff
                [!provide]                        PROVIDE (__start_data_RAM4 = .)
                [!provide]                        PROVIDE (__start_data_SRAM_OC = .)
 *(SORT_BY_ALIGNMENT(.ramfunc.$RAM4))
 *(SORT_BY_ALIGNMENT(.ramfunc.$SRAM_OC))
 *(SORT_BY_ALIGNMENT(.data.$RAM4))
 *(SORT_BY_ALIGNMENT(.data.$SRAM_OC))
 *(SORT_BY_ALIGNMENT(.data.$RAM4.*))
 *(SORT_BY_ALIGNMENT(.data.$SRAM_OC.*))
                0x20280000                        . = ALIGN (0x4)
                [!provide]                        PROVIDE (__end_data_RAM4 = .)
                [!provide]                        PROVIDE (__end_data_SRAM_OC = .)

.data_RAM5      0x80000000        0x0 load address 0x7000a7b4
 FILL mask 0xff
                [!provide]                        PROVIDE (__start_data_RAM5 = .)
                [!provide]                        PROVIDE (__start_data_BOARD_SDRAM = .)
 *(SORT_BY_ALIGNMENT(.ramfunc.$RAM5))
 *(SORT_BY_ALIGNMENT(.ramfunc.$BOARD_SDRAM))
 *(SORT_BY_ALIGNMENT(.data.$RAM5))
 *(SORT_BY_ALIGNMENT(.data.$BOARD_SDRAM))
 *(SORT_BY_ALIGNMENT(.data.$RAM5.*))
 *(SORT_BY_ALIGNMENT(.data.$BOARD_SDRAM.*))
                0x80000000                        . = ALIGN (0x4)
                [!provide]                        PROVIDE (__end_data_RAM5 = .)
                [!provide]                        PROVIDE (__end_data_BOARD_SDRAM = .)

.data_RAM6      0x81e00000        0x0 load address 0x7000a7b4
 FILL mask 0xff
                [!provide]                        PROVIDE (__start_data_RAM6 = .)
                [!provide]                        PROVIDE (__start_data_NCACHE_REGION = .)
 *(SORT_BY_ALIGNMENT(.ramfunc.$RAM6))
 *(SORT_BY_ALIGNMENT(.ramfunc.$NCACHE_REGION))
 *(SORT_BY_ALIGNMENT(.data.$RAM6))
 *(SORT_BY_ALIGNMENT(.data.$NCACHE_REGION))
 *(SORT_BY_ALIGNMENT(.data.$RAM6.*))
 *(SORT_BY_ALIGNMENT(.data.$NCACHE_REGION.*))
                0x81e00000                        . = ALIGN (0x4)
                [!provide]                        PROVIDE (__end_data_RAM6 = .)
                [!provide]                        PROVIDE (__end_data_NCACHE_REGION = .)

.uninit_RESERVED
                0x20000000        0x0
                0x20000000                        _start_uninit_RESERVED = .
 *(SORT_BY_ALIGNMENT(.bss.$RESERVED*))
                0x20000000                        . = ALIGN (0x4)
                0x20000000                        _end_uninit_RESERVED = .

.data           0x20000000        0x8 load address 0x7000a7b4
 FILL mask 0xff
                0x20000000                        _data = .
                [!provide]                        PROVIDE (__start_data_RAM = .)
                [!provide]                        PROVIDE (__start_data_SRAM_DTC = .)
 *(SORT_BY_ALIGNMENT(vtable))
 *(SORT_BY_ALIGNMENT(.ramfunc*))
 *(SORT_BY_ALIGNMENT(CodeQuickAccess))
 *(SORT_BY_ALIGNMENT(DataQuickAccess))
 *(SORT_BY_ALIGNMENT(RamFunction))
 *(SORT_BY_ALIGNMENT(.data*))
 .data.uxCriticalNesting
                0x20000000        0x4 ./freertos/freertos-kernel/portable/GCC/ARM_CM4F/port.o
 .data.SystemCoreClock
                0x20000004        0x4 ./device/system_MIMXRT1064.o
                0x20000004                SystemCoreClock
                0x20000008                        . = ALIGN (0x4)
                0x20000008                        _edata = .
                [!provide]                        PROVIDE (__end_data_RAM = .)
                [!provide]                        PROVIDE (__end_data_SRAM_DTC = .)

.igot.plt       0x20000008        0x0 load address 0x7000a7bc
 .igot.plt      0x20000008        0x0 ./xip/fsl_flexspi_nor_boot.o

.bss_RAM2       0x00000000        0x0
                [!provide]                        PROVIDE (__start_bss_RAM2 = .)
                [!provide]                        PROVIDE (__start_bss_SRAM_ITC = .)
 *(SORT_BY_ALIGNMENT(.bss.$RAM2))
 *(SORT_BY_ALIGNMENT(.bss.$SRAM_ITC))
 *(SORT_BY_ALIGNMENT(.bss.$RAM2.*))
 *(SORT_BY_ALIGNMENT(.bss.$SRAM_ITC.*))
                0x00000000                        . = ALIGN ((. != 0x0)?0x4:0x1)
                [!provide]                        PROVIDE (__end_bss_RAM2 = .)
                [!provide]                        PROVIDE (__end_bss_SRAM_ITC = .)

.bss_RAM3       0x20200000        0x0
                [!provide]                        PROVIDE (__start_bss_RAM3 = .)
                [!provide]                        PROVIDE (__start_bss_SRAM_OC2 = .)
 *(SORT_BY_ALIGNMENT(.bss.$RAM3))
 *(SORT_BY_ALIGNMENT(.bss.$SRAM_OC2))
 *(SORT_BY_ALIGNMENT(.bss.$RAM3.*))
 *(SORT_BY_ALIGNMENT(.bss.$SRAM_OC2.*))
                0x20200000                        . = ALIGN ((. != 0x0)?0x4:0x1)
                [!provide]                        PROVIDE (__end_bss_RAM3 = .)
                [!provide]                        PROVIDE (__end_bss_SRAM_OC2 = .)

.bss_RAM4       0x20280000        0x0
                [!provide]                        PROVIDE (__start_bss_RAM4 = .)
                [!provide]                        PROVIDE (__start_bss_SRAM_OC = .)
 *(SORT_BY_ALIGNMENT(.bss.$RAM4))
 *(SORT_BY_ALIGNMENT(.bss.$SRAM_OC))
 *(SORT_BY_ALIGNMENT(.bss.$RAM4.*))
 *(SORT_BY_ALIGNMENT(.bss.$SRAM_OC.*))
                0x20280000                        . = ALIGN ((. != 0x0)?0x4:0x1)
                [!provide]                        PROVIDE (__end_bss_RAM4 = .)
                [!provide]                        PROVIDE (__end_bss_SRAM_OC = .)

.bss_RAM5       0x80000000        0x0
                [!provide]                        PROVIDE (__start_bss_RAM5 = .)
                [!provide]                        PROVIDE (__start_bss_BOARD_SDRAM = .)
 *(SORT_BY_ALIGNMENT(.bss.$RAM5))
 *(SORT_BY_ALIGNMENT(.bss.$BOARD_SDRAM))
 *(SORT_BY_ALIGNMENT(.bss.$RAM5.*))
 *(SORT_BY_ALIGNMENT(.bss.$BOARD_SDRAM.*))
                0x80000000                        . = ALIGN ((. != 0x0)?0x4:0x1)