Archive member included to satisfy reference by file (symbol)

C:/nxp/MCUXpressoIDE_24.9.25/ide/plugins/com.nxp.mcuxpresso.tools.win32_24.9.0.202407110857/tools/bin/../lib/gcc/arm-none-eabi/13.2.1/thumb/v7e-m+fp/hard\libgcc.a(_aeabi_uldivmod.o)
                              ./drivers/fsl_clock.o (__aeabi_uldivmod)
C:/nxp/MCUXpressoIDE_24.9.25/ide/plugins/com.nxp.mcuxpresso.tools.win32_24.9.0.202407110857/tools/bin/../lib/gcc/arm-none-eabi/13.2.1/thumb/v7e-m+fp/hard\libgcc.a(_udivmoddi4.o)
                              C:/nxp/MCUXpressoIDE_24.9.25/ide/plugins/com.nxp.mcuxpresso.tools.win32_24.9.0.202407110857/tools/bin/../lib/gcc/arm-none-eabi/13.2.1/thumb/v7e-m+fp/hard\libgcc.a(_aeabi_uldivmod.o) (__udivmoddi4)
C:/nxp/MCUXpressoIDE_24.9.25/ide/plugins/com.nxp.mcuxpresso.tools.win32_24.9.0.202407110857/tools/bin/../lib/gcc/arm-none-eabi/13.2.1/thumb/v7e-m+fp/hard\libgcc.a(_dvmd_tls.o)
                              C:/nxp/MCUXpressoIDE_24.9.25/ide/plugins/com.nxp.mcuxpresso.tools.win32_24.9.0.202407110857/tools/bin/../lib/gcc/arm-none-eabi/13.2.1/thumb/v7e-m+fp/hard\libgcc.a(_aeabi_uldivmod.o) (__aeabi_ldiv0)
C:/nxp/MCUXpressoIDE_24.9.25/ide/plugins/com.nxp.mcuxpresso.tools.win32_24.9.0.202407110857/tools/bin/../lib/gcc/arm-none-eabi/13.2.1/thumb/v7e-m+fp/hard\libc_nano.a(libc_a-malloc.o)
                              ./source/cpp_config.o (malloc)
C:/nxp/MCUXpressoIDE_24.9.25/ide/plugins/com.nxp.mcuxpresso.tools.win32_24.9.0.202407110857/tools/bin/../lib/gcc/arm-none-eabi/13.2.1/thumb/v7e-m+fp/hard\libc_nano.a(libc_a-mallocr.o)
                              C:/nxp/MCUXpressoIDE_24.9.25/ide/plugins/com.nxp.mcuxpresso.tools.win32_24.9.0.202407110857/tools/bin/../lib/gcc/arm-none-eabi/13.2.1/thumb/v7e-m+fp/hard\libc_nano.a(libc_a-malloc.o) (_malloc_r)
C:/nxp/MCUXpressoIDE_24.9.25/ide/plugins/com.nxp.mcuxpresso.tools.win32_24.9.0.202407110857/tools/bin/../lib/gcc/arm-none-eabi/13.2.1/thumb/v7e-m+fp/hard\libc_nano.a(libc_a-mlock.o)
                              C:/nxp/MCUXpressoIDE_24.9.25/ide/plugins/com.nxp.mcuxpresso.tools.win32_24.9.0.202407110857/tools/bin/../lib/gcc/arm-none-eabi/13.2.1/thumb/v7e-m+fp/hard\libc_nano.a(libc_a-mallocr.o) (__malloc_lock)
C:/nxp/MCUXpressoIDE_24.9.25/ide/plugins/com.nxp.mcuxpresso.tools.win32_24.9.0.202407110857/tools/bin/../lib/gcc/arm-none-eabi/13.2.1/thumb/v7e-m+fp/hard\libc_nano.a(libc_a-strtoul.o)
                              ./utilities/fsl_str.o (strtoul)
C:/nxp/MCUXpressoIDE_24.9.25/ide/plugins/com.nxp.mcuxpresso.tools.win32_24.9.0.202407110857/tools/bin/../lib/gcc/arm-none-eabi/13.2.1/thumb/v7e-m+fp/hard\libc_nano.a(libc_a-ctype_.o)
                              C:/nxp/MCUXpressoIDE_24.9.25/ide/plugins/com.nxp.mcuxpresso.tools.win32_24.9.0.202407110857/tools/bin/../lib/gcc/arm-none-eabi/13.2.1/thumb/v7e-m+fp/hard\libc_nano.a(libc_a-strtoul.o) (_ctype_)
C:/nxp/MCUXpressoIDE_24.9.25/ide/plugins/com.nxp.mcuxpresso.tools.win32_24.9.0.202407110857/tools/bin/../lib/gcc/arm-none-eabi/13.2.1/thumb/v7e-m+fp/hard\libc_nano.a(libc_a-nano-vfprintf_float.o)
                              (_printf_float)
C:/nxp/MCUXpressoIDE_24.9.25/ide/plugins/com.nxp.mcuxpresso.tools.win32_24.9.0.202407110857/tools/bin/../lib/gcc/arm-none-eabi/13.2.1/thumb/v7e-m+fp/hard\libc_nano.a(libc_a-nano-vfprintf_i.o)
                              C:/nxp/MCUXpressoIDE_24.9.25/ide/plugins/com.nxp.mcuxpresso.tools.win32_24.9.0.202407110857/tools/bin/../lib/gcc/arm-none-eabi/13.2.1/thumb/v7e-m+fp/hard\libc_nano.a(libc_a-nano-vfprintf_float.o) (_printf_common)
C:/nxp/MCUXpressoIDE_24.9.25/ide/plugins/com.nxp.mcuxpresso.tools.win32_24.9.0.202407110857/tools/bin/../lib/gcc/arm-none-eabi/13.2.1/thumb/v7e-m+fp/hard\libc_nano.a(libc_a-printf.o)
                              ./utilities/fsl_assert.o (printf)
C:/nxp/MCUXpressoIDE_24.9.25/ide/plugins/com.nxp.mcuxpresso.tools.win32_24.9.0.202407110857/tools/bin/../lib/gcc/arm-none-eabi/13.2.1/thumb/v7e-m+fp/hard\libc_nano.a(libc_a-memcmp.o)
                              ./fatfs/source/ff.o (memcmp)
C:/nxp/MCUXpressoIDE_24.9.25/ide/plugins/com.nxp.mcuxpresso.tools.win32_24.9.0.202407110857/tools/bin/../lib/gcc/arm-none-eabi/13.2.1/thumb/v7e-m+fp/hard\libc_nano.a(libc_a-memset.o)
                              ./utilities/fsl_debug_console.o (memset)
C:/nxp/MCUXpressoIDE_24.9.25/ide/plugins/com.nxp.mcuxpresso.tools.win32_24.9.0.202407110857/tools/bin/../lib/gcc/arm-none-eabi/13.2.1/thumb/v7e-m+fp/hard\libc_nano.a(libc_a-strchr.o)
                              ./fatfs/source/ff.o (strchr)
C:/nxp/MCUXpressoIDE_24.9.25/ide/plugins/com.nxp.mcuxpresso.tools.win32_24.9.0.202407110857/tools/bin/../lib/gcc/arm-none-eabi/13.2.1/thumb/v7e-m+fp/hard\libc_nano.a(libc_a-localeconv.o)
                              C:/nxp/MCUXpressoIDE_24.9.25/ide/plugins/com.nxp.mcuxpresso.tools.win32_24.9.0.202407110857/tools/bin/../lib/gcc/arm-none-eabi/13.2.1/thumb/v7e-m+fp/hard\libc_nano.a(libc_a-nano-vfprintf_float.o) (_localeconv_r)
[...]
Memory Configuration

Name             Origin             Length             Attributes
PROGRAM_FLASH    0x70000000         0x00400000         xr
SRAM_DTC         0x20000000         0x00020000         xrw
SRAM_ITC         0x00000000         0x00020000         xrw
SRAM_OC2         0x20200000         0x00080000         xrw
SRAM_OC          0x20280000         0x00040000         xrw
BOARD_SDRAM      0x80000000         0x01e00000         xrw
NCACHE_REGION    0x81e00000         0x00200000         xrw
*default*        0x00000000         0xffffffff

Linker script and memory map

LOAD ./xip/evkmimxrt1064_flexspi_nor_config.o
LOAD ./xip/fsl_flexspi_nor_boot.o
LOAD ./utilities/fsl_assert.o
LOAD ./utilities/fsl_debug_console.o
LOAD ./utilities/fsl_str.o
LOAD ./startup/startup_mimxrt1064.o
LOAD ./source/MIMXRT1064_Project.o
LOAD ./source/cpp_config.o
LOAD ./source/semihost_hardfault.o
LOAD ./sdmmc/template/usdhc/sdmmc_config.o
LOAD ./sdmmc/src/fsl_sd.o
LOAD ./sdmmc/src/fsl_sdmmc_common.o
LOAD ./sdmmc/osa/fsl_sdmmc_osa.o
LOAD ./sdmmc/host/fsl_sdmmc_host.o
LOAD ./freertos/freertos-kernel/portable/GCC/ARM_CM4F/port.o
LOAD ./freertos/freertos-kernel/croutine.o
LOAD ./freertos/freertos-kernel/event_groups.o
LOAD ./freertos/freertos-kernel/list.o
LOAD ./freertos/freertos-kernel/queue.o
LOAD ./freertos/freertos-kernel/stream_buffer.o
LOAD ./freertos/freertos-kernel/tasks.o
LOAD ./freertos/freertos-kernel/timers.o
LOAD ./fatfs/source/fsl_sd_disk/fsl_sd_disk.o
LOAD ./fatfs/source/diskio.o
LOAD ./fatfs/source/ff.o
LOAD ./fatfs/source/ffsystem.o
LOAD ./fatfs/source/ffunicode.o
LOAD ./drivers/fsl_cache.o
LOAD ./drivers/fsl_clock.o
LOAD ./drivers/fsl_common.o
LOAD ./drivers/fsl_common_arm.o
LOAD ./drivers/fsl_gpio.o
LOAD ./drivers/fsl_lpuart.o
LOAD ./drivers/fsl_usdhc.o
LOAD ./device/system_MIMXRT1064.o
LOAD ./component/uart/fsl_adapter_lpuart.o
LOAD ./component/serial_manager/fsl_component_serial_manager.o
LOAD ./component/serial_manager/fsl_component_serial_port_uart.o
LOAD ./component/osa/fsl_os_abstraction_free_rtos.o
LOAD ./component/lists/fsl_component_generic_list.o
LOAD ./board/board.o
LOAD ./board/clock_config.o
LOAD ./board/dcd.o
LOAD ./board/peripherals.o
LOAD ./board/pin_mux.o
START GROUP
LOAD C:/nxp/MCUXpressoIDE_24.9.25/ide/plugins/com.nxp.mcuxpresso.tools.win32_24.9.0.202407110857/tools/bin/../lib/gcc/arm-none-eabi/13.2.1/thumb/v7e-m+fp/hard\libgcc.a
LOAD C:/nxp/MCUXpressoIDE_24.9.25/ide/plugins/com.nxp.mcuxpresso.tools.win32_24.9.0.202407110857/tools/bin/../lib/gcc/arm-none-eabi/13.2.1/thumb/v7e-m+fp/hard\libc_nano.a
LOAD C:/nxp/MCUXpressoIDE_24.9.25/ide/plugins/com.nxp.mcuxpresso.tools.win32_24.9.0.202407110857/tools/bin/../lib/gcc/arm-none-eabi/13.2.1/thumb/v7e-m+fp/hard\libstdc++_nano.a
LOAD C:/nxp/MCUXpressoIDE_24.9.25/ide/plugins/com.nxp.mcuxpresso.tools.win32_24.9.0.202407110857/tools/bin/../lib/gcc/arm-none-eabi/13.2.1/thumb/v7e-m+fp/hard\libm.a
LOAD C:/nxp/MCUXpressoIDE_24.9.25/ide/plugins/com.nxp.mcuxpresso.tools.win32_24.9.0.202407110857/tools/bin/../lib/gcc/arm-none-eabi/13.2.1/../../../../arm-none-eabi/lib/thumb/v7e-m+fp/hard\libcr_newlib_semihost.a
LOAD C:/nxp/MCUXpressoIDE_24.9.25/ide/plugins/com.nxp.mcuxpresso.tools.win32_24.9.0.202407110857/tools/bin/../lib/gcc/arm-none-eabi/13.2.1/thumb/v7e-m+fp/hard\crti.o
LOAD C:/nxp/MCUXpressoIDE_24.9.25/ide/plugins/com.nxp.mcuxpresso.tools.win32_24.9.0.202407110857/tools/bin/../lib/gcc/arm-none-eabi/13.2.1/thumb/v7e-m+fp/hard\crtn.o
LOAD C:/nxp/MCUXpressoIDE_24.9.25/ide/plugins/com.nxp.mcuxpresso.tools.win32_24.9.0.202407110857/tools/bin/../lib/gcc/arm-none-eabi/13.2.1/thumb/v7e-m+fp/hard\crtbegin.o
LOAD C:/nxp/MCUXpressoIDE_24.9.25/ide/plugins/com.nxp.mcuxpresso.tools.win32_24.9.0.202407110857/tools/bin/../lib/gcc/arm-none-eabi/13.2.1/thumb/v7e-m+fp/hard\crtend.o
END GROUP
                0x70000000                        __base_PROGRAM_FLASH = 0x70000000
                0x70000000                        __base_Flash = 0x70000000
                0x70400000                        __top_PROGRAM_FLASH = 0x70400000
                0x70400000                        __top_Flash = 0x70400000
                0x20000000                        __base_SRAM_DTC = 0x20000000
                0x20000000                        __base_RAM = 0x20000000
                0x20020000                        __top_SRAM_DTC = 0x20020000
                0x20020000                        __top_RAM = 0x20020000
                0x00000000                        __base_SRAM_ITC = 0x0
                0x00000000                        __base_RAM2 = 0x0
                0x00020000                        __top_SRAM_ITC = 0x20000
                0x00020000                        __top_RAM2 = 0x20000
                0x20200000                        __base_SRAM_OC2 = 0x20200000
                0x20200000                        __base_RAM3 = 0x20200000
                0x20280000                        __top_SRAM_OC2 = 0x20280000
                0x20280000                        __top_RAM3 = 0x20280000
                0x20280000                        __base_SRAM_OC = 0x20280000
                0x20280000                        __base_RAM4 = 0x20280000
                0x202c0000                        __top_SRAM_OC = 0x202c0000
                0x202c0000                        __top_RAM4 = 0x202c0000
                0x80000000                        __base_BOARD_SDRAM = 0x80000000
                0x80000000                        __base_RAM5 = 0x80000000
                0x81e00000                        __top_BOARD_SDRAM = 0x81e00000
                0x81e00000                        __top_RAM5 = 0x81e00000
                0x81e00000                        __base_NCACHE_REGION = 0x81e00000
                0x81e00000                        __base_RAM6 = 0x81e00000
                0x82000000                        __top_NCACHE_REGION = 0x82000000
                0x82000000                        __top_RAM6 = 0x82000000

.boot_hdr       0x70000000     0x2000
 FILL mask 0xff
                0x70000000                        __boot_hdr_start__ = ABSOLUTE (.)
 *(SORT_BY_ALIGNMENT(.boot_hdr.conf))
 .boot_hdr.conf
                0x70000000      0x200 ./xip/evkmimxrt1064_flexspi_nor_config.o
                0x70000000                qspiflash_config
                0x00001000                        . = 0x1000
 *fill*         0x70000200      0xe00 ff
 *(SORT_BY_ALIGNMENT(.boot_hdr.ivt))
 .boot_hdr.ivt  0x70001000       0x20 ./xip/fsl_flexspi_nor_boot.o
                0x70001000                image_vector_table
                0x00001020                        . = 0x1020
 *(SORT_BY_ALIGNMENT(.boot_hdr.boot_data))
 .boot_hdr.boot_data
                0x70001020       0x10 ./xip/fsl_flexspi_nor_boot.o
                0x70001020                g_boot_data
                0x00001030                        . = 0x1030
 *(SORT_BY_ALIGNMENT(.boot_hdr.dcd_data))
                0x70001030                        __boot_hdr_end__ = ABSOLUTE (.)
                0x00002000                        . = 0x2000
 *fill*         0x70001030      0xfd0 ff

.eh_frame       0x70002000        0x0
 .eh_frame      0x70002000        0x0 C:/nxp/MCUXpressoIDE_24.9.25/ide/plugins/com.nxp.mcuxpresso.tools.win32_24.9.0.202407110857/tools/bin/../lib/gcc/arm-none-eabi/13.2.1/thumb/v7e-m+fp/hard\crtbegin.o

.text           0x70002000     0x7348
 FILL mask 0xff
                0x70002000                        __vectors_start__ = ABSOLUTE (.)
 *(SORT_BY_ALIGNMENT(.isr_vector))
 .isr_vector    0x70002000      0x2b8 ./startup/startup_mimxrt1064.o
                0x70002000                g_pfnVectors
                0x70002000                __Vectors
                0x700022b8                        . = ALIGN (0x4)
                0x700022b8                        __section_table_start = .
                0x700022b8                        __data_section_table = .
                0x700022b8        0x4 LONG 0x70009350 LOADADDR (.data)
                0x700022bc        0x4 LONG 0x20000000 ADDR (.data)
                0x700022c0        0x4 LONG 0x1cc SIZEOF (.data)
                0x700022c4        0x4 LONG 0x70009350 LOADADDR (.data_RAM2)
                0x700022c8        0x4 LONG 0x0 ADDR (.data_RAM2)
                0x700022cc        0x4 LONG 0x0 SIZEOF (.data_RAM2)
                0x700022d0        0x4 LONG 0x70009350 LOADADDR (.data_RAM3)
                0x700022d4        0x4 LONG 0x20200000 ADDR (.data_RAM3)
                0x700022d8        0x4 LONG 0x0 SIZEOF (.data_RAM3)
                0x700022dc        0x4 LONG 0x70009350 LOADADDR (.data_RAM4)
                0x700022e0        0x4 LONG 0x20280000 ADDR (.data_RAM4)
                0x700022e4        0x4 LONG 0x0 SIZEOF (.data_RAM4)
                0x700022e8        0x4 LONG 0x70009350 LOADADDR (.data_RAM5)
                0x700022ec        0x4 LONG 0x80000000 ADDR (.data_RAM5)
                0x700022f0        0x4 LONG 0x0 SIZEOF (.data_RAM5)
                0x700022f4        0x4 LONG 0x70009350 LOADADDR (.data_RAM6)
                0x700022f8        0x4 LONG 0x81e00000 ADDR (.data_RAM6)
                0x700022fc        0x4 LONG 0x0 SIZEOF (.data_RAM6)
                0x70002300                        __data_section_table_end = .
                0x70002300                        __bss_section_table = .
                0x70002300        0x4 LONG 0x200001cc ADDR (.bss)
                0x70002304        0x4 LONG 0x2b4 SIZEOF (.bss)
                0x70002308        0x4 LONG 0x0 ADDR (.bss_RAM2)
                0x7000230c        0x4 LONG 0x0 SIZEOF (.bss_RAM2)
                0x70002310        0x4 LONG 0x20200000 ADDR (.bss_RAM3)
                0x70002314        0x4 LONG 0x0 SIZEOF (.bss_RAM3)
                0x70002318        0x4 LONG 0x20280000 ADDR (.bss_RAM4)
                0x7000231c        0x4 LONG 0x0 SIZEOF (.bss_RAM4)
                0x70002320        0x4 LONG 0x80000000 ADDR (.bss_RAM5)
                0x70002324        0x4 LONG 0x0 SIZEOF (.bss_RAM5)
                0x70002328        0x4 LONG 0x81e00000 ADDR (.bss_RAM6)
                0x7000232c        0x4 LONG 0x0 SIZEOF (.bss_RAM6)
                0x70002330                        __bss_section_table_end = .
                0x70002330                        __section_table_end = .
 *(SORT_BY_ALIGNMENT(.after_vectors*))
 .after_vectors.reset
                0x70002330       0x58 ./startup/startup_mimxrt1064.o
                0x70002330                ResetISR
 .after_vectors.init_data
                0x70002388       0x1e ./startup/startup_mimxrt1064.o
                0x70002388                data_init(unsigned int, unsigned int, unsigned int)
 .after_vectors.init_bss
                0x700023a6       0x12 ./startup/startup_mimxrt1064.o
                0x700023a6                bss_init(unsigned int, unsigned int)
 .after_vectors
                0x700023b8       0x14 ./startup/startup_mimxrt1064.o
                0x700023b8                NMI_Handler
                0x700023bc                MemManage_Handler
                0x700023be                BusFault_Handler
                0x700023c0                UsageFault_Handler
                0x700023c4                DebugMon_Handler
                0x700023ca                LCDIF_DriverIRQHandler
                0x700023ca                SAI3_RX_DriverIRQHandler
                0x700023ca                CCM_2_DriverIRQHandler
                0x700023ca                PIT_DriverIRQHandler
                0x700023ca                PMU_EVENT_DriverIRQHandler
                0x700023ca                PWM4_FAULT_DriverIRQHandler
                0x700023ca                DMA13_DMA29_DriverIRQHandler
                0x700023ca                FLEXRAM_DriverIRQHandler
                0x700023ca                LPSPI4_DriverIRQHandler
                0x700023ca                SEMC_DriverIRQHandler
                0x700023ca                SPDIF_DriverIRQHandler
                0x700023ca                PWM4_3_DriverIRQHandler
                0x700023ca                ENET2_DriverIRQHandler
                0x700023ca                FLEXSPI2_DriverIRQHandler
                0x700023ca                USB_PHY1_DriverIRQHandler
                0x700023ca                GPIO3_Combined_0_15_DriverIRQHandler
                0x700023ca                CAN3_DriverIRQHandler
                0x700023ca                Reserved171_DriverIRQHandler
                0x700023ca                DMA7_DMA23_DriverIRQHandler
                0x700023ca                BEE_DriverIRQHandler
                0x700023ca                LPI2C3_DriverIRQHandler
                0x700023ca                GPR_IRQ_DriverIRQHandler
                0x700023ca                PWM2_FAULT_DriverIRQHandler
                0x700023ca                PWM3_1_DriverIRQHandler
                0x700023ca                DMA14_DMA30_DriverIRQHandler
                0x700023ca                TMR1_DriverIRQHandler
                0x700023ca                TRNG_DriverIRQHandler
                0x700023ca                PWM3_2_DriverIRQHandler
                0x700023ca                ENET_1588_Timer_DriverIRQHandler
                0x700023ca                FLEXIO2_DriverIRQHandler
                0x700023ca                GPIO2_Combined_16_31_DriverIRQHandler
                0x700023ca                Reserved143_DriverIRQHandler
                0x700023ca                LPSPI2_DriverIRQHandler
                0x700023ca                PWM4_1_DriverIRQHandler
                0x700023ca                PWM3_3_DriverIRQHandler
                0x700023ca                DMA0_DMA16_DriverIRQHandler
                0x700023ca                IntDefaultHandler
                0x700023ca                DMA2_DMA18_DriverIRQHandler
                0x700023ca                SRC_DriverIRQHandler
                0x700023ca                GPIO1_INT4_DriverIRQHandler
                0x700023ca                Reserved144_DriverIRQHandler
                0x700023ca                ENC3_DriverIRQHandler
                0x700023ca                PWM3_FAULT_DriverIRQHandler
                0x700023ca                KPP_DriverIRQHandler
                0x700023ca                TSC_DIG_DriverIRQHandler
                0x700023ca                WDOG1_DriverIRQHandler
                0x700023ca                FLEXIO1_DriverIRQHandler
                0x700023ca                ENET_DriverIRQHandler
                0x700023ca                Reserved78_DriverIRQHandler
                0x700023ca                TMR4_DriverIRQHandler
                0x700023ca                ENC2_DriverIRQHandler
                0x700023ca                ADC_ETC_IRQ2_DriverIRQHandler
                0x700023ca                GPIO1_Combined_16_31_DriverIRQHandler
                0x700023ca                GPIO1_INT7_DriverIRQHandler
                0x700023ca                SAI1_DriverIRQHandler
                0x700023ca                DCDC_DriverIRQHandler
                0x700023ca                DMA12_DMA28_DriverIRQHandler
                0x700023ca                PWM4_0_DriverIRQHandler
                0x700023ca                ADC_ETC_ERROR_IRQ_DriverIRQHandler
                0x700023ca                ACMP2_DriverIRQHandler
                0x700023ca                GPIO5_Combined_0_15_DriverIRQHandler
                0x700023ca                GPIO1_INT0_DriverIRQHandler
                0x700023ca                GPIO1_INT2_DriverIRQHandler
                0x700023ca                RTWDOG_DriverIRQHandler
                0x700023ca                FLEXSPI_DriverIRQHandler
                0x700023ca                GPT2_DriverIRQHandler
                0x700023ca                USB_PHY2_DriverIRQHandler
                0x700023ca                DMA10_DMA26_DriverIRQHandler
                0x700023ca                PWM2_1_DriverIRQHandler
                0x700023ca                PWM1_1_DriverIRQHandler
                0x700023ca                PXP_DriverIRQHandler
                0x700023ca                ADC1_DriverIRQHandler
                0x700023ca                PWM1_0_DriverIRQHandler
                0x700023ca                SJC_DriverIRQHandler
                0x700023ca                DMA1_DMA17_DriverIRQHandler
                0x700023ca                ENC1_DriverIRQHandler
                0x700023ca                ENC4_DriverIRQHandler
                0x700023ca                CAN2_DriverIRQHandler
                0x700023ca                DCP_DriverIRQHandler
                0x700023ca                CTI0_ERROR_DriverIRQHandler
                0x700023ca                DMA8_DMA24_DriverIRQHandler
                0x700023ca                GPT1_DriverIRQHandler
                0x700023ca                ACMP3_DriverIRQHandler
                0x700023ca                DMA6_DMA22_DriverIRQHandler
                0x700023ca                CSU_DriverIRQHandler
                0x700023ca                GPIO1_INT5_DriverIRQHandler
                0x700023ca                TMR3_DriverIRQHandler
                0x700023ca                TMR2_DriverIRQHandler
                0x700023ca                CTI1_ERROR_DriverIRQHandler
                0x700023ca                GPIO1_Combined_0_15_DriverIRQHandler
                0x700023ca                PWM4_2_DriverIRQHandler
                0x700023ca                EWM_DriverIRQHandler
                0x700023ca                SAI2_DriverIRQHandler
                0x700023ca                CORE_DriverIRQHandler
                0x700023ca                DMA11_DMA27_DriverIRQHandler
                0x700023ca                CSI_DriverIRQHandler
                0x700023ca                PWM2_3_DriverIRQHandler
                0x700023ca                XBAR1_IRQ_2_3_DriverIRQHandler
                0x700023ca                SNVS_HP_WRAPPER_TZ_DriverIRQHandler
                0x700023ca                GPIO3_Combined_16_31_DriverIRQHandler
                0x700023ca                PWM1_FAULT_DriverIRQHandler
                0x700023ca                LPI2C1_DriverIRQHandler
                0x700023ca                ENET2_1588_Timer_DriverIRQHandler
                0x700023ca                PWM2_2_DriverIRQHandler
                0x700023ca                DMA4_DMA20_DriverIRQHandler
                0x700023ca                DMA9_DMA25_DriverIRQHandler
                0x700023ca                SNVS_HP_WRAPPER_DriverIRQHandler
                0x700023ca                XBAR1_IRQ_0_1_DriverIRQHandler
                0x700023ca                ADC_ETC_IRQ1_DriverIRQHandler
                0x700023ca                LPSPI1_DriverIRQHandler
                0x700023ca                DMA3_DMA19_DriverIRQHandler
                0x700023ca                GPIO1_INT3_DriverIRQHandler
                0x700023ca                DCP_VMI_DriverIRQHandler
                0x700023ca                LPI2C4_DriverIRQHandler
                0x700023ca                GPC_DriverIRQHandler
                0x700023ca                GPIO2_Combined_0_15_DriverIRQHandler
                0x700023ca                PWM1_2_DriverIRQHandler
                0x700023ca                USB_OTG1_DriverIRQHandler
                0x700023ca                TEMP_LOW_HIGH_DriverIRQHandler
                0x700023ca                SAI3_TX_DriverIRQHandler
                0x700023ca                FLEXIO3_DriverIRQHandler
                0x700023ca                WDOG2_DriverIRQHandler
                0x700023ca                Reserved68_DriverIRQHandler
                0x700023ca                PWM3_0_DriverIRQHandler
                0x700023ca                GPIO4_Combined_0_15_DriverIRQHandler
                0x700023ca                GPIO4_Combined_16_31_DriverIRQHandler
                0x700023ca                GPIO6_7_8_9_DriverIRQHandler
                0x700023ca                GPIO5_Combined_16_31_DriverIRQHandler
                0x700023ca                DMA5_DMA21_DriverIRQHandler
                0x700023ca                CCM_1_DriverIRQHandler
                0x700023ca                ADC2_DriverIRQHandler
                0x700023ca                Reserved115_DriverIRQHandler
                0x700023ca                TEMP_PANIC_DriverIRQHandler
                0x700023ca                ACMP4_DriverIRQHandler
                0x700023ca                DMA15_DMA31_DriverIRQHandler
                0x700023ca                LPSPI3_DriverIRQHandler
                0x700023ca                PWM1_3_DriverIRQHandler
                0x700023ca                ACMP1_DriverIRQHandler
                0x700023ca                LPI2C2_DriverIRQHandler
                0x700023ca                Reserved86_DriverIRQHandler
                0x700023ca                GPIO10_DriverIRQHandler
                0x700023ca                DMA_ERROR_DriverIRQHandler
                0x700023ca                ADC_ETC_IRQ0_DriverIRQHandler
                0x700023ca                CAN1_DriverIRQHandler
                0x700023ca                GPIO1_INT6_DriverIRQHandler
                0x700023ca                GPIO1_INT1_DriverIRQHandler
                0x700023ca                PWM2_0_DriverIRQHandler
                0x700023ca                SNVS_LP_WRAPPER_DriverIRQHandler
                0x700023ca                USB_OTG2_DriverIRQHandler
 *(SORT_BY_ALIGNMENT(.text*))
 *fill*         0x700023cc        0x4 ff
 .text.SVC_Handler
                0x700023d0       0x28 ./freertos/freertos-kernel/portable/GCC/ARM_CM4F/port.o
                0x700023d0                SVC_Handler
 *fill*         0x700023f8        0x8 ff
 .text.PendSV_Handler
                0x70002400       0x68 ./freertos/freertos-kernel/portable/GCC/ARM_CM4F/port.o
                0x70002400                PendSV_Handler
 *fill*         0x70002468        0x8 ff
 .text          0x70002470       0xa0 C:/nxp/MCUXpressoIDE_24.9.25/ide/plugins/com.nxp.mcuxpresso.tools.win32_24.9.0.202407110857/tools/bin/../lib/gcc/arm-none-eabi/13.2.1/thumb/v7e-m+fp/hard\libc_nano.a(libc_a-memchr.o)
                0x70002470                memchr
 .text._dtoa_r  0x70002510      0xb74 C:/nxp/MCUXpressoIDE_24.9.25/ide/plugins/com.nxp.mcuxpresso.tools.win32_24.9.0.202407110857/tools/bin/../lib/gcc/arm-none-eabi/13.2.1/thumb/v7e-m+fp/hard\libc_nano.a(libc_a-dtoa.o)
                0x70002510                _dtoa_r
 .text.__assert_func
                0x70003084       0x30 ./utilities/fsl_assert.o
                0x70003084                __assert_func
 .text.DbgConsole_Init
                0x700030b4      0x138 ./utilities/fsl_debug_console.o
                0x700030b4                DbgConsole_Init
 .text.main     0x700031ec       0x38 ./source/MIMXRT1064_Project.o
                0x700031ec                main
 .text.SysTick_Handler
                0x70003224       0x44 ./freertos/freertos-kernel/portable/GCC/ARM_CM4F/port.o
                0x70003224                SysTick_Handler
 .text.xTaskIncrementTick
                0x70003268      0x214 ./freertos/freertos-kernel/tasks.o
                0x70003268                xTaskIncrementTick
 .text.vTaskSwitchContext
                0x7000347c       0xbc ./freertos/freertos-kernel/tasks.o
                0x7000347c                vTaskSwitchContext
 .text.prvResetNextTaskUnblockTime
                0x70003538       0x38 ./freertos/freertos-kernel/tasks.o
 .text.CLOCK_GetOscFreq
                0x70003570       0x30 ./drivers/fsl_clock.o
 .text.CLOCK_InitExternalClk
                0x700035a0       0x78 ./drivers/fsl_clock.o
                0x700035a0                CLOCK_InitExternalClk
 .text.CLOCK_SwitchOsc
                0x70003618       0x34 ./drivers/fsl_clock.o
                0x70003618                CLOCK_SwitchOsc
 .text.CLOCK_InitRcOsc24M
                0x7000364c       0x24 ./drivers/fsl_clock.o
                0x7000364c                CLOCK_InitRcOsc24M
 .text.CLOCK_InitArmPll
                0x70003670       0x68 ./drivers/fsl_clock.o
                0x70003670                CLOCK_InitArmPll
 .text.CLOCK_InitSysPll
                0x700036d8       0x9c ./drivers/fsl_clock.o
                0x700036d8                CLOCK_InitSysPll
 .text.CLOCK_DeinitUsb2Pll
                0x70003774       0x18 ./drivers/fsl_clock.o
                0x70003774                CLOCK_DeinitUsb2Pll
 .text.CLOCK_DeinitAudioPll
                0x7000378c       0x1c ./drivers/fsl_clock.o
                0x7000378c                CLOCK_DeinitAudioPll
 .text.CLOCK_DeinitEnetPll
                0x700037a8       0x1c ./drivers/fsl_clock.o
                0x700037a8                CLOCK_DeinitEnetPll
 .text.CLOCK_GetPllFreq
                0x700037c4      0x45c ./drivers/fsl_clock.o
                0x700037c4                CLOCK_GetPllFreq
 .text.CLOCK_InitSysPfd
                0x70003c20       0x64 ./drivers/fsl_clock.o
                0x70003c20                CLOCK_InitSysPfd
 .text.CLOCK_ControlGate
                0x70003c84       0x70 ./drivers/fsl_lpuart.o
 .text.LPUART_GetInstance
                0x70003cf4       0x58 ./drivers/fsl_lpuart.o
                0x70003cf4                LPUART_GetInstance
 .text.LPUART_Init
                0x70003d4c      0x334 ./drivers/fsl_lpuart.o
                0x70003d4c                LPUART_Init
 .text.LPUART_GetDefaultConfig
                0x70004080       0x98 ./drivers/fsl_lpuart.o
                0x70004080                LPUART_GetDefaultConfig
 .text.LPUART1_DriverIRQHandler
                0x70004118       0x28 ./drivers/fsl_lpuart.o
                0x70004118                LPUART1_DriverIRQHandler
 .text.LPUART2_DriverIRQHandler
                0x70004140       0x28 ./drivers/fsl_lpuart.o
                0x70004140                LPUART2_DriverIRQHandler
 .text.LPUART3_DriverIRQHandler
                0x70004168       0x28 ./drivers/fsl_lpuart.o
                0x70004168                LPUART3_DriverIRQHandler
 .text.LPUART4_DriverIRQHandler
                0x70004190       0x28 ./drivers/fsl_lpuart.o
                0x70004190                LPUART4_DriverIRQHandler
 .text.LPUART5_DriverIRQHandler
                0x700041b8       0x28 ./drivers/fsl_lpuart.o
                0x700041b8                LPUART5_DriverIRQHandler
 .text.LPUART6_DriverIRQHandler
                0x700041e0       0x28 ./drivers/fsl_lpuart.o
                0x700041e0                LPUART6_DriverIRQHandler
 .text.LPUART7_DriverIRQHandler
                0x70004208       0x28 ./drivers/fsl_lpuart.o
                0x70004208                LPUART7_DriverIRQHandler
 .text.LPUART8_DriverIRQHandler
                0x70004230       0x28 ./drivers/fsl_lpuart.o
                0x70004230                LPUART8_DriverIRQHandler
 .text.USDHC1_DriverIRQHandler
                0x70004258       0x28 ./drivers/fsl_usdhc.o
                0x70004258                USDHC1_DriverIRQHandler
 .text.USDHC2_DriverIRQHandler
                0x70004280       0x28 ./drivers/fsl_usdhc.o
                0x70004280                USDHC2_DriverIRQHandler
 .text.SystemInit
                0x700042a8      0x144 ./device/system_MIMXRT1064.o
                0x700042a8                SystemInit
 .text.HAL_UartInitCommon
                0x700043ec       0xe0 ./component/uart/fsl_adapter_lpuart.o
 .text.HAL_UartInit
                0x700044cc       0xac ./component/uart/fsl_adapter_lpuart.o
                0x700044cc                HAL_UartInit
 .text.ARM_MPU_Enable
                0x70004578       0x44 ./board/board.o
 .text.ARM_MPU_Disable
                0x700045bc       0x40 ./board/board.o
 .text.CLOCK_GetMux
                0x700045fc       0x44 ./board/board.o
 .text.CLOCK_GetDiv
                0x70004640       0x44 ./board/board.o
 .text.CLOCK_GetOscFreq
                0x70004684       0x30 ./board/board.o
 .text.BOARD_DebugConsoleSrcFreq
                0x700046b4       0x64 ./board/board.o
                0x700046b4                BOARD_DebugConsoleSrcFreq
 .text.BOARD_ConfigMPU
                0x70004718      0x354 ./board/board.o
                0x70004718                BOARD_ConfigMPU
 .text.CLOCK_SetMux
                0x70004a6c       0xac ./board/clock_config.o
 .text.CLOCK_SetDiv
                0x70004b18       0xac ./board/clock_config.o
 .text.CLOCK_ControlGate
                0x70004bc4       0x70 ./board/clock_config.o
 .text.CLOCK_SetXtalFreq
                0x70004c34       0x20 ./board/clock_config.o
 .text.CLOCK_SetRtcXtalFreq
                0x70004c54       0x20 ./board/clock_config.o
 .text.IOMUXC_MQSConfig
                0x70004c74       0x44 ./board/clock_config.o
 .text.BOARD_BootClockRUN
                0x70004cb8      0x6d0 ./board/clock_config.o
                0x70004cb8                BOARD_BootClockRUN
 .text.CLOCK_ControlGate
                0x70005388       0x70 ./board/pin_mux.o
 .text.BOARD_InitDEBUG_UART
                0x700053f8       0x78 ./board/pin_mux.o
                0x700053f8                BOARD_InitDEBUG_UART
 .text          0x70005470       0x30 C:/nxp/MCUXpressoIDE_24.9.25/ide/plugins/com.nxp.mcuxpresso.tools.win32_24.9.0.202407110857/tools/bin/../lib/gcc/arm-none-eabi/13.2.1/thumb/v7e-m+fp/hard\libgcc.a(_aeabi_uldivmod.o)
                0x70005470                __aeabi_uldivmod
 .text.__udivmoddi4
                0x700054a0      0x2bc C:/nxp/MCUXpressoIDE_24.9.25/ide/plugins/com.nxp.mcuxpresso.tools.win32_24.9.0.202407110857/tools/bin/../lib/gcc/arm-none-eabi/13.2.1/thumb/v7e-m+fp/hard\libgcc.a(_udivmoddi4.o)
                0x700054a0                __udivmoddi4
 .text          0x7000575c        0x4 C:/nxp/MCUXpressoIDE_24.9.25/ide/plugins/com.nxp.mcuxpresso.tools.win32_24.9.0.202407110857/tools/bin/../lib/gcc/arm-none-eabi/13.2.1/thumb/v7e-m+fp/hard\libgcc.a(_dvmd_tls.o)
                0x7000575c                __aeabi_idiv0
                0x7000575c                __aeabi_ldiv0
 .text.malloc   0x70005760       0x10 C:/nxp/MCUXpressoIDE_24.9.25/ide/plugins/com.nxp.mcuxpresso.tools.win32_24.9.0.202407110857/tools/bin/../lib/gcc/arm-none-eabi/13.2.1/thumb/v7e-m+fp/hard\libc_nano.a(libc_a-malloc.o)
                0x70005760                malloc
 .text.sbrk_aligned
                0x70005770       0x44 C:/nxp/MCUXpressoIDE_24.9.25/ide/plugins/com.nxp.mcuxpresso.tools.win32_24.9.0.202407110857/tools/bin/../lib/gcc/arm-none-eabi/13.2.1/thumb/v7e-m+fp/hard\libc_nano.a(libc_a-mallocr.o)
 .text._malloc_r
                0x700057b4      0x100 C:/nxp/MCUXpressoIDE_24.9.25/ide/plugins/com.nxp.mcuxpresso.tools.win32_24.9.0.202407110857/tools/bin/../lib/gcc/arm-none-eabi/13.2.1/thumb/v7e-m+fp/hard\libc_nano.a(libc_a-mallocr.o)
                0x700057b4                _malloc_r
 .text.__malloc_lock
                0x700058b4        0xc C:/nxp/MCUXpressoIDE_24.9.25/ide/plugins/com.nxp.mcuxpresso.tools.win32_24.9.0.202407110857/tools/bin/../lib/gcc/arm-none-eabi/13.2.1/thumb/v7e-m+fp/hard\libc_nano.a(libc_a-mlock.o)
                0x700058b4                __malloc_lock
 .text.__malloc_unlock
                0x700058c0        0xc C:/nxp/MCUXpressoIDE_24.9.25/ide/plugins/com.nxp.mcuxpresso.tools.win32_24.9.0.202407110857/tools/bin/../lib/gcc/arm-none-eabi/13.2.1/thumb/v7e-m+fp/hard\libc_nano.a(libc_a-mlock.o)
                0x700058c0                __malloc_unlock
 .text._printf_float
                0x700058cc      0x454 C:/nxp/MCUXpressoIDE_24.9.25/ide/plugins/com.nxp.mcuxpresso.tools.win32_24.9.0.202407110857/tools/bin/../lib/gcc/arm-none-eabi/13.2.1/thumb/v7e-m+fp/hard\libc_nano.a(libc_a-nano-vfprintf_float.o)
                0x700058cc                _printf_float
 .text._printf_i
                0x70005d20      0x23c C:/nxp/MCUXpressoIDE_24.9.25/ide/plugins/com.nxp.mcuxpresso.tools.win32_24.9.0.202407110857/tools/bin/../lib/gcc/arm-none-eabi/13.2.1/thumb/v7e-m+fp/hard\libc_nano.a(libc_a-nano-vfprintf_i.o)
                0x70005d20                _printf_i
 .text.printf   0x70005f5c       0x24 C:/nxp/MCUXpressoIDE_24.9.25/ide/plugins/com.nxp.mcuxpresso.tools.win32_24.9.0.202407110857/tools/bin/../lib/gcc/arm-none-eabi/13.2.1/thumb/v7e-m+fp/hard\libc_nano.a(libc_a-printf.o)
                0x70005f5c                iprintf
                0x70005f5c                printf
 .text._localeconv_r
                0x70005f80        0x8 C:/nxp/MCUXpressoIDE_24.9.25/ide/plugins/com.nxp.mcuxpresso.tools.win32_24.9.0.202407110857/tools/bin/../lib/gcc/arm-none-eabi/13.2.1/thumb/v7e-m+fp/hard\libc_nano.a(libc_a-localeconv.o)
                0x70005f80                _localeconv_r
 .text._sbrk_r  0x70005f88       0x20 C:/nxp/MCUXpressoIDE_24.9.25/ide/plugins/com.nxp.mcuxpresso.tools.win32_24.9.0.202407110857/tools/bin/../lib/gcc/arm-none-eabi/13.2.1/thumb/v7e-m+fp/hard\libc_nano.a(libc_a-sbrkr.o)
                0x70005f88                _sbrk_r
 .text.__errno  0x70005fa8        0xc C:/nxp/MCUXpressoIDE_24.9.25/ide/plugins/com.nxp.mcuxpresso.tools.win32_24.9.0.202407110857/tools/bin/../lib/gcc/arm-none-eabi/13.2.1/thumb/v7e-m+fp/hard\libc_nano.a(libc_a-errno.o)
                0x70005fa8                __errno
 .text.__libc_init_array
                0x70005fb4       0x48 C:/nxp/MCUXpressoIDE_24.9.25/ide/plugins/com.nxp.mcuxpresso.tools.win32_24.9.0.202407110857/tools/bin/../lib/gcc/arm-none-eabi/13.2.1/thumb/v7e-m+fp/hard\libc_nano.a(libc_a-init.o)
                0x70005fb4                __libc_init_array
 .text._free_r  0x70005ffc       0x94 C:/nxp/MCUXpressoIDE_24.9.25/ide/plugins/com.nxp.mcuxpresso.tools.win32_24.9.0.202407110857/tools/bin/../lib/gcc/arm-none-eabi/13.2.1/thumb/v7e-m+fp/hard\libc_nano.a(libc_a-freer.o)
                0x70005ffc                _free_r
 .text._Balloc  0x70006090       0x80 C:/nxp/MCUXpressoIDE_24.9.25/ide/plugins/com.nxp.mcuxpresso.tools.win32_24.9.0.202407110857/tools/bin/../lib/gcc/arm-none-eabi/13.2.1/thumb/v7e-m+fp/hard\libc_nano.a(libc_a-mprec.o)
                0x70006090                _Balloc
 .text._Bfree   0x70006110       0x44 C:/nxp/MCUXpressoIDE_24.9.25/ide/plugins/com.nxp.mcuxpresso.tools.win32_24.9.0.202407110857/tools/bin/../lib/gcc/arm-none-eabi/13.2.1/thumb/v7e-m+fp/hard\libc_nano.a(libc_a-mprec.o)
                0x70006110                _Bfree
 .text.__multadd
                0x70006154       0x8c C:/nxp/MCUXpressoIDE_24.9.25/ide/plugins/com.nxp.mcuxpresso.tools.win32_24.9.0.202407110857/tools/bin/../lib/gcc/arm-none-eabi/13.2.1/thumb/v7e-m+fp/hard\libc_nano.a(libc_a-mprec.o)
                0x70006154                __multadd
 .text.__i2b    0x700061e0       0x2c C:/nxp/MCUXpressoIDE_24.9.25/ide/plugins/com.nxp.mcuxpresso.tools.win32_24.9.0.202407110857/tools/bin/../lib/gcc/arm-none-eabi/13.2.1/thumb/v7e-m+fp/hard\libc_nano.a(libc_a-mprec.o)
                0x700061e0                __i2b
 .text.__multiply
                0x7000620c      0x144 C:/nxp/MCUXpressoIDE_24.9.25/ide/plugins/com.nxp.mcuxpresso.tools.win32_24.9.0.202407110857/tools/bin/../lib/gcc/arm-none-eabi/13.2.1/thumb/v7e-m+fp/hard\libc_nano.a(libc_a-mprec.o)
                0x7000620c                __multiply
 .text.__pow5mult
                0x70006350       0xb4 C:/nxp/MCUXpressoIDE_24.9.25/ide/plugins/com.nxp.mcuxpresso.tools.win32_24.9.0.202407110857/tools/bin/../lib/gcc/arm-none-eabi/13.2.1/thumb/v7e-m+fp/hard\libc_nano.a(libc_a-mprec.o)
                0x70006350                __pow5mult
 .text.__lshift
                0x70006404       0xd8 C:/nxp/MCUXpressoIDE_24.9.25/ide/plugins/com.nxp.mcuxpresso.tools.win32_24.9.0.202407110857/tools/bin/../lib/gcc/arm-none-eabi/13.2.1/thumb/v7e-m+fp/hard\libc_nano.a(libc_a-mprec.o)
                0x70006404                __lshift
 .text.__mdiff  0x700064dc      0x128 C:/nxp/MCUXpressoIDE_24.9.25/ide/plugins/com.nxp.mcuxpresso.tools.win32_24.9.0.202407110857/tools/bin/../lib/gcc/arm-none-eabi/13.2.1/thumb/v7e-m+fp/hard\libc_nano.a(libc_a-mprec.o)
                0x700064dc                __mdiff
 .text.__d2b    0x70006604       0xb0 C:/nxp/MCUXpressoIDE_24.9.25/ide/plugins/com.nxp.mcuxpresso.tools.win32_24.9.0.202407110857/tools/bin/../lib/gcc/arm-none-eabi/13.2.1/thumb/v7e-m+fp/hard\libc_nano.a(libc_a-mprec.o)
                0x70006604                __d2b
 .text._vfprintf_r
                0x700066b4      0x230 C:/nxp/MCUXpressoIDE_24.9.25/ide/plugins/com.nxp.mcuxpresso.tools.win32_24.9.0.202407110857/tools/bin/../lib/gcc/arm-none-eabi/13.2.1/thumb/v7e-m+fp/hard\libc_nano.a(libc_a-nano-vfprintf.o)
                0x700066b4                _vfprintf_r
                0x700066b4                _vfiprintf_r
 .text.std      0x700068e4       0x6c C:/nxp/MCUXpressoIDE_24.9.25/ide/plugins/com.nxp.mcuxpresso.tools.win32_24.9.0.202407110857/tools/bin/../lib/gcc/arm-none-eabi/13.2.1/thumb/v7e-m+fp/hard\libc_nano.a(libc_a-findfp.o)
 .text.stdio_exit_handler
                0x70006950       0x18 C:/nxp/MCUXpressoIDE_24.9.25/ide/plugins/com.nxp.mcuxpresso.tools.win32_24.9.0.202407110857/tools/bin/../lib/gcc/arm-none-eabi/13.2.1/thumb/v7e-m+fp/hard\libc_nano.a(libc_a-findfp.o)
 .text.cleanup_stdio
                0x70006968       0x40 C:/nxp/MCUXpressoIDE_24.9.25/ide/plugins/com.nxp.mcuxpresso.tools.win32_24.9.0.202407110857/tools/bin/../lib/gcc/arm-none-eabi/13.2.1/thumb/v7e-m+fp/hard\libc_nano.a(libc_a-findfp.o)
 .text.global_stdio_init.part.0
                0x700069a8       0x3c C:/nxp/MCUXpressoIDE_24.9.25/ide/plugins/com.nxp.mcuxpresso.tools.win32_24.9.0.202407110857/tools/bin/../lib/gcc/arm-none-eabi/13.2.1/thumb/v7e-m+fp/hard\libc_nano.a(libc_a-findfp.o)
 .text.__sfp_lock_acquire
                0x700069e4        0xc C:/nxp/MCUXpressoIDE_24.9.25/ide/plugins/com.nxp.mcuxpresso.tools.win32_24.9.0.202407110857/tools/bin/../lib/gcc/arm-none-eabi/13.2.1/thumb/v7e-m+fp/hard\libc_nano.a(libc_a-findfp.o)
                0x700069e4                __sfp_lock_acquire
 .text.__sfp_lock_release
                0x700069f0        0xc C:/nxp/MCUXpressoIDE_24.9.25/ide/plugins/com.nxp.mcuxpresso.tools.win32_24.9.0.202407110857/tools/bin/../lib/gcc/arm-none-eabi/13.2.1/thumb/v7e-m+fp/hard\libc_nano.a(libc_a-findfp.o)
                0x700069f0                __sfp_lock_release
 .text.__sinit  0x700069fc       0x30 C:/nxp/MCUXpressoIDE_24.9.25/ide/plugins/com.nxp.mcuxpresso.tools.win32_24.9.0.202407110857/tools/bin/../lib/gcc/arm-none-eabi/13.2.1/thumb/v7e-m+fp/hard\libc_nano.a(libc_a-findfp.o)
                0x700069fc                __sinit
 .text.__swsetup_r
                0x70006a2c       0xac C:/nxp/MCUXpressoIDE_24.9.25/ide/plugins/com.nxp.mcuxpresso.tools.win32_24.9.0.202407110857/tools/bin/../lib/gcc/arm-none-eabi/13.2.1/thumb/v7e-m+fp/hard\libc_nano.a(libc_a-wsetup.o)
                0x70006a2c                __swsetup_r
 .text._close_r
                0x70006ad8       0x20 C:/nxp/MCUXpressoIDE_24.9.25/ide/plugins/com.nxp.mcuxpresso.tools.win32_24.9.0.202407110857/tools/bin/../lib/gcc/arm-none-eabi/13.2.1/thumb/v7e-m+fp/hard\libc_nano.a(libc_a-closer.o)
                0x70006ad8                _close_r
 .text._lseek_r
                0x70006af8       0x24 C:/nxp/MCUXpressoIDE_24.9.25/ide/plugins/com.nxp.mcuxpresso.tools.win32_24.9.0.202407110857/tools/bin/../lib/gcc/arm-none-eabi/13.2.1/thumb/v7e-m+fp/hard\libc_nano.a(libc_a-lseekr.o)
                0x70006af8                _lseek_r
 .text._read_r  0x70006b1c       0x24 C:/nxp/MCUXpressoIDE_24.9.25/ide/plugins/com.nxp.mcuxpresso.tools.win32_24.9.0.202407110857/tools/bin/../lib/gcc/arm-none-eabi/13.2.1/thumb/v7e-m+fp/hard\libc_nano.a(libc_a-readr.o)
                0x70006b1c                _read_r
 .text._write_r
                0x70006b40       0x24 C:/nxp/MCUXpressoIDE_24.9.25/ide/plugins/com.nxp.mcuxpresso.tools.win32_24.9.0.202407110857/tools/bin/../lib/gcc/arm-none-eabi/13.2.1/thumb/v7e-m+fp/hard\libc_nano.a(libc_a-writer.o)
                0x70006b40                _write_r
 .text.__sflush_r
                0x70006b64      0x108 C:/nxp/MCUXpressoIDE_24.9.25/ide/plugins/com.nxp.mcuxpresso.tools.win32_24.9.0.202407110857/tools/bin/../lib/gcc/arm-none-eabi/13.2.1/thumb/v7e-m+fp/hard\libc_nano.a(libc_a-fflush.o)
                0x70006b64                __sflush_r
 .text._fstat_r
                0x70006c6c       0x24 C:/nxp/MCUXpressoIDE_24.9.25/ide/plugins/com.nxp.mcuxpresso.tools.win32_24.9.0.202407110857/tools/bin/../lib/gcc/arm-none-eabi/13.2.1/thumb/v7e-m+fp/hard\libc_nano.a(libc_a-fstatr.o)
                0x70006c6c                _fstat_r
 .text._isatty_r
                0x70006c90       0x20 C:/nxp/MCUXpressoIDE_24.9.25/ide/plugins/com.nxp.mcuxpresso.tools.win32_24.9.0.202407110857/tools/bin/../lib/gcc/arm-none-eabi/13.2.1/thumb/v7e-m+fp/hard\libc_nano.a(libc_a-isattyr.o)
                0x70006c90                _isatty_r
 .text._sbrk    0x70006cb0       0x3c C:/nxp/MCUXpressoIDE_24.9.25/ide/plugins/com.nxp.mcuxpresso.tools.win32_24.9.0.202407110857/tools/bin/../lib/gcc/arm-none-eabi/13.2.1/../../../../arm-none-eabi/lib/thumb/v7e-m+fp/hard\libcr_newlib_semihost.a(_cr_sbrk.o)
                0x70006cb0                _sbrk
 .text.initialise_monitor_handles.part.0
                0x70006cec       0xa4 C:/nxp/MCUXpressoIDE_24.9.25/ide/plugins/com.nxp.mcuxpresso.tools.win32_24.9.0.202407110857/tools/bin/../lib/gcc/arm-none-eabi/13.2.1/../../../../arm-none-eabi/lib/thumb/v7e-m+fp/hard\libcr_newlib_semihost.a(syscalls.o)
 .text.findslot
                0x70006d90       0x30 C:/nxp/MCUXpressoIDE_24.9.25/ide/plugins/com.nxp.mcuxpresso.tools.win32_24.9.0.202407110857/tools/bin/../lib/gcc/arm-none-eabi/13.2.1/../../../../arm-none-eabi/lib/thumb/v7e-m+fp/hard\libcr_newlib_semihost.a(syscalls.o)
 .text._close   0x70006dc0       0x4c C:/nxp/MCUXpressoIDE_24.9.25/ide/plugins/com.nxp.mcuxpresso.tools.win32_24.9.0.202407110857/tools/bin/../lib/gcc/arm-none-eabi/13.2.1/../../../../arm-none-eabi/lib/thumb/v7e-m+fp/hard\libcr_newlib_semihost.a(syscalls.o)
                0x70006dc0                _close
 .text.__check_heap_overflow
                0x70006e0c       0x18 C:/nxp/MCUXpressoIDE_24.9.25/ide/plugins/com.nxp.mcuxpresso.tools.win32_24.9.0.202407110857/tools/bin/../lib/gcc/arm-none-eabi/13.2.1/../../../../arm-none-eabi/lib/thumb/v7e-m+fp/hard\libcr_newlib_semihost.a(_cr_check_heap.o)
                0x70006e0c                __check_heap_overflow
 .text.register_tm_clones
                0x70006e24       0x24 C:/nxp/MCUXpressoIDE_24.9.25/ide/plugins/com.nxp.mcuxpresso.tools.win32_24.9.0.202407110857/tools/bin/../lib/gcc/arm-none-eabi/13.2.1/thumb/v7e-m+fp/hard\crtbegin.o
 .text.frame_dummy
                0x70006e48       0x24 C:/nxp/MCUXpressoIDE_24.9.25/ide/plugins/com.nxp.mcuxpresso.tools.win32_24.9.0.202407110857/tools/bin/../lib/gcc/arm-none-eabi/13.2.1/thumb/v7e-m+fp/hard\crtbegin.o
 .text          0x70006e6c      0x378 C:/nxp/MCUXpressoIDE_24.9.25/ide/plugins/com.nxp.mcuxpresso.tools.win32_24.9.0.202407110857/tools/bin/../lib/gcc/arm-none-eabi/13.2.1/thumb/v7e-m+fp/hard\libgcc.a(_arm_addsubdf3.o)
                0x70006e6c                __aeabi_drsub
                0x70006e74                __aeabi_dsub
                0x70006e74                __subdf3
                0x70006e78                __aeabi_dadd
                0x70006e78                __adddf3
                0x700070f0                __floatunsidf
                0x700070f0                __aeabi_ui2d
                0x70007110                __floatsidf
                0x70007110                __aeabi_i2d
                0x70007134                __aeabi_f2d
                0x70007134                __extendsfdf2
                0x70007178                __floatundidf
                0x70007178                __aeabi_ul2d
                0x70007188                __floatdidf
                0x70007188                __aeabi_l2d
 .text          0x700071e4      0x424 C:/nxp/MCUXpressoIDE_24.9.25/ide/plugins/com.nxp.mcuxpresso.tools.win32_24.9.0.202407110857/tools/bin/../lib/gcc/arm-none-eabi/13.2.1/thumb/v7e-m+fp/hard\libgcc.a(_arm_muldivdf3.o)
                0x700071e4                __aeabi_dmul
                0x700071e4                __muldf3
                0x70007438                __divdf3
                0x70007438                __aeabi_ddiv
 .text          0x70007608      0x110 C:/nxp/MCUXpressoIDE_24.9.25/ide/plugins/com.nxp.mcuxpresso.tools.win32_24.9.0.202407110857/tools/bin/../lib/gcc/arm-none-eabi/13.2.1/thumb/v7e-m+fp/hard\libgcc.a(_arm_cmpdf2.o)
                0x70007608                __gtdf2
                0x70007608                __gedf2
                0x70007610                __ltdf2
                0x70007610                __ledf2
                0x70007618                __nedf2
                0x70007618                __eqdf2
                0x70007618                __cmpdf2
                0x70007694                __aeabi_cdrcmple
                0x700076a4                __aeabi_cdcmpeq
                0x700076a4                __aeabi_cdcmple
                0x700076b4                __aeabi_dcmpeq
                0x700076c8                __aeabi_dcmplt
                0x700076dc                __aeabi_dcmple
                0x700076f0                __aeabi_dcmpge
                0x70007704                __aeabi_dcmpgt
 .text          0x70007718       0x2c C:/nxp/MCUXpressoIDE_24.9.25/ide/plugins/com.nxp.mcuxpresso.tools.win32_24.9.0.202407110857/tools/bin/../lib/gcc/arm-none-eabi/13.2.1/thumb/v7e-m+fp/hard\libgcc.a(_arm_unorddf2.o)
                0x70007718                __unorddf2
                0x70007718                __aeabi_dcmpun
 .text          0x70007744       0x50 C:/nxp/MCUXpressoIDE_24.9.25/ide/plugins/com.nxp.mcuxpresso.tools.win32_24.9.0.202407110857/tools/bin/../lib/gcc/arm-none-eabi/13.2.1/thumb/v7e-m+fp/hard\libgcc.a(_arm_fixdfsi.o)
                0x70007744                __aeabi_d2iz
                0x70007744                __fixdfsi
 .text.fsl_assert_hook
                0x70007794       0x1a ./utilities/fsl_assert.o
                0x70007794                fsl_assert_hook
 .text.DMA0_DMA16_IRQHandler
                0x700077ae        0x8 ./startup/startup_mimxrt1064.o
                0x700077ae                DMA0_DMA16_IRQHandler
 .text.DMA1_DMA17_IRQHandler
                0x700077b6        0x8 ./startup/startup_mimxrt1064.o
                0x700077b6                DMA1_DMA17_IRQHandler
 .text.DMA2_DMA18_IRQHandler
                0x700077be        0x8 ./startup/startup_mimxrt1064.o
                0x700077be                DMA2_DMA18_IRQHandler
 .text.DMA3_DMA19_IRQHandler
                0x700077c6        0x8 ./startup/startup_mimxrt1064.o
                0x700077c6                DMA3_DMA19_IRQHandler
 .text.DMA4_DMA20_IRQHandler
                0x700077ce        0x8 ./startup/startup_mimxrt1064.o
                0x700077ce                DMA4_DMA20_IRQHandler
 .text.DMA5_DMA21_IRQHandler
                0x700077d6        0x8 ./startup/startup_mimxrt1064.o
                0x700077d6                DMA5_DMA21_IRQHandler
 .text.DMA6_DMA22_IRQHandler
                0x700077de        0x8 ./startup/startup_mimxrt1064.o
                0x700077de                DMA6_DMA22_IRQHandler
 .text.DMA7_DMA23_IRQHandler
                0x700077e6        0x8 ./startup/startup_mimxrt1064.o
                0x700077e6                DMA7_DMA23_IRQHandler
 .text.DMA8_DMA24_IRQHandler
                0x700077ee        0x8 ./startup/startup_mimxrt1064.o
                0x700077ee                DMA8_DMA24_IRQHandler
 .text.DMA9_DMA25_IRQHandler
                0x700077f6        0x8 ./startup/startup_mimxrt1064.o
                0x700077f6                DMA9_DMA25_IRQHandler
 .text.DMA10_DMA26_IRQHandler
                0x700077fe        0x8 ./startup/startup_mimxrt1064.o
                0x700077fe                DMA10_DMA26_IRQHandler
 .text.DMA11_DMA27_IRQHandler
                0x70007806        0x8 ./startup/startup_mimxrt1064.o
                0x70007806                DMA11_DMA27_IRQHandler
 .text.DMA12_DMA28_IRQHandler
                0x7000780e        0x8 ./startup/startup_mimxrt1064.o
                0x7000780e                DMA12_DMA28_IRQHandler
 .text.DMA13_DMA29_IRQHandler
                0x70007816        0x8 ./startup/startup_mimxrt1064.o
                0x70007816                DMA13_DMA29_IRQHandler
 .text.DMA14_DMA30_IRQHandler
                0x7000781e        0x8 ./startup/startup_mimxrt1064.o
                0x7000781e                DMA14_DMA30_IRQHandler
 .text.DMA15_DMA31_IRQHandler
                0x70007826        0x8 ./startup/startup_mimxrt1064.o
                0x70007826                DMA15_DMA31_IRQHandler
 .text.DMA_ERROR_IRQHandler
                0x7000782e        0x8 ./startup/startup_mimxrt1064.o
                0x7000782e                DMA_ERROR_IRQHandler
 .text.CTI0_ERROR_IRQHandler
                0x70007836        0x8 ./startup/startup_mimxrt1064.o
                0x70007836                CTI0_ERROR_IRQHandler
 .text.CTI1_ERROR_IRQHandler
                0x7000783e        0x8 ./startup/startup_mimxrt1064.o
                0x7000783e                CTI1_ERROR_IRQHandler
 .text.CORE_IRQHandler
                0x70007846        0x8 ./startup/startup_mimxrt1064.o
                0x70007846                CORE_IRQHandler
 .text.LPUART1_IRQHandler
                0x7000784e        0x8 ./startup/startup_mimxrt1064.o
                0x7000784e                LPUART1_IRQHandler
 .text.LPUART2_IRQHandler
                0x70007856        0x8 ./startup/startup_mimxrt1064.o
                0x70007856                LPUART2_IRQHandler
 .text.LPUART3_IRQHandler
                0x7000785e        0x8 ./startup/startup_mimxrt1064.o
                0x7000785e                LPUART3_IRQHandler
 .text.LPUART4_IRQHandler
                0x70007866        0x8 ./startup/startup_mimxrt1064.o
                0x70007866                LPUART4_IRQHandler
 .text.LPUART5_IRQHandler
                0x7000786e        0x8 ./startup/startup_mimxrt1064.o
                0x7000786e                LPUART5_IRQHandler
 .text.LPUART6_IRQHandler
                0x70007876        0x8 ./startup/startup_mimxrt1064.o
                0x70007876                LPUART6_IRQHandler
 .text.LPUART7_IRQHandler
                0x7000787e        0x8 ./startup/startup_mimxrt1064.o
                0x7000787e                LPUART7_IRQHandler
 .text.LPUART8_IRQHandler
                0x70007886        0x8 ./startup/startup_mimxrt1064.o
                0x70007886                LPUART8_IRQHandler
 .text.LPI2C1_IRQHandler
                0x7000788e        0x8 ./startup/startup_mimxrt1064.o
                0x7000788e                LPI2C1_IRQHandler
 .text.LPI2C2_IRQHandler
                0x70007896        0x8 ./startup/startup_mimxrt1064.o
                0x70007896                LPI2C2_IRQHandler
 .text.LPI2C3_IRQHandler
                0x7000789e        0x8 ./startup/startup_mimxrt1064.o
                0x7000789e                LPI2C3_IRQHandler
 .text.LPI2C4_IRQHandler
                0x700078a6        0x8 ./startup/startup_mimxrt1064.o
                0x700078a6                LPI2C4_IRQHandler
 .text.LPSPI1_IRQHandler
                0x700078ae        0x8 ./startup/startup_mimxrt1064.o
                0x700078ae                LPSPI1_IRQHandler
 .text.LPSPI2_IRQHandler
                0x700078b6        0x8 ./startup/startup_mimxrt1064.o
                0x700078b6                LPSPI2_IRQHandler
 .text.LPSPI3_IRQHandler
                0x700078be        0x8 ./startup/startup_mimxrt1064.o
                0x700078be                LPSPI3_IRQHandler
 .text.LPSPI4_IRQHandler
                0x700078c6        0x8 ./startup/startup_mimxrt1064.o
                0x700078c6                LPSPI4_IRQHandler
 .text.CAN1_IRQHandler
                0x700078ce        0x8 ./startup/startup_mimxrt1064.o
                0x700078ce                CAN1_IRQHandler
 .text.CAN2_IRQHandler
                0x700078d6        0x8 ./startup/startup_mimxrt1064.o
                0x700078d6                CAN2_IRQHandler
 .text.FLEXRAM_IRQHandler
                0x700078de        0x8 ./startup/startup_mimxrt1064.o
                0x700078de                FLEXRAM_IRQHandler
 .text.KPP_IRQHandler
                0x700078e6        0x8 ./startup/startup_mimxrt1064.o
                0x700078e6                KPP_IRQHandler
 .text.TSC_DIG_IRQHandler
                0x700078ee        0x8 ./startup/startup_mimxrt1064.o
                0x700078ee                TSC_DIG_IRQHandler
 .text.GPR_IRQ_IRQHandler
                0x700078f6        0x8 ./startup/startup_mimxrt1064.o
                0x700078f6                GPR_IRQ_IRQHandler
 .text.LCDIF_IRQHandler
                0x700078fe        0x8 ./startup/startup_mimxrt1064.o
                0x700078fe                LCDIF_IRQHandler
 .text.CSI_IRQHandler
                0x70007906        0x8 ./startup/startup_mimxrt1064.o
                0x70007906                CSI_IRQHandler
 .text.PXP_IRQHandler
                0x7000790e        0x8 ./startup/startup_mimxrt1064.o
                0x7000790e                PXP_IRQHandler
 .text.WDOG2_IRQHandler
                0x70007916        0x8 ./startup/startup_mimxrt1064.o
                0x70007916                WDOG2_IRQHandler
 .text.SNVS_HP_WRAPPER_IRQHandler
                0x7000791e        0x8 ./startup/startup_mimxrt1064.o
                0x7000791e                SNVS_HP_WRAPPER_IRQHandler
 .text.SNVS_HP_WRAPPER_TZ_IRQHandler
                0x70007926        0x8 ./startup/startup_mimxrt1064.o
                0x70007926                SNVS_HP_WRAPPER_TZ_IRQHandler
 .text.SNVS_LP_WRAPPER_IRQHandler
                0x7000792e        0x8 ./startup/startup_mimxrt1064.o
                0x7000792e                SNVS_LP_WRAPPER_IRQHandler
 .text.CSU_IRQHandler
                0x70007936        0x8 ./startup/startup_mimxrt1064.o
                0x70007936                CSU_IRQHandler
 .text.DCP_IRQHandler
                0x7000793e        0x8 ./startup/startup_mimxrt1064.o
                0x7000793e                DCP_IRQHandler
 .text.DCP_VMI_IRQHandler
                0x70007946        0x8 ./startup/startup_mimxrt1064.o
                0x70007946                DCP_VMI_IRQHandler
 .text.Reserved68_IRQHandler
                0x7000794e        0x8 ./startup/startup_mimxrt1064.o
                0x7000794e                Reserved68_IRQHandler
 .text.TRNG_IRQHandler
                0x70007956        0x8 ./startup/startup_mimxrt1064.o
                0x70007956                TRNG_IRQHandler
 .text.SJC_IRQHandler
                0x7000795e        0x8 ./startup/startup_mimxrt1064.o
                0x7000795e                SJC_IRQHandler
 .text.BEE_IRQHandler
                0x70007966        0x8 ./startup/startup_mimxrt1064.o
                0x70007966                BEE_IRQHandler
 .text.SAI1_IRQHandler
                0x7000796e        0x8 ./startup/startup_mimxrt1064.o
                0x7000796e                SAI1_IRQHandler
 .text.SAI2_IRQHandler
                0x70007976        0x8 ./startup/startup_mimxrt1064.o
                0x70007976                SAI2_IRQHandler
 .text.SAI3_RX_IRQHandler
                0x7000797e        0x8 ./startup/startup_mimxrt1064.o
                0x7000797e                SAI3_RX_IRQHandler
 .text.SAI3_TX_IRQHandler
                0x70007986        0x8 ./startup/startup_mimxrt1064.o
                0x70007986                SAI3_TX_IRQHandler
 .text.SPDIF_IRQHandler
                0x7000798e        0x8 ./startup/startup_mimxrt1064.o
                0x7000798e                SPDIF_IRQHandler
 .text.PMU_EVENT_IRQHandler
                0x70007996        0x8 ./startup/startup_mimxrt1064.o
                0x70007996                PMU_EVENT_IRQHandler
 .text.Reserved78_IRQHandler
                0x7000799e        0x8 ./startup/startup_mimxrt1064.o
                0x7000799e                Reserved78_IRQHandler
 .text.TEMP_LOW_HIGH_IRQHandler
                0x700079a6        0x8 ./startup/startup_mimxrt1064.o
                0x700079a6                TEMP_LOW_HIGH_IRQHandler
 .text.TEMP_PANIC_IRQHandler
                0x700079ae        0x8 ./startup/startup_mimxrt1064.o
                0x700079ae                TEMP_PANIC_IRQHandler
 .text.USB_PHY1_IRQHandler
                0x700079b6        0x8 ./startup/startup_mimxrt1064.o
                0x700079b6                USB_PHY1_IRQHandler
 .text.USB_PHY2_IRQHandler
                0x700079be        0x8 ./startup/startup_mimxrt1064.o
                0x700079be                USB_PHY2_IRQHandler
 .text.ADC1_IRQHandler
                0x700079c6        0x8 ./startup/startup_mimxrt1064.o
                0x700079c6                ADC1_IRQHandler
 .text.ADC2_IRQHandler
                0x700079ce        0x8 ./startup/startup_mimxrt1064.o
                0x700079ce                ADC2_IRQHandler
 .text.DCDC_IRQHandler
                0x700079d6        0x8 ./startup/startup_mimxrt1064.o
                0x700079d6                DCDC_IRQHandler
 .text.Reserved86_IRQHandler
                0x700079de        0x8 ./startup/startup_mimxrt1064.o
                0x700079de                Reserved86_IRQHandler
 .text.GPIO10_IRQHandler
                0x700079e6        0x8 ./startup/startup_mimxrt1064.o
                0x700079e6                GPIO10_IRQHandler
 .text.GPIO1_INT0_IRQHandler
                0x700079ee        0x8 ./startup/startup_mimxrt1064.o
                0x700079ee                GPIO1_INT0_IRQHandler
 .text.GPIO1_INT1_IRQHandler
                0x700079f6        0x8 ./startup/startup_mimxrt1064.o
                0x700079f6                GPIO1_INT1_IRQHandler
 .text.GPIO1_INT2_IRQHandler
                0x700079fe        0x8 ./startup/startup_mimxrt1064.o
                0x700079fe                GPIO1_INT2_IRQHandler
 .text.GPIO1_INT3_IRQHandler
                0x70007a06        0x8 ./startup/startup_mimxrt1064.o
                0x70007a06                GPIO1_INT3_IRQHandler
 .text.GPIO1_INT4_IRQHandler
                0x70007a0e        0x8 ./startup/startup_mimxrt1064.o
                0x70007a0e                GPIO1_INT4_IRQHandler
 .text.GPIO1_INT5_IRQHandler
                0x70007a16        0x8 ./startup/startup_mimxrt1064.o
                0x70007a16                GPIO1_INT5_IRQHandler
 .text.GPIO1_INT6_IRQHandler
                0x70007a1e        0x8 ./startup/startup_mimxrt1064.o
                0x70007a1e                GPIO1_INT6_IRQHandler
 .text.GPIO1_INT7_IRQHandler
                0x70007a26        0x8 ./startup/startup_mimxrt1064.o
                0x70007a26                GPIO1_INT7_IRQHandler
 .text.GPIO1_Combined_0_15_IRQHandler
                0x70007a2e        0x8 ./startup/startup_mimxrt1064.o
                0x70007a2e                GPIO1_Combined_0_15_IRQHandler
 .text.GPIO1_Combined_16_31_IRQHandler
                0x70007a36        0x8 ./startup/startup_mimxrt1064.o
                0x70007a36                GPIO1_Combined_16_31_IRQHandler
 .text.GPIO2_Combined_0_15_IRQHandler
                0x70007a3e        0x8 ./startup/startup_mimxrt1064.o
                0x70007a3e                GPIO2_Combined_0_15_IRQHandler
 .text.GPIO2_Combined_16_31_IRQHandler
                0x70007a46        0x8 ./startup/startup_mimxrt1064.o
                0x70007a46                GPIO2_Combined_16_31_IRQHandler
 .text.GPIO3_Combined_0_15_IRQHandler
                0x70007a4e        0x8 ./startup/startup_mimxrt1064.o
                0x70007a4e                GPIO3_Combined_0_15_IRQHandler
 .text.GPIO3_Combined_16_31_IRQHandler
                0x70007a56        0x8 ./startup/startup_mimxrt1064.o
                0x70007a56                GPIO3_Combined_16_31_IRQHandler
 .text.GPIO4_Combined_0_15_IRQHandler
                0x70007a5e        0x8 ./startup/startup_mimxrt1064.o
                0x70007a5e                GPIO4_Combined_0_15_IRQHandler
 .text.GPIO4_Combined_16_31_IRQHandler
                0x70007a66        0x8 ./startup/startup_mimxrt1064.o
                0x70007a66                GPIO4_Combined_16_31_IRQHandler
 .text.GPIO5_Combined_0_15_IRQHandler
                0x70007a6e        0x8 ./startup/startup_mimxrt1064.o
                0x70007a6e                GPIO5_Combined_0_15_IRQHandler
 .text.GPIO5_Combined_16_31_IRQHandler
                0x70007a76        0x8 ./startup/startup_mimxrt1064.o
                0x70007a76                GPIO5_Combined_16_31_IRQHandler
 .text.FLEXIO1_IRQHandler
                0x70007a7e        0x8 ./startup/startup_mimxrt1064.o
                0x70007a7e                FLEXIO1_IRQHandler
 .text.FLEXIO2_IRQHandler
                0x70007a86        0x8 ./startup/startup_mimxrt1064.o
                0x70007a86                FLEXIO2_IRQHandler
 .text.WDOG1_IRQHandler
                0x70007a8e        0x8 ./startup/startup_mimxrt1064.o
                0x70007a8e                WDOG1_IRQHandler
 .text.RTWDOG_IRQHandler
                0x70007a96        0x8 ./startup/startup_mimxrt1064.o
                0x70007a96                RTWDOG_IRQHandler
 .text.EWM_IRQHandler
                0x70007a9e        0x8 ./startup/startup_mimxrt1064.o
                0x70007a9e                EWM_IRQHandler
 .text.CCM_1_IRQHandler
                0x70007aa6        0x8 ./startup/startup_mimxrt1064.o
                0x70007aa6                CCM_1_IRQHandler
 .text.CCM_2_IRQHandler
                0x70007aae        0x8 ./startup/startup_mimxrt1064.o
                0x70007aae                CCM_2_IRQHandler
 .text.GPC_IRQHandler
                0x70007ab6        0x8 ./startup/startup_mimxrt1064.o
                0x70007ab6                GPC_IRQHandler
 .text.SRC_IRQHandler
                0x70007abe        0x8 ./startup/startup_mimxrt1064.o
                0x70007abe                SRC_IRQHandler
 .text.Reserved115_IRQHandler
                0x70007ac6        0x8 ./startup/startup_mimxrt1064.o
                0x70007ac6                Reserved115_IRQHandler
 .text.GPT1_IRQHandler
                0x70007ace        0x8 ./startup/startup_mimxrt1064.o
                0x70007ace                GPT1_IRQHandler
 .text.GPT2_IRQHandler
                0x70007ad6        0x8 ./startup/startup_mimxrt1064.o
                0x70007ad6                GPT2_IRQHandler
 .text.PWM1_0_IRQHandler
                0x70007ade        0x8 ./startup/startup_mimxrt1064.o
                0x70007ade                PWM1_0_IRQHandler
 .text.PWM1_1_IRQHandler
                0x70007ae6        0x8 ./startup/startup_mimxrt1064.o
                0x70007ae6                PWM1_1_IRQHandler
 .text.PWM1_2_IRQHandler
                0x70007aee        0x8 ./startup/startup_mimxrt1064.o
                0x70007aee                PWM1_2_IRQHandler
 .text.PWM1_3_IRQHandler
                0x70007af6        0x8 ./startup/startup_mimxrt1064.o
                0x70007af6                PWM1_3_IRQHandler
 .text.PWM1_FAULT_IRQHandler
                0x70007afe        0x8 ./startup/startup_mimxrt1064.o
                0x70007afe                PWM1_FAULT_IRQHandler
 .text.FLEXSPI2_IRQHandler
                0x70007b06        0x8 ./startup/startup_mimxrt1064.o
                0x70007b06                FLEXSPI2_IRQHandler
 .text.FLEXSPI_IRQHandler
                0x70007b0e        0x8 ./startup/startup_mimxrt1064.o
                0x70007b0e                FLEXSPI_IRQHandler
 .text.SEMC_IRQHandler
                0x70007b16        0x8 ./startup/startup_mimxrt1064.o
                0x70007b16                SEMC_IRQHandler
 .text.USDHC1_IRQHandler
                0x70007b1e        0x8 ./startup/startup_mimxrt1064.o
                0x70007b1e                USDHC1_IRQHandler
 .text.USDHC2_IRQHandler
                0x70007b26        0x8 ./startup/startup_mimxrt1064.o
                0x70007b26                USDHC2_IRQHandler
 .text.USB_OTG2_IRQHandler
                0x70007b2e        0x8 ./startup/startup_mimxrt1064.o
                0x70007b2e                USB_OTG2_IRQHandler
 .text.USB_OTG1_IRQHandler
                0x70007b36        0x8 ./startup/startup_mimxrt1064.o
                0x70007b36                USB_OTG1_IRQHandler
 .text.ENET_IRQHandler
                0x70007b3e        0x8 ./startup/startup_mimxrt1064.o
                0x70007b3e                ENET_IRQHandler
 .text.ENET_1588_Timer_IRQHandler
                0x70007b46        0x8 ./startup/startup_mimxrt1064.o
                0x70007b46                ENET_1588_Timer_IRQHandler
 .text.XBAR1_IRQ_0_1_IRQHandler
                0x70007b4e        0x8 ./startup/startup_mimxrt1064.o
                0x70007b4e                XBAR1_IRQ_0_1_IRQHandler
 .text.XBAR1_IRQ_2_3_IRQHandler
                0x70007b56        0x8 ./startup/startup_mimxrt1064.o
                0x70007b56                XBAR1_IRQ_2_3_IRQHandler
 .text.ADC_ETC_IRQ0_IRQHandler
                0x70007b5e        0x8 ./startup/startup_mimxrt1064.o
                0x70007b5e                ADC_ETC_IRQ0_IRQHandler
 .text.ADC_ETC_IRQ1_IRQHandler
                0x70007b66        0x8 ./startup/startup_mimxrt1064.o
                0x70007b66                ADC_ETC_IRQ1_IRQHandler
 .text.ADC_ETC_IRQ2_IRQHandler
                0x70007b6e        0x8 ./startup/startup_mimxrt1064.o
                0x70007b6e                ADC_ETC_IRQ2_IRQHandler
 .text.ADC_ETC_ERROR_IRQ_IRQHandler
                0x70007b76        0x8 ./startup/startup_mimxrt1064.o
                0x70007b76                ADC_ETC_ERROR_IRQ_IRQHandler
 .text.PIT_IRQHandler
                0x70007b7e        0x8 ./startup/startup_mimxrt1064.o
                0x70007b7e                PIT_IRQHandler
 .text.ACMP1_IRQHandler
                0x70007b86        0x8 ./startup/startup_mimxrt1064.o
                0x70007b86                ACMP1_IRQHandler
 .text.ACMP2_IRQHandler
                0x70007b8e        0x8 ./startup/startup_mimxrt1064.o
                0x70007b8e                ACMP2_IRQHandler
 .text.ACMP3_IRQHandler
                0x70007b96        0x8 ./startup/startup_mimxrt1064.o
                0x70007b96                ACMP3_IRQHandler
 .text.ACMP4_IRQHandler
                0x70007b9e        0x8 ./startup/startup_mimxrt1064.o
                0x70007b9e                ACMP4_IRQHandler
 .text.Reserved143_IRQHandler
                0x70007ba6        0x8 ./startup/startup_mimxrt1064.o
                0x70007ba6                Reserved143_IRQHandler
 .text.Reserved144_IRQHandler
                0x70007bae        0x8 ./startup/startup_mimxrt1064.o
                0x70007bae                Reserved144_IRQHandler
 .text.ENC1_IRQHandler
                0x70007bb6        0x8 ./startup/startup_mimxrt1064.o
                0x70007bb6                ENC1_IRQHandler
 .text.ENC2_IRQHandler
                0x70007bbe        0x8 ./startup/startup_mimxrt1064.o
                0x70007bbe                ENC2_IRQHandler
 .text.ENC3_IRQHandler
                0x70007bc6        0x8 ./startup/startup_mimxrt1064.o
                0x70007bc6                ENC3_IRQHandler
 .text.ENC4_IRQHandler
                0x70007bce        0x8 ./startup/startup_mimxrt1064.o
                0x70007bce                ENC4_IRQHandler
 .text.TMR1_IRQHandler
                0x70007bd6        0x8 ./startup/startup_mimxrt1064.o
                0x70007bd6                TMR1_IRQHandler
 .text.TMR2_IRQHandler
                0x70007bde        0x8 ./startup/startup_mimxrt1064.o
                0x70007bde                TMR2_IRQHandler
 .text.TMR3_IRQHandler
                0x70007be6        0x8 ./startup/startup_mimxrt1064.o
                0x70007be6                TMR3_IRQHandler
 .text.TMR4_IRQHandler
                0x70007bee        0x8 ./startup/startup_mimxrt1064.o
                0x70007bee                TMR4_IRQHandler
 .text.PWM2_0_IRQHandler
                0x70007bf6        0x8 ./startup/startup_mimxrt1064.o
                0x70007bf6                PWM2_0_IRQHandler
 .text.PWM2_1_IRQHandler
                0x70007bfe        0x8 ./startup/startup_mimxrt1064.o
                0x70007bfe                PWM2_1_IRQHandler
 .text.PWM2_2_IRQHandler
                0x70007c06        0x8 ./startup/startup_mimxrt1064.o
                0x70007c06                PWM2_2_IRQHandler
 .text.PWM2_3_IRQHandler
                0x70007c0e        0x8 ./startup/startup_mimxrt1064.o
                0x70007c0e                PWM2_3_IRQHandler
 .text.PWM2_FAULT_IRQHandler
                0x70007c16        0x8 ./startup/startup_mimxrt1064.o
                0x70007c16                PWM2_FAULT_IRQHandler
 .text.PWM3_0_IRQHandler
                0x70007c1e        0x8 ./startup/startup_mimxrt1064.o
                0x70007c1e                PWM3_0_IRQHandler
 .text.PWM3_1_IRQHandler
                0x70007c26        0x8 ./startup/startup_mimxrt1064.o
                0x70007c26                PWM3_1_IRQHandler
 .text.PWM3_2_IRQHandler
                0x70007c2e        0x8 ./startup/startup_mimxrt1064.o
                0x70007c2e                PWM3_2_IRQHandler
 .text.PWM3_3_IRQHandler
                0x70007c36        0x8 ./startup/startup_mimxrt1064.o
                0x70007c36                PWM3_3_IRQHandler
 .text.PWM3_FAULT_IRQHandler
                0x70007c3e        0x8 ./startup/startup_mimxrt1064.o
                0x70007c3e                PWM3_FAULT_IRQHandler
 .text.PWM4_0_IRQHandler
                0x70007c46        0x8 ./startup/startup_mimxrt1064.o
                0x70007c46                PWM4_0_IRQHandler
 .text.PWM4_1_IRQHandler
                0x70007c4e        0x8 ./startup/startup_mimxrt1064.o
                0x70007c4e                PWM4_1_IRQHandler
 .text.PWM4_2_IRQHandler
                0x70007c56        0x8 ./startup/startup_mimxrt1064.o
                0x70007c56                PWM4_2_IRQHandler
 .text.PWM4_3_IRQHandler
                0x70007c5e        0x8 ./startup/startup_mimxrt1064.o
                0x70007c5e                PWM4_3_IRQHandler
 .text.PWM4_FAULT_IRQHandler
                0x70007c66        0x8 ./startup/startup_mimxrt1064.o
                0x70007c66                PWM4_FAULT_IRQHandler
 .text.ENET2_IRQHandler
                0x70007c6e        0x8 ./startup/startup_mimxrt1064.o
                0x70007c6e                ENET2_IRQHandler
 .text.ENET2_1588_Timer_IRQHandler
                0x70007c76        0x8 ./startup/startup_mimxrt1064.o
                0x70007c76                ENET2_1588_Timer_IRQHandler
 .text.CAN3_IRQHandler
                0x70007c7e        0x8 ./startup/startup_mimxrt1064.o
                0x70007c7e                CAN3_IRQHandler
 .text.Reserved171_IRQHandler
                0x70007c86        0x8 ./startup/startup_mimxrt1064.o
                0x70007c86                Reserved171_IRQHandler
 .text.FLEXIO3_IRQHandler
                0x70007c8e        0x8 ./startup/startup_mimxrt1064.o
                0x70007c8e                FLEXIO3_IRQHandler
 .text.GPIO6_7_8_9_IRQHandler
                0x70007c96        0x8 ./startup/startup_mimxrt1064.o
                0x70007c96                GPIO6_7_8_9_IRQHandler
 .text.HardFault_Handler
                0x70007c9e       0x36 ./source/semihost_hardfault.o
                0x70007c9e                HardFault_Handler
 .text.CLOCK_IsPllBypassed
                0x70007cd4       0x32 ./drivers/fsl_clock.o
 .text.CLOCK_IsPllEnabled
                0x70007d06       0x3c ./drivers/fsl_clock.o
 .text.CLOCK_GetPllBypassRefClk
                0x70007d42       0x32 ./drivers/fsl_clock.o
 .text._SDK_AtomicLocalClearAndSet4Byte
                0x70007d74       0x50 ./drivers/fsl_lpuart.o
 .text.CLOCK_EnableClock
                0x70007dc4       0x1e ./drivers/fsl_lpuart.o
 .text.LPUART_SoftwareReset
                0x70007de2       0x2c ./drivers/fsl_lpuart.o
 .text.SystemInitHook
                0x70007e0e        0xe ./device/system_MIMXRT1064.o
                0x70007e0e                SystemInitHook
 .text.HAL_UartGetStatus
                0x70007e1c       0x28 ./component/uart/fsl_adapter_lpuart.o
 .text.DisableGlobalIRQ
                0x70007e44       0x22 ./component/serial_manager/fsl_component_serial_manager.o
 .text.EnableGlobalIRQ
                0x70007e66       0x20 ./component/serial_manager/fsl_component_serial_manager.o
 .text.SerialManager_Init
                0x70007e86       0x60 ./component/serial_manager/fsl_component_serial_manager.o
                0x70007e86                SerialManager_Init
 .text.SerialManager_OpenWriteHandle
                0x70007ee6       0x50 ./component/serial_manager/fsl_component_serial_manager.o
                0x70007ee6                SerialManager_OpenWriteHandle
 .text.SerialManager_OpenReadHandle
                0x70007f36       0x60 ./component/serial_manager/fsl_component_serial_manager.o
                0x70007f36                SerialManager_OpenReadHandle
 .text.Serial_UartInit
                0x70007f96       0x3e ./component/serial_manager/fsl_component_serial_port_uart.o
                0x70007f96                Serial_UartInit
 .text.BOARD_InitDebugConsole
                0x70007fd4       0x22 ./board/board.o
                0x70007fd4                BOARD_InitDebugConsole
 .text._SDK_AtomicLocalClearAndSet4Byte
                0x70007ff6       0x50 ./board/clock_config.o
 .text.CLOCK_DisableClock
                0x70008046       0x1e ./board/clock_config.o
 .text.CLOCK_SetPllBypass
                0x70008064       0x4e ./board/clock_config.o
 .text.IOMUXC_SetSaiMClkClockSource
                0x700080b2       0x6c ./board/clock_config.o
 .text.BOARD_InitBootClocks
                0x7000811e        0xc ./board/clock_config.o
                0x7000811e                BOARD_InitBootClocks
 .text.BOARD_InitPeripherals
                0x7000812a        0xe ./board/peripherals.o
                0x7000812a                BOARD_InitPeripherals
 .text.BOARD_InitBootPeripherals
                0x70008138        0xc ./board/peripherals.o
                0x70008138                BOARD_InitBootPeripherals
 .text._SDK_AtomicLocalClearAndSet4Byte
                0x70008144       0x50 ./board/pin_mux.o
 .text.CLOCK_EnableClock
                0x70008194       0x1e ./board/pin_mux.o
 .text.IOMUXC_SetPinMux
                0x700081b2       0x3a ./board/pin_mux.o
 .text.IOMUXC_SetPinConfig
                0x700081ec       0x26 ./board/pin_mux.o
 .text.BOARD_InitBootPins
                0x70008212       0x10 ./board/pin_mux.o
                0x70008212                BOARD_InitBootPins
 .text.BOARD_InitPins
                0x70008222        0xe ./board/pin_mux.o
                0x70008222                BOARD_InitPins
 .text.__cvt    0x70008230       0xca C:/nxp/MCUXpressoIDE_24.9.25/ide/plugins/com.nxp.mcuxpresso.tools.win32_24.9.0.202407110857/tools/bin/../lib/gcc/arm-none-eabi/13.2.1/thumb/v7e-m+fp/hard\libc_nano.a(libc_a-nano-vfprintf_float.o)
                0x70008230                __cvt
 .text.__exponent
                0x700082fa       0x74 C:/nxp/MCUXpressoIDE_24.9.25/ide/plugins/com.nxp.mcuxpresso.tools.win32_24.9.0.202407110857/tools/bin/../lib/gcc/arm-none-eabi/13.2.1/thumb/v7e-m+fp/hard\libc_nano.a(libc_a-nano-vfprintf_float.o)
                0x700082fa                __exponent
 .text._printf_common
                0x7000836e       0xda C:/nxp/MCUXpressoIDE_24.9.25/ide/plugins/com.nxp.mcuxpresso.tools.win32_24.9.0.202407110857/tools/bin/../lib/gcc/arm-none-eabi/13.2.1/thumb/v7e-m+fp/hard\libc_nano.a(libc_a-nano-vfprintf_i.o)
                0x7000836e                _printf_common
 .text.memset   0x70008448       0x10 C:/nxp/MCUXpressoIDE_24.9.25/ide/plugins/com.nxp.mcuxpresso.tools.win32_24.9.0.202407110857/tools/bin/../lib/gcc/arm-none-eabi/13.2.1/thumb/v7e-m+fp/hard\libc_nano.a(libc_a-memset.o)
                0x70008448                memset
 .text.__retarget_lock_init_recursive
                0x70008458        0x2 C:/nxp/MCUXpressoIDE_24.9.25/ide/plugins/com.nxp.mcuxpresso.tools.win32_24.9.0.202407110857/tools/bin/../lib/gcc/arm-none-eabi/13.2.1/thumb/v7e-m+fp/hard\libc_nano.a(libc_a-lock.o)
                0x70008458                __retarget_lock_init_recursive
 .text.__retarget_lock_acquire_recursive
                0x7000845a        0x2 C:/nxp/MCUXpressoIDE_24.9.25/ide/plugins/com.nxp.mcuxpresso.tools.win32_24.9.0.202407110857/tools/bin/../lib/gcc/arm-none-eabi/13.2.1/thumb/v7e-m+fp/hard\libc_nano.a(libc_a-lock.o)
                0x7000845a                __retarget_lock_acquire_recursive
 .text.__retarget_lock_release_recursive
                0x7000845c        0x2 C:/nxp/MCUXpressoIDE_24.9.25/ide/plugins/com.nxp.mcuxpresso.tools.win32_24.9.0.202407110857/tools/bin/../lib/gcc/arm-none-eabi/13.2.1/thumb/v7e-m+fp/hard\libc_nano.a(libc_a-lock.o)
                0x7000845c                __retarget_lock_release_recursive
 .text.memcpy   0x7000845e       0x1c C:/nxp/MCUXpressoIDE_24.9.25/ide/plugins/com.nxp.mcuxpresso.tools.win32_24.9.0.202407110857/tools/bin/../lib/gcc/arm-none-eabi/13.2.1/thumb/v7e-m+fp/hard\libc_nano.a(libc_a-memcpy-stub.o)
                0x7000845e                memcpy
 .text          0x7000847a       0x10 C:/nxp/MCUXpressoIDE_24.9.25/ide/plugins/com.nxp.mcuxpresso.tools.win32_24.9.0.202407110857/tools/bin/../lib/gcc/arm-none-eabi/13.2.1/thumb/v7e-m+fp/hard\libc_nano.a(libc_a-strlen.o)
                0x7000847a                strlen
 .text.quorem   0x7000848a      0x110 C:/nxp/MCUXpressoIDE_24.9.25/ide/plugins/com.nxp.mcuxpresso.tools.win32_24.9.0.202407110857/tools/bin/../lib/gcc/arm-none-eabi/13.2.1/thumb/v7e-m+fp/hard\libc_nano.a(libc_a-dtoa.o)
 .text.__hi0bits
                0x7000859a       0x3e C:/nxp/MCUXpressoIDE_24.9.25/ide/plugins/com.nxp.mcuxpresso.tools.win32_24.9.0.202407110857/tools/bin/../lib/gcc/arm-none-eabi/13.2.1/thumb/v7e-m+fp/hard\libc_nano.a(libc_a-mprec.o)
                0x7000859a                __hi0bits
 .text.__lo0bits
                0x700085d8       0x5a C:/nxp/MCUXpressoIDE_24.9.25/ide/plugins/com.nxp.mcuxpresso.tools.win32_24.9.0.202407110857/tools/bin/../lib/gcc/arm-none-eabi/13.2.1/thumb/v7e-m+fp/hard\libc_nano.a(libc_a-mprec.o)
                0x700085d8                __lo0bits
 .text.__mcmp   0x70008632       0x36 C:/nxp/MCUXpressoIDE_24.9.25/ide/plugins/com.nxp.mcuxpresso.tools.win32_24.9.0.202407110857/tools/bin/../lib/gcc/arm-none-eabi/13.2.1/thumb/v7e-m+fp/hard\libc_nano.a(libc_a-mprec.o)
                0x70008632                __mcmp
 .text.__sfputc_r
                0x70008668       0x2e C:/nxp/MCUXpressoIDE_24.9.25/ide/plugins/com.nxp.mcuxpresso.tools.win32_24.9.0.202407110857/tools/bin/../lib/gcc/arm-none-eabi/13.2.1/thumb/v7e-m+fp/hard\libc_nano.a(libc_a-nano-vfprintf.o)
 .text.__sfputs_r
                0x70008696       0x24 C:/nxp/MCUXpressoIDE_24.9.25/ide/plugins/com.nxp.mcuxpresso.tools.win32_24.9.0.202407110857/tools/bin/../lib/gcc/arm-none-eabi/13.2.1/thumb/v7e-m+fp/hard\libc_nano.a(libc_a-nano-vfprintf.o)
                0x70008696                __sfputs_r
 .text._fwalk_sglue
                0x700086ba       0x3c C:/nxp/MCUXpressoIDE_24.9.25/ide/plugins/com.nxp.mcuxpresso.tools.win32_24.9.0.202407110857/tools/bin/../lib/gcc/arm-none-eabi/13.2.1/thumb/v7e-m+fp/hard\libc_nano.a(libc_a-fwalk.o)
                0x700086ba                _fwalk_sglue
 .text.__sread  0x700086f6       0x22 C:/nxp/MCUXpressoIDE_24.9.25/ide/plugins/com.nxp.mcuxpresso.tools.win32_24.9.0.202407110857/tools/bin/../lib/gcc/arm-none-eabi/13.2.1/thumb/v7e-m+fp/hard\libc_nano.a(libc_a-stdio.o)
                0x700086f6                __sread
 .text.__swrite
                0x70008718       0x38 C:/nxp/MCUXpressoIDE_24.9.25/ide/plugins/com.nxp.mcuxpresso.tools.win32_24.9.0.202407110857/tools/bin/../lib/gcc/arm-none-eabi/13.2.1/thumb/v7e-m+fp/hard\libc_nano.a(libc_a-stdio.o)
                0x70008718                __swrite
 .text.__sseek  0x70008750       0x24 C:/nxp/MCUXpressoIDE_24.9.25/ide/plugins/com.nxp.mcuxpresso.tools.win32_24.9.0.202407110857/tools/bin/../lib/gcc/arm-none-eabi/13.2.1/thumb/v7e-m+fp/hard\libc_nano.a(libc_a-stdio.o)
                0x70008750                __sseek
 .text.__sclose
                0x70008774        0x8 C:/nxp/MCUXpressoIDE_24.9.25/ide/plugins/com.nxp.mcuxpresso.tools.win32_24.9.0.202407110857/tools/bin/../lib/gcc/arm-none-eabi/13.2.1/thumb/v7e-m+fp/hard\libc_nano.a(libc_a-stdio.o)
                0x70008774                __sclose
 .text.__swbuf_r
                0x7000877c       0x7c C:/nxp/MCUXpressoIDE_24.9.25/ide/plugins/com.nxp.mcuxpresso.tools.win32_24.9.0.202407110857/tools/bin/../lib/gcc/arm-none-eabi/13.2.1/thumb/v7e-m+fp/hard\libc_nano.a(libc_a-wbuf.o)
                0x7000877c                __swbuf_r
 .text._calloc_r
                0x700087f8       0x28 C:/nxp/MCUXpressoIDE_24.9.25/ide/plugins/com.nxp.mcuxpresso.tools.win32_24.9.0.202407110857/tools/bin/../lib/gcc/arm-none-eabi/13.2.1/thumb/v7e-m+fp/hard\libc_nano.a(libc_a-callocr.o)
                0x700087f8                _calloc_r
 .text.__ascii_mbtowc
                0x70008820       0x24 C:/nxp/MCUXpressoIDE_24.9.25/ide/plugins/com.nxp.mcuxpresso.tools.win32_24.9.0.202407110857/tools/bin/../lib/gcc/arm-none-eabi/13.2.1/thumb/v7e-m+fp/hard\libc_nano.a(libc_a-mbtowc_r.o)
                0x70008820                __ascii_mbtowc
 .text.__ascii_wctomb
                0x70008844       0x1a C:/nxp/MCUXpressoIDE_24.9.25/ide/plugins/com.nxp.mcuxpresso.tools.win32_24.9.0.202407110857/tools/bin/../lib/gcc/arm-none-eabi/13.2.1/thumb/v7e-m+fp/hard\libc_nano.a(libc_a-wctomb_r.o)
                0x70008844                __ascii_wctomb
 .text._fflush_r
                0x7000885e       0x50 C:/nxp/MCUXpressoIDE_24.9.25/ide/plugins/com.nxp.mcuxpresso.tools.win32_24.9.0.202407110857/tools/bin/../lib/gcc/arm-none-eabi/13.2.1/thumb/v7e-m+fp/hard\libc_nano.a(libc_a-fflush.o)
                0x7000885e                _fflush_r
 .text.__swhatbuf_r
                0x700088ae       0x4c C:/nxp/MCUXpressoIDE_24.9.25/ide/plugins/com.nxp.mcuxpresso.tools.win32_24.9.0.202407110857/tools/bin/../lib/gcc/arm-none-eabi/13.2.1/thumb/v7e-m+fp/hard\libc_nano.a(libc_a-makebuf.o)
                0x700088ae                __swhatbuf_r
 .text.__smakebuf_r
                0x700088fa       0x78 C:/nxp/MCUXpressoIDE_24.9.25/ide/plugins/com.nxp.mcuxpresso.tools.win32_24.9.0.202407110857/tools/bin/../lib/gcc/arm-none-eabi/13.2.1/thumb/v7e-m+fp/hard\libc_nano.a(libc_a-makebuf.o)
                0x700088fa                __smakebuf_r
 .text.error    0x70008972       0x1c C:/nxp/MCUXpressoIDE_24.9.25/ide/plugins/com.nxp.mcuxpresso.tools.win32_24.9.0.202407110857/tools/bin/../lib/gcc/arm-none-eabi/13.2.1/../../../../arm-none-eabi/lib/thumb/v7e-m+fp/hard\libcr_newlib_semihost.a(syscalls.o)
 .text.checkerror
                0x7000898e        0xa C:/nxp/MCUXpressoIDE_24.9.25/ide/plugins/com.nxp.mcuxpresso.tools.win32_24.9.0.202407110857/tools/bin/../lib/gcc/arm-none-eabi/13.2.1/../../../../arm-none-eabi/lib/thumb/v7e-m+fp/hard\libcr_newlib_semihost.a(syscalls.o)
 .text._swiread
                0x70008998       0x20 C:/nxp/MCUXpressoIDE_24.9.25/ide/plugins/com.nxp.mcuxpresso.tools.win32_24.9.0.202407110857/tools/bin/../lib/gcc/arm-none-eabi/13.2.1/../../../../arm-none-eabi/lib/thumb/v7e-m+fp/hard\libcr_newlib_semihost.a(syscalls.o)
                0x70008998                _swiread
 .text._read    0x700089b8       0x34 C:/nxp/MCUXpressoIDE_24.9.25/ide/plugins/com.nxp.mcuxpresso.tools.win32_24.9.0.202407110857/tools/bin/../lib/gcc/arm-none-eabi/13.2.1/../../../../arm-none-eabi/lib/thumb/v7e-m+fp/hard\libcr_newlib_semihost.a(syscalls.o)
                0x700089b8                _read
 .text._swilseek
                0x700089ec       0x78 C:/nxp/MCUXpressoIDE_24.9.25/ide/plugins/com.nxp.mcuxpresso.tools.win32_24.9.0.202407110857/tools/bin/../lib/gcc/arm-none-eabi/13.2.1/../../../../arm-none-eabi/lib/thumb/v7e-m+fp/hard\libcr_newlib_semihost.a(syscalls.o)
                0x700089ec                _swilseek
 .text._lseek   0x70008a64        0x4 C:/nxp/MCUXpressoIDE_24.9.25/ide/plugins/com.nxp.mcuxpresso.tools.win32_24.9.0.202407110857/tools/bin/../lib/gcc/arm-none-eabi/13.2.1/../../../../arm-none-eabi/lib/thumb/v7e-m+fp/hard\libcr_newlib_semihost.a(syscalls.o)
                0x70008a64                _lseek
 .text._swiwrite
                0x70008a68       0x20 C:/nxp/MCUXpressoIDE_24.9.25/ide/plugins/com.nxp.mcuxpresso.tools.win32_24.9.0.202407110857/tools/bin/../lib/gcc/arm-none-eabi/13.2.1/../../../../arm-none-eabi/lib/thumb/v7e-m+fp/hard\libcr_newlib_semihost.a(syscalls.o)
                0x70008a68                _swiwrite
 .text._write   0x70008a88       0x40 C:/nxp/MCUXpressoIDE_24.9.25/ide/plugins/com.nxp.mcuxpresso.tools.win32_24.9.0.202407110857/tools/bin/../lib/gcc/arm-none-eabi/13.2.1/../../../../arm-none-eabi/lib/thumb/v7e-m+fp/hard\libcr_newlib_semihost.a(syscalls.o)
                0x70008a88                _write
 .text._swiclose
                0x70008ac8       0x1a C:/nxp/MCUXpressoIDE_24.9.25/ide/plugins/com.nxp.mcuxpresso.tools.win32_24.9.0.202407110857/tools/bin/../lib/gcc/arm-none-eabi/13.2.1/../../../../arm-none-eabi/lib/thumb/v7e-m+fp/hard\libcr_newlib_semihost.a(syscalls.o)
                0x70008ac8                _swiclose
 .text._swistat
                0x70008ae2       0x42 C:/nxp/MCUXpressoIDE_24.9.25/ide/plugins/com.nxp.mcuxpresso.tools.win32_24.9.0.202407110857/tools/bin/../lib/gcc/arm-none-eabi/13.2.1/../../../../arm-none-eabi/lib/thumb/v7e-m+fp/hard\libcr_newlib_semihost.a(syscalls.o)
                0x70008ae2                _swistat
 .text._fstat   0x70008b24       0x1c C:/nxp/MCUXpressoIDE_24.9.25/ide/plugins/com.nxp.mcuxpresso.tools.win32_24.9.0.202407110857/tools/bin/../lib/gcc/arm-none-eabi/13.2.1/../../../../arm-none-eabi/lib/thumb/v7e-m+fp/hard\libcr_newlib_semihost.a(syscalls.o)
                0x70008b24                _fstat
 .text._isatty  0x70008b40       0x2a C:/nxp/MCUXpressoIDE_24.9.25/ide/plugins/com.nxp.mcuxpresso.tools.win32_24.9.0.202407110857/tools/bin/../lib/gcc/arm-none-eabi/13.2.1/../../../../arm-none-eabi/lib/thumb/v7e-m+fp/hard\libcr_newlib_semihost.a(syscalls.o)
                0x70008b40                _isatty
 *freertos*/tasks.o(SORT_BY_ALIGNMENT(.rodata*))
 *fill*         0x70008b6a        0x2 ff
 .rodata.uxTopUsedPriority
                0x70008b6c        0x4 ./freertos/freertos-kernel/tasks.o
 .rodata.prvCreateIdleTasks.str1.4
                0x70008b70        0x5 ./freertos/freertos-kernel/tasks.o
 *(SORT_BY_ALIGNMENT(.rodata) SORT_BY_ALIGNMENT(.rodata.*) SORT_BY_ALIGNMENT(.constdata) SORT_BY_ALIGNMENT(.constdata.*))
 .rodata.__mprec_bigtens
                0x70008b70       0x28 C:/nxp/MCUXpressoIDE_24.9.25/ide/plugins/com.nxp.mcuxpresso.tools.win32_24.9.0.202407110857/tools/bin/../lib/gcc/arm-none-eabi/13.2.1/thumb/v7e-m+fp/hard\libc_nano.a(libc_a-mprec.o)
                0x70008b70                __mprec_bigtens
 .rodata.__mprec_tens
                0x70008b98       0xc8 C:/nxp/MCUXpressoIDE_24.9.25/ide/plugins/com.nxp.mcuxpresso.tools.win32_24.9.0.202407110857/tools/bin/../lib/gcc/arm-none-eabi/13.2.1/thumb/v7e-m+fp/hard\libc_nano.a(libc_a-mprec.o)
                0x70008b98                __mprec_tens
 .rodata.__assert_func.str1.4
                0x70008c60      0x319 ./utilities/fsl_assert.o
                                 0x3e (size before relaxing)
 .rodata.main.str1.4
                0x70008f79        0xe ./source/MIMXRT1064_Project.o
 .rodata.CLOCK_InitExternalClk.str1.4
                0x70008f79       0x1c ./drivers/fsl_clock.o
 .rodata.CLOCK_GetPllFreq.str1.4
                0x70008f79        0x6 ./drivers/fsl_clock.o
 *fill*         0x70008f79        0x3 ff
 .rodata.__func__.8
                0x70008f7c       0x16 ./drivers/fsl_clock.o
 *fill*         0x70008f92        0x2 ff
 .rodata.__func__.2
                0x70008f94       0x11 ./drivers/fsl_clock.o
 *fill*         0x70008fa5        0x3 ff
 .rodata.enetRefClkFreq.1
                0x70008fa8       0x10 ./drivers/fsl_clock.o
 .rodata.CLOCK_ControlGate.str1.4
                0x70008fb8       0x1c ./drivers/fsl_lpuart.o
 .rodata.s_lpuartBases
                0x70008fb8       0x24 ./drivers/fsl_lpuart.o
 .rodata.s_lpuartClock
                0x70008fdc       0x12 ./drivers/fsl_lpuart.o
 .rodata.LPUART_GetInstance.str1.4
                0x70008fee       0x35 ./drivers/fsl_lpuart.o
 .rodata.LPUART_Init.str1.4
                0x70008fee       0xbb ./drivers/fsl_lpuart.o
 *fill*         0x70008fee        0x2 ff
 .rodata.__func__.26
                0x70008ff0       0x13 ./drivers/fsl_lpuart.o
 *fill*         0x70009003        0x1 ff
 .rodata.__func__.19
                0x70009004        0xc ./drivers/fsl_lpuart.o
 .rodata.__func__.18
                0x70009010       0x12 ./drivers/fsl_lpuart.o
 *fill*         0x70009022        0x2 ff
 .rodata.__func__.17
                0x70009024       0x18 ./drivers/fsl_lpuart.o
 .rodata.s_LpuartAdapterBase
                0x7000903c       0x24 ./component/uart/fsl_adapter_lpuart.o
 .rodata.HAL_UartInit.str1.4
                0x70009060       0xbf ./component/uart/fsl_adapter_lpuart.o
 .rodata.__func__.4
                0x70009060        0xd ./component/uart/fsl_adapter_lpuart.o
 .rodata.BOARD_ConfigMPU.str1.4
                0x7000906d       0x43 ./board/board.o
 *fill*         0x7000906d        0x3 ff
 .rodata.__func__.0
                0x70009070       0x10 ./board/board.o
 .rodata.CLOCK_SetMux.str1.4
                0x70009080       0x85 ./board/clock_config.o
 .rodata.CLOCK_ControlGate.str1.4
                0x70009080        0xd ./board/clock_config.o
 .rodata.armPllConfig_BOARD_BootClockRUN
                0x70009080        0x8 ./board/clock_config.o
                0x70009080                armPllConfig_BOARD_BootClockRUN
 .rodata.sysPllConfig_BOARD_BootClockRUN
                0x70009088       0x14 ./board/clock_config.o
                0x70009088                sysPllConfig_BOARD_BootClockRUN
 .rodata.__func__.2
                0x7000909c       0x12 ./board/clock_config.o
 *fill*         0x700090ae        0x2 ff
 .rodata.__func__.1
                0x700090b0        0xd ./board/clock_config.o
 *fill*         0x700090bd        0x3 ff
 .rodata.__func__.0
                0x700090c0        0xd ./board/clock_config.o
 .rodata.CLOCK_ControlGate.str1.4
                0x700090cd       0x75 ./board/pin_mux.o
 *fill*         0x700090cd        0x3 ff
 .rodata.__func__.0
                0x700090d0       0x12 ./board/pin_mux.o
 *fill*         0x700090e2        0x2 ff
 .rodata.p05.0  0x700090e4        0xc C:/nxp/MCUXpressoIDE_24.9.25/ide/plugins/com.nxp.mcuxpresso.tools.win32_24.9.0.202407110857/tools/bin/../lib/gcc/arm-none-eabi/13.2.1/thumb/v7e-m+fp/hard\libc_nano.a(libc_a-mprec.o)
 .rodata._ctype_
                0x700090f0      0x101 C:/nxp/MCUXpressoIDE_24.9.25/ide/plugins/com.nxp.mcuxpresso.tools.win32_24.9.0.202407110857/tools/bin/../lib/gcc/arm-none-eabi/13.2.1/thumb/v7e-m+fp/hard\libc_nano.a(libc_a-ctype_.o)
                0x700090f0                _ctype_
 .rodata._printf_float.str1.1
                0x700091f1      0x13b C:/nxp/MCUXpressoIDE_24.9.25/ide/plugins/com.nxp.mcuxpresso.tools.win32_24.9.0.202407110857/tools/bin/../lib/gcc/arm-none-eabi/13.2.1/thumb/v7e-m+fp/hard\libc_nano.a(libc_a-nano-vfprintf_float.o)
                                 0x12 (size before relaxing)
 .rodata._printf_i.str1.1
                0x7000932c       0x22 C:/nxp/MCUXpressoIDE_24.9.25/ide/plugins/com.nxp.mcuxpresso.tools.win32_24.9.0.202407110857/tools/bin/../lib/gcc/arm-none-eabi/13.2.1/thumb/v7e-m+fp/hard\libc_nano.a(libc_a-nano-vfprintf_i.o)
 .rodata._dtoa_r.str1.1
                0x7000932c       0x90 C:/nxp/MCUXpressoIDE_24.9.25/ide/plugins/com.nxp.mcuxpresso.tools.win32_24.9.0.202407110857/tools/bin/../lib/gcc/arm-none-eabi/13.2.1/thumb/v7e-m+fp/hard\libc_nano.a(libc_a-dtoa.o)
 .rodata._Balloc.str1.1
                0x7000932c       0x71 C:/nxp/MCUXpressoIDE_24.9.25/ide/plugins/com.nxp.mcuxpresso.tools.win32_24.9.0.202407110857/tools/bin/../lib/gcc/arm-none-eabi/13.2.1/thumb/v7e-m+fp/hard\libc_nano.a(libc_a-mprec.o)
 .rodata.__multadd.str1.1
                0x7000932c       0x11 C:/nxp/MCUXpressoIDE_24.9.25/ide/plugins/com.nxp.mcuxpresso.tools.win32_24.9.0.202407110857/tools/bin/../lib/gcc/arm-none-eabi/13.2.1/thumb/v7e-m+fp/hard\libc_nano.a(libc_a-mprec.o)
 .rodata._vfprintf_r.str1.1
                0x7000932c       0x11 C:/nxp/MCUXpressoIDE_24.9.25/ide/plugins/com.nxp.mcuxpresso.tools.win32_24.9.0.202407110857/tools/bin/../lib/gcc/arm-none-eabi/13.2.1/thumb/v7e-m+fp/hard\libc_nano.a(libc_a-nano-vfprintf.o)
 .rodata._setlocale_r.str1.1
                0x7000932c        0x9 C:/nxp/MCUXpressoIDE_24.9.25/ide/plugins/com.nxp.mcuxpresso.tools.win32_24.9.0.202407110857/tools/bin/../lib/gcc/arm-none-eabi/13.2.1/thumb/v7e-m+fp/hard\libc_nano.a(libc_a-locale.o)
 .rodata.str1.1
                0x7000932c        0x2 C:/nxp/MCUXpressoIDE_24.9.25/ide/plugins/com.nxp.mcuxpresso.tools.win32_24.9.0.202407110857/tools/bin/../lib/gcc/arm-none-eabi/13.2.1/thumb/v7e-m+fp/hard\libc_nano.a(libc_a-locale.o)
 .rodata.initialise_monitor_handles.part.0.str1.1
                0x7000932c        0x4 C:/nxp/MCUXpressoIDE_24.9.25/ide/plugins/com.nxp.mcuxpresso.tools.win32_24.9.0.202407110857/tools/bin/../lib/gcc/arm-none-eabi/13.2.1/../../../../arm-none-eabi/lib/thumb/v7e-m+fp/hard\libcr_newlib_semihost.a(syscalls.o)
                0x700093bc                        . = ALIGN (0x4)
                0x700093bc                        . = ALIGN (0x4)
 *(.init)
 .init          0x7000932c        0x4 C:/nxp/MCUXpressoIDE_24.9.25/ide/plugins/com.nxp.mcuxpresso.tools.win32_24.9.0.202407110857/tools/bin/../lib/gcc/arm-none-eabi/13.2.1/thumb/v7e-m+fp/hard\crti.o
                0x7000932c                _init
 .init          0x70009330        0x8 C:/nxp/MCUXpressoIDE_24.9.25/ide/plugins/com.nxp.mcuxpresso.tools.win32_24.9.0.202407110857/tools/bin/../lib/gcc/arm-none-eabi/13.2.1/thumb/v7e-m+fp/hard\crtn.o
                0x700093bc                        . = ALIGN (0x4)
                0x70009338                        __preinit_array_start = .
 *(SORT_BY_ALIGNMENT(.preinit_array))
                0x70009338                        __preinit_array_end = .
                0x700093bc                        . = ALIGN (0x4)
                0x70009338                        __init_array_start = .
 *(SORT_BY_NAME(SORT_BY_ALIGNMENT(.init_array.*)))
 *(SORT_BY_ALIGNMENT(.init_array))
 .init_array    0x70009338        0x4 C:/nxp/MCUXpressoIDE_24.9.25/ide/plugins/com.nxp.mcuxpresso.tools.win32_24.9.0.202407110857/tools/bin/../lib/gcc/arm-none-eabi/13.2.1/thumb/v7e-m+fp/hard\crtbegin.o
                0x7000933c                        __init_array_end = .
 *(.fini)
 .fini          0x7000933c        0x4 C:/nxp/MCUXpressoIDE_24.9.25/ide/plugins/com.nxp.mcuxpresso.tools.win32_24.9.0.202407110857/tools/bin/../lib/gcc/arm-none-eabi/13.2.1/thumb/v7e-m+fp/hard\crti.o
                0x7000933c                _fini