../utilities/fsl_debug_console.c:424:10:DbgConsole_ReadOneCharacter	24	static
../utilities/fsl_debug_console.c:496:5:DbgConsole_SendData	24	static
../utilities/fsl_debug_console.c:549:5:DbgConsole_SendDataReliable	24	static
../utilities/fsl_debug_console.c:630:5:DbgConsole_ReadLine	24	static
../utilities/fsl_debug_console.c:696:5:DbgConsole_ReadCharacter	24	static
../utilities/fsl_debug_console.c:773:10:DbgConsole_Init	56	static
../utilities/fsl_debug_console.c:944:10:DbgConsole_EnterLowpower	16	static
../utilities/fsl_debug_console.c:955:10:DbgConsole_ExitLowpower	16	static
../utilities/fsl_debug_console.c:966:10:DbgConsole_Deinit	8	static
../utilities/fsl_debug_console.c:1373:27:_write	24	static
../utilities/fsl_debug_console.c:1394:27:_read	32	static
