../fatfs/source/ff.c:619:13:ld_word	24	static
../fatfs/source/ff.c:628:14:ld_dword	24	static
../fatfs/source/ff.c:657:13:st_word	16	static
../fatfs/source/ff.c:663:13:st_dword	16	static
../fatfs/source/ff.c:693:12:dbc_1st	16	static
../fatfs/source/ff.c:713:12:dbc_2nd	16	static
../fatfs/source/ff.c:1057:16:sync_window	24	static
../fatfs/source/ff.c:1079:16:move_window	24	static
../fatfs/source/ff.c:1110:16:sync_fs	24	static
../fatfs/source/ff.c:1146:14:clst2sect	16	static
../fatfs/source/ff.c:1163:14:get_fat	32	static
../fatfs/source/ff.c:1241:16:put_fat	48	static
../fatfs/source/ff.c:1431:16:remove_chain	40	static
../fatfs/source/ff.c:1526:14:create_chain	40	static
../fatfs/source/ff.c:1660:16:dir_clear	32	static
../fatfs/source/ff.c:1699:16:dir_sdi	32	static
../fatfs/source/ff.c:1747:16:dir_next	32	static
../fatfs/source/ff.c:1808:16:dir_alloc	32	static
../fatfs/source/ff.c:1850:14:ld_clust	24	static
../fatfs/source/ff.c:1867:13:st_clust	24	static
../fatfs/source/ff.c:2308:16:dir_read	32	static
../fatfs/source/ff.c:2386:16:dir_find	32	static
../fatfs/source/ff.c:2467:16:dir_register	24	static
../fatfs/source/ff.c:2573:16:dir_remove	24	static
../fatfs/source/ff.c:2619:13:get_fileinfo	32	static
../fatfs/source/ff.c:2849:16:create_name	48	static
../fatfs/source/ff.c:3053:16:follow_path	32	static
../fatfs/source/ff.c:3140:12:get_ldnumber	40	static
../fatfs/source/ff.c:3293:13:check_fs	24	static
../fatfs/source/ff.c:3333:13:find_volume	40	static
../fatfs/source/ff.c:3387:16:mount_volume	72	static
../fatfs/source/ff.c:3615:16:validate	24	static
../fatfs/source/ff.c:3659:9:f_mount	40	static
../fatfs/source/ff.c:3719:9:f_open	104	static
../fatfs/source/ff.c:3916:9:f_read	64	static
../fatfs/source/ff.c:4016:9:f_write	56	static
../fatfs/source/ff.c:4137:9:f_sync	32	static
../fatfs/source/ff.c:4218:9:f_close	24	static
../fatfs/source/ff.c:4254:9:f_chdrive	24	static
../fatfs/source/ff.c:4271:9:f_chdir	80	static
../fatfs/source/ff.c:4333:9:f_getcwd	112	static
../fatfs/source/ff.c:4435:9:f_lseek	40	static
../fatfs/source/ff.c:4599:9:f_opendir	24	static
../fatfs/source/ff.c:4665:9:f_closedir	24	static
../fatfs/source/ff.c:4695:9:f_readdir	24	static
../fatfs/source/ff.c:4783:9:f_stat	64	static
../fatfs/source/ff.c:4818:9:f_getfree	72	static
../fatfs/source/ff.c:4914:9:f_truncate	32	static
../fatfs/source/ff.c:4964:9:f_unlink	120	static
../fatfs/source/ff.c:5058:9:f_mkdir	96	static
../fatfs/source/ff.c:5142:9:f_rename	160	static
../fatfs/source/ff.c:5744:16:create_partition	64	static
../fatfs/source/ff.c:5887:9:f_mkfs	136	static
