C:\Personal projects\Edrum\nxp\rt1064\testing_new_ide_version\MIMXRT1064_Project\CMSIS/core_cm7.h:1911:22:__NVIC_EnableIRQ	16	static
../drivers/fsl_common_arm.h:225:20:_SDK_AtomicLocalClearAndSet4Byte	48	static
../drivers/fsl_clock.h:1497:20:CLOCK_ControlGate	32	static
../drivers/fsl_clock.h:1514:20:CLOCK_EnableClock	16	static
../drivers/fsl_clock.h:1524:20:CLOCK_DisableClock	16	static
../drivers/fsl_common_arm.h:570:24:EnableIRQ	24	static
../drivers/fsl_usdhc.h:904:20:USDHC_EnableInternalDMA	16	static
../drivers/fsl_usdhc.h:952:20:USDHC_EnableInterruptSignal	16	static
../drivers/fsl_usdhc.h:963:20:USDHC_DisableInterruptSignal	16	static
../drivers/fsl_usdhc.h:981:24:USDHC_GetEnabledInterruptStatusFlags	24	static
../drivers/fsl_usdhc.h:994:24:USDHC_GetInterruptStatusFlags	16	static
../drivers/fsl_usdhc.h:1005:20:USDHC_ClearInterruptStatusFlags	16	static
../drivers/fsl_usdhc.h:1139:20:USDHC_WriteData	16	static
../drivers/fsl_usdhc.h:1152:24:USDHC_ReadData	16	static
../drivers/fsl_usdhc.c:236:17:USDHC_GetInstance	24	static
../drivers/fsl_usdhc.c:250:17:USDHC_SetTransferConfig	32	static
../drivers/fsl_usdhc.c:340:6:USDHC_SetDataConfig	32	static
../drivers/fsl_usdhc.c:361:17:USDHC_ReceiveCommandResponse	32	static
../drivers/fsl_usdhc.c:397:17:USDHC_ReadDataPort	48	static
../drivers/fsl_usdhc.c:450:17:USDHC_ReadByDataPortBlocking	32	static
../drivers/fsl_usdhc.c:523:17:USDHC_WriteDataPort	40	static
../drivers/fsl_usdhc.c:575:17:USDHC_WriteByDataPortBlocking	32	static
../drivers/fsl_usdhc.c:659:6:USDHC_SendCommand	24	static
../drivers/fsl_usdhc.c:717:17:USDHC_WaitCommandDone	32	static
../drivers/fsl_usdhc.c:749:17:USDHC_TransferDataBlocking	32	static
../drivers/fsl_usdhc.c:831:6:USDHC_Init	32	static
../drivers/fsl_usdhc.c:899:6:USDHC_Deinit	16	static
../drivers/fsl_usdhc.c:916:6:USDHC_Reset	24	static
../drivers/fsl_usdhc.c:942:6:USDHC_GetCapability	24	static
../drivers/fsl_usdhc.c:984:10:USDHC_SetSdClock	48	static
../drivers/fsl_usdhc.c:1105:6:USDHC_SetCardActive	16	static
../drivers/fsl_usdhc.c:1128:6:USDHC_EnableDDRMode	32	static
../drivers/fsl_usdhc.c:1173:6:USDHC_SetMmcBootConfig	24	static
../drivers/fsl_usdhc.c:1217:10:USDHC_SetADMA1Descriptor	56	static
../drivers/fsl_usdhc.c:1304:10:USDHC_SetADMA2Descriptor	56	static
../drivers/fsl_usdhc.c:1415:10:USDHC_SetInternalDmaConfig	24	static
../drivers/fsl_usdhc.c:1481:10:USDHC_SetAdmaTableConfig	48	static
../drivers/fsl_usdhc.c:1551:10:USDHC_TransferBlocking	56	static
../drivers/fsl_usdhc.c:1860:10:USDHC_TransferNonBlocking	56	static
../drivers/fsl_usdhc.c:1982:6:USDHC_EnableManualTuning	16	static
../drivers/fsl_usdhc.c:2007:10:USDHC_AdjustDelayForManualTuning	24	static
../drivers/fsl_usdhc.c:2039:10:USDHC_SetTuningDelay	32	static
../drivers/fsl_usdhc.c:2082:6:USDHC_EnableStandardTuning	32	static
../drivers/fsl_usdhc.c:2147:6:USDHC_EnableAutoTuningForCmdAndData	24	static
../drivers/fsl_usdhc.c:2193:13:USDHC_TransferHandleCardDetect	24	static
../drivers/fsl_usdhc.c:2211:13:USDHC_TransferHandleCommand	32	static
../drivers/fsl_usdhc.c:2303:13:USDHC_TransferHandleData	40	static
../drivers/fsl_usdhc.c:2365:13:USDHC_TransferHandleSdioInterrupt	16	static
../drivers/fsl_usdhc.c:2374:13:USDHC_TransferHandleReTuning	24	static
../drivers/fsl_usdhc.c:2385:13:USDHC_TransferHandleBlockGap	16	static
../drivers/fsl_usdhc.c:2401:6:USDHC_TransferCreateHandle	24	static
../drivers/fsl_usdhc.c:2438:6:USDHC_TransferHandleIRQ	24	static
../drivers/fsl_usdhc.c:2486:6:USDHC1_DriverIRQHandler	8	static
../drivers/fsl_usdhc.c:2495:6:USDHC2_DriverIRQHandler	8	static
