../component/osa/fsl_os_abstraction_free_rtos.c:102:18:main_task	16	static
../component/osa/fsl_os_abstraction_free_rtos.c:147:7:OSA_MemoryAllocate	24	static
../component/osa/fsl_os_abstraction_free_rtos.c:170:6:OSA_MemoryFree	16	static
../component/osa/fsl_os_abstraction_free_rtos.c:177:7:OSA_MemoryAllocateAlign	32	static
../component/osa/fsl_os_abstraction_free_rtos.c:218:6:OSA_MemoryFreeAlign	24	static
../component/osa/fsl_os_abstraction_free_rtos.c:238:6:OSA_EnterCritical	32	static
../component/osa/fsl_os_abstraction_free_rtos.c:254:6:OSA_ExitCritical	24	static
../component/osa/fsl_os_abstraction_free_rtos.c:276:6:startup_task	16	static
../component/osa/fsl_os_abstraction_free_rtos.c:459:6:OSA_TimeDelay	16	static
../component/osa/fsl_os_abstraction_free_rtos.c:469:10:OSA_TimeGetMsec	40	static
../component/osa/fsl_os_abstraction_free_rtos.c:493:14:OSA_SemaphorePrecreate	16	static
../component/osa/fsl_os_abstraction_free_rtos.c:507:14:OSA_SemaphoreCreate	24	static
../component/osa/fsl_os_abstraction_free_rtos.c:543:14:OSA_SemaphoreCreateBinary	24	static
../component/osa/fsl_os_abstraction_free_rtos.c:579:14:OSA_SemaphoreDestroy	24	static
../component/osa/fsl_os_abstraction_free_rtos.c:601:14:OSA_SemaphoreWait	24	static
../component/osa/fsl_os_abstraction_free_rtos.c:636:14:OSA_SemaphorePost	32	static
../component/osa/fsl_os_abstraction_free_rtos.c:677:14:OSA_MutexCreate	24	static
../component/osa/fsl_os_abstraction_free_rtos.c:716:14:OSA_MutexLock	24	static
../component/osa/fsl_os_abstraction_free_rtos.c:748:14:OSA_MutexUnlock	24	static
../component/osa/fsl_os_abstraction_free_rtos.c:770:14:OSA_MutexDestroy	24	static
../component/osa/fsl_os_abstraction_free_rtos.c:787:14:OSA_EventPrecreate	16	static
../component/osa/fsl_os_abstraction_free_rtos.c:801:14:OSA_EventCreate	24	static
../component/osa/fsl_os_abstraction_free_rtos.c:836:14:OSA_EventSet	32	static
../component/osa/fsl_os_abstraction_free_rtos.c:874:14:OSA_EventClear	24	static
../component/osa/fsl_os_abstraction_free_rtos.c:908:14:OSA_EventGet	40	static
../component/osa/fsl_os_abstraction_free_rtos.c:953:14:OSA_EventWait	48	static
../component/osa/fsl_os_abstraction_free_rtos.c:1011:14:OSA_EventDestroy	24	static
../component/osa/fsl_os_abstraction_free_rtos.c:1032:14:OSA_MsgQCreate	32	static
../component/osa/fsl_os_abstraction_free_rtos.c:1072:14:OSA_MsgQPut	32	static
../component/osa/fsl_os_abstraction_free_rtos.c:1112:14:OSA_MsgQGet	40	static
../component/osa/fsl_os_abstraction_free_rtos.c:1146:5:OSA_MsgQAvailableMsgs	24	static
../component/osa/fsl_os_abstraction_free_rtos.c:1161:14:OSA_MsgQDestroy	24	static
../component/osa/fsl_os_abstraction_free_rtos.c:1176:6:OSA_InterruptEnable	16	static
../component/osa/fsl_os_abstraction_free_rtos.c:1202:6:OSA_InterruptDisable	24	static
../component/osa/fsl_os_abstraction_free_rtos.c:1224:6:OSA_EnableIRQGlobal	4	static
../component/osa/fsl_os_abstraction_free_rtos.c:1244:6:OSA_DisableIRQGlobal	4	static
../component/osa/fsl_os_abstraction_free_rtos.c:1260:6:OSA_DisableScheduler	8	static
../component/osa/fsl_os_abstraction_free_rtos.c:1272:6:OSA_EnableScheduler	8	static
../component/osa/fsl_os_abstraction_free_rtos.c:1283:6:OSA_InstallIntHandler	16	static
