C:\Personal projects\Edrum\nxp\rt1064\testing_new_ide_version\MIMXRT1064_Project\drivers/fsl_usdhc.h:930:20:USDHC_EnableInterruptStatus	16	static
C:\Personal projects\Edrum\nxp\rt1064\testing_new_ide_version\MIMXRT1064_Project\drivers/fsl_usdhc.h:941:20:USDHC_DisableInterruptStatus	16	static
C:\Personal projects\Edrum\nxp\rt1064\testing_new_ide_version\MIMXRT1064_Project\drivers/fsl_usdhc.h:952:20:USDHC_EnableInterruptSignal	16	static
C:\Personal projects\Edrum\nxp\rt1064\testing_new_ide_version\MIMXRT1064_Project\drivers/fsl_usdhc.h:963:20:USDHC_DisableInterruptSignal	16	static
C:\Personal projects\Edrum\nxp\rt1064\testing_new_ide_version\MIMXRT1064_Project\drivers/fsl_usdhc.h:994:24:USDHC_GetInterruptStatusFlags	16	static
C:\Personal projects\Edrum\nxp\rt1064\testing_new_ide_version\MIMXRT1064_Project\drivers/fsl_usdhc.h:1005:20:USDHC_ClearInterruptStatusFlags	16	static
C:\Personal projects\Edrum\nxp\rt1064\testing_new_ide_version\MIMXRT1064_Project\drivers/fsl_usdhc.h:1027:24:USDHC_GetAdmaErrorStatusFlags	16	static
C:\Personal projects\Edrum\nxp\rt1064\testing_new_ide_version\MIMXRT1064_Project\drivers/fsl_usdhc.h:1040:24:USDHC_GetPresentStatusFlags	16	static
C:\Personal projects\Edrum\nxp\rt1064\testing_new_ide_version\MIMXRT1064_Project\drivers/fsl_usdhc.h:1066:20:USDHC_ForceClockOn	16	static
C:\Personal projects\Edrum\nxp\rt1064\testing_new_ide_version\MIMXRT1064_Project\drivers/fsl_usdhc.h:1126:20:USDHC_SetDataBusWidth	16	static
C:\Personal projects\Edrum\nxp\rt1064\testing_new_ide_version\MIMXRT1064_Project\drivers/fsl_usdhc.h:1190:20:USDHC_CardDetectByData3	16	static
C:\Personal projects\Edrum\nxp\rt1064\testing_new_ide_version\MIMXRT1064_Project\drivers/fsl_usdhc.h:1285:20:USDHC_EnableMmcBoot	16	static
C:\Personal projects\Edrum\nxp\rt1064\testing_new_ide_version\MIMXRT1064_Project\drivers/fsl_usdhc.h:1315:20:UDSHC_SelectVoltage	16	static
C:\Personal projects\Edrum\nxp\rt1064\testing_new_ide_version\MIMXRT1064_Project\drivers/fsl_usdhc.h:1356:20:USDHC_EnableAutoTuning	16	static
C:\Personal projects\Edrum\nxp\rt1064\testing_new_ide_version\MIMXRT1064_Project\drivers/fsl_usdhc.h:1406:24:USDHC_GetTuningDelayStatus	16	static
C:\Personal projects\Edrum\nxp\rt1064\testing_new_ide_version\MIMXRT1064_Project\drivers/fsl_usdhc.h:1440:20:USDHC_SetStandardTuningCounter	16	static
C:\Personal projects\Edrum\nxp\rt1064\testing_new_ide_version\MIMXRT1064_Project\drivers/fsl_usdhc.h:1463:24:USDHC_GetExecuteStdTuningStatus	16	static
C:\Personal projects\Edrum\nxp\rt1064\testing_new_ide_version\MIMXRT1064_Project\drivers/fsl_usdhc.h:1473:24:USDHC_CheckStdTuningResult	16	static
C:\Personal projects\Edrum\nxp\rt1064\testing_new_ide_version\MIMXRT1064_Project\drivers/fsl_usdhc.h:1483:24:USDHC_CheckTuningError	16	static
../sdmmc/host/fsl_sdmmc_host.h:278:20:SDMMCHOST_EnableCardInt	16	static
../sdmmc/host/fsl_sdmmc_host.c:80:13:SDMMCHOST_DetectCardInsertByHost	24	static
../sdmmc/host/fsl_sdmmc_host.c:112:13:SDMMCHOST_DetectCardRemoveByHost	24	static
../sdmmc/host/fsl_sdmmc_host.c:145:13:SDMMCHOST_CardInterrupt	24	static
../sdmmc/host/fsl_sdmmc_host.c:160:10:SDMMCHOST_CardIntInit	16	static
../sdmmc/host/fsl_sdmmc_host.c:169:10:SDMMCHOST_CardDetectInit	24	static
../sdmmc/host/fsl_sdmmc_host.c:204:10:SDMMCHOST_CardDetectStatus	24	static
../sdmmc/host/fsl_sdmmc_host.c:243:10:SDMMCHOST_PollingCardDetectStatus	32	static
../sdmmc/host/fsl_sdmmc_host.c:303:6:SDMMCHOST_ConvertDataToLittleEndian	56	static
../sdmmc/host/fsl_sdmmc_host.c:339:13:SDMMCHOST_TransferCompleteCallback	32	static
../sdmmc/host/fsl_sdmmc_host.c:381:10:SDMMCHOST_TransferFunction	40	static
../sdmmc/host/fsl_sdmmc_host.c:584:13:SDMMCHOST_ErrorRecovery	24	static
../sdmmc/host/fsl_sdmmc_host.c:603:6:SDMMCHOST_SetCardPower	16	static
../sdmmc/host/fsl_sdmmc_host.c:608:6:SDMMCHOST_SetCardBusWidth	16	static
../sdmmc/host/fsl_sdmmc_host.c:617:10:SDMMCHOST_Init	56	static
../sdmmc/host/fsl_sdmmc_host.c:701:6:SDMMCHOST_Reset	24	static
../sdmmc/host/fsl_sdmmc_host.c:733:6:SDMMCHOST_Deinit	24	static
../sdmmc/host/fsl_sdmmc_host.c:743:6:SDMMCHOST_SwitchToVoltage	16	static
../sdmmc/host/fsl_sdmmc_host.c:758:17:SDMMCHOST_ExecuteStdTuning	96	static
../sdmmc/host/fsl_sdmmc_host.c:833:17:SDMMC_CheckTuningResult	56	static
../sdmmc/host/fsl_sdmmc_host.c:879:17:SDMMCHOST_ExecuteManualTuning	128	static
../sdmmc/host/fsl_sdmmc_host.c:965:10:SDMMCHOST_ExecuteTuning	24	static
../sdmmc/host/fsl_sdmmc_host.c:979:10:SDMMCHOST_StartBoot	56	static
../sdmmc/host/fsl_sdmmc_host.c:1008:10:SDMMCHOST_ReadBootData	96	static
